Component: ARM Compiler 6.10.1 Tool: armlink [5d142800]

==============================================================================

Removing Unused exception sections from the image.

    Removing loader_src.o(.ARM.exidx), (120 bytes).
    Removing stm32f7xx_hal_msp.o(.ARM.exidx), (16 bytes).
    Removing stm32f7xx_hal.o(.ARM.exidx), (232 bytes).
    Removing stm32f7xx_hal_cortex.o(.ARM.exidx), (256 bytes).
    Removing stm32f7xx_hal_dma.o(.ARM.exidx), (120 bytes).
    Removing stm32f7xx_hal_gpio.o(.ARM.exidx), (64 bytes).
    Removing stm32f7xx_hal_pwr.o(.ARM.exidx), (136 bytes).
    Removing stm32f7xx_hal_pwr_ex.o(.ARM.exidx), (104 bytes).
    Removing stm32f7xx_hal_qspi.o(.ARM.exidx), (248 bytes).
    Removing stm32f7xx_hal_rcc.o(.ARM.exidx), (112 bytes).
    Removing stm32f7xx_hal_rcc_ex.o(.ARM.exidx), (56 bytes).
    Removing system_stm32f7xx.o(.ARM.exidx), (16 bytes).

12 unused section(s) (total 1480 bytes) removed from the image.

==============================================================================

Image Symbol Table

    Local Symbols

    Symbol Name                              Value     Ov Type        Size  Object(Section)

    ../clib/microlib/division.c              0x00000000   Number         0  uldiv.o ABSOLUTE
    ../clib/microlib/longlong.c              0x00000000   Number         0  llushr.o ABSOLUTE
    ../clib/microlib/longlong.c              0x00000000   Number         0  llshl.o ABSOLUTE
    ../clib/microlib/string/memset.c         0x00000000   Number         0  memseta.o ABSOLUTE
    Dev_Inf.c                                0x00000000   Number         0  dev_inf.o ABSOLUTE
    Loader_Src.c                             0x00000000   Number         0  loader_src.o ABSOLUTE
    dc.s                                     0x00000000   Number         0  dc.o ABSOLUTE
    stm32f7xx_hal.c                          0x00000000   Number         0  stm32f7xx_hal.o ABSOLUTE
    stm32f7xx_hal_cortex.c                   0x00000000   Number         0  stm32f7xx_hal_cortex.o ABSOLUTE
    stm32f7xx_hal_dma.c                      0x00000000   Number         0  stm32f7xx_hal_dma.o ABSOLUTE
    stm32f7xx_hal_gpio.c                     0x00000000   Number         0  stm32f7xx_hal_gpio.o ABSOLUTE
    stm32f7xx_hal_msp.c                      0x00000000   Number         0  stm32f7xx_hal_msp.o ABSOLUTE
    stm32f7xx_hal_pwr.c                      0x00000000   Number         0  stm32f7xx_hal_pwr.o ABSOLUTE
    stm32f7xx_hal_pwr_ex.c                   0x00000000   Number         0  stm32f7xx_hal_pwr_ex.o ABSOLUTE
    stm32f7xx_hal_qspi.c                     0x00000000   Number         0  stm32f7xx_hal_qspi.o ABSOLUTE
    stm32f7xx_hal_rcc.c                      0x00000000   Number         0  stm32f7xx_hal_rcc.o ABSOLUTE
    stm32f7xx_hal_rcc_ex.c                   0x00000000   Number         0  stm32f7xx_hal_rcc_ex.o ABSOLUTE
    system_stm32f7xx.c                       0x00000000   Number         0  system_stm32f7xx.o ABSOLUTE
    [Anonymous Symbol]                       0x20000008   Section        0  loader_src.o(.text)
    QSPI_ResetMemory                         0x20000131   Thumb Code   108  loader_src.o(.text)
    QSPI_WriteEnable                         0x20000261   Thumb Code   146  loader_src.o(.text)
    QSPI_EraseSector                         0x20000339   Thumb Code   104  loader_src.o(.text)
    QSPI_WritePage                           0x200004a9   Thumb Code   116  loader_src.o(.text)
    QSPI_AutoPollingMemReady                 0x20000691   Thumb Code   110  loader_src.o(.text)
    [Anonymous Symbol]                       0x20000700   Section        0  stm32f7xx_hal_msp.o(.text)
    [Anonymous Symbol]                       0x200008a8   Section        0  stm32f7xx_hal.o(.text)
    [Anonymous Symbol]                       0x20000b90   Section        0  stm32f7xx_hal_cortex.o(.text)
    NVIC_SetPriorityGrouping                 0x20000b99   Thumb Code    32  stm32f7xx_hal_cortex.o(.text)
    NVIC_GetPriorityGrouping                 0x20000bd9   Thumb Code    16  stm32f7xx_hal_cortex.o(.text)
    NVIC_SetPriority                         0x20000be9   Thumb Code    34  stm32f7xx_hal_cortex.o(.text)
    NVIC_EncodePriority                      0x20000c11   Thumb Code    54  stm32f7xx_hal_cortex.o(.text)
    NVIC_EnableIRQ                           0x20000c51   Thumb Code    26  stm32f7xx_hal_cortex.o(.text)
    NVIC_DisableIRQ                          0x20000c79   Thumb Code    26  stm32f7xx_hal_cortex.o(.text)
    NVIC_SystemReset                         0x20000ca1   Thumb Code    36  stm32f7xx_hal_cortex.o(.text)
    SysTick_Config                           0x20000cd1   Thumb Code    48  stm32f7xx_hal_cortex.o(.text)
    NVIC_DecodePriority                      0x20000dc1   Thumb Code    64  stm32f7xx_hal_cortex.o(.text)
    NVIC_GetPriority                         0x20000e01   Thumb Code    32  stm32f7xx_hal_cortex.o(.text)
    NVIC_SetPendingIRQ                       0x20000e29   Thumb Code    26  stm32f7xx_hal_cortex.o(.text)
    NVIC_GetPendingIRQ                       0x20000e51   Thumb Code    32  stm32f7xx_hal_cortex.o(.text)
    NVIC_ClearPendingIRQ                     0x20000e79   Thumb Code    26  stm32f7xx_hal_cortex.o(.text)
    NVIC_GetActive                           0x20000ea1   Thumb Code    32  stm32f7xx_hal_cortex.o(.text)
    [Anonymous Symbol]                       0x20000ef0   Section        0  stm32f7xx_hal_dma.o(.text)
    DMA_CheckFifoParam                       0x20000fc9   Thumb Code    82  stm32f7xx_hal_dma.o(.text)
    DMA_CalcBaseAndBitshift                  0x20001021   Thumb Code    60  stm32f7xx_hal_dma.o(.text)
    DMA_CalcBaseAndBitshift.flagBitshiftOffset 0x20001054   Number         0  stm32f7xx_hal_dma.o(.text)
    DMA_SetConfig                            0x20001101   Thumb Code    46  stm32f7xx_hal_dma.o(.text)
    [Anonymous Symbol]                       0x200015d8   Section        0  stm32f7xx_hal_gpio.o(.text)
    [Anonymous Symbol]                       0x200018f8   Section        0  stm32f7xx_hal_pwr.o(.text)
    [Anonymous Symbol]                       0x20001b58   Section        0  stm32f7xx_hal_pwr_ex.o(.text)
    [Anonymous Symbol]                       0x20001ee0   Section        0  stm32f7xx_hal_qspi.o(.text)
    QSPI_WaitFlagStateUntilTimeout           0x20001fb9   Thumb Code   100  stm32f7xx_hal_qspi.o(.text)
    QSPI_Config                              0x200020d9   Thumb Code   418  stm32f7xx_hal_qspi.o(.text)
    [Anonymous Symbol]                       0x20002840   Section        0  stm32f7xx_hal_rcc.o(.text)
    [Anonymous Symbol]                       0x20003178   Section        0  stm32f7xx_hal_rcc_ex.o(.text)
    [Anonymous Symbol]                       0x20003b08   Section        0  system_stm32f7xx.o(.text)
    .text                                    0x20003be8   Section        0  uldiv.o(.text)
    .text                                    0x20003c4a   Section        0  memseta.o(.text)
    .text                                    0x20003c6e   Section        0  llshl.o(.text)
    .text                                    0x20003c8c   Section        0  llushr.o(.text)

    Global Symbols

    Symbol Name                              Value     Ov Type        Size  Object(Section)

    BuildAttributes$$THM_ISAv4$E$P$D$K$B$S$7EM$VFPi5$EXTD16$VFPS$VFMA$PE$PLD8$A:L22UL41UL21$X:L11$S22US41US21$IEEE1$IW$RWPI$USESV6$~STKCKD$USESV7$WCHAR32$ENUMINT$~SHL$OTIME$ROPI$MICROLIB$REQ8$PRES8$EABIv2 0x00000000   Number         0  anon$$obj.o ABSOLUTE
    Init                                     0x20000009   Thumb Code   144  loader_src.o(.text)
    SystemClock_Config                       0x20000099   Thumb Code   150  loader_src.o(.text)
    Read                                     0x200001a1   Thumb Code   104  loader_src.o(.text)
    MassErase                                0x20000209   Thumb Code    82  loader_src.o(.text)
    SectorErase                              0x200002f9   Thumb Code    58  loader_src.o(.text)
    Write                                    0x200003a1   Thumb Code   262  loader_src.o(.text)
    Verify                                   0x20000521   Thumb Code   160  loader_src.o(.text)
    CheckSum                                 0x200005c1   Thumb Code   164  loader_src.o(.text)
    HAL_InitTick                             0x20000669   Thumb Code     4  loader_src.o(.text)
    HAL_Delay                                0x20000671   Thumb Code    28  loader_src.o(.text)
    HAL_QSPI_MspInit                         0x20000701   Thumb Code   320  stm32f7xx_hal_msp.o(.text)
    HAL_QSPI_MspDeInit                       0x20000841   Thumb Code   100  stm32f7xx_hal_msp.o(.text)
    HAL_Init                                 0x200008a9   Thumb Code    46  stm32f7xx_hal.o(.text)
    HAL_MspInit                              0x20000931   Thumb Code     2  stm32f7xx_hal.o(.text)
    HAL_DeInit                               0x20000939   Thumb Code    44  stm32f7xx_hal.o(.text)
    HAL_MspDeInit                            0x20000969   Thumb Code     2  stm32f7xx_hal.o(.text)
    HAL_IncTick                              0x20000971   Thumb Code    32  stm32f7xx_hal.o(.text)
    HAL_GetTick                              0x20000991   Thumb Code    14  stm32f7xx_hal.o(.text)
    HAL_GetTickPrio                          0x200009a1   Thumb Code    14  stm32f7xx_hal.o(.text)
    HAL_SetTickFreq                          0x200009b1   Thumb Code    40  stm32f7xx_hal.o(.text)
    HAL_GetTickFreq                          0x200009d9   Thumb Code    14  stm32f7xx_hal.o(.text)
    HAL_SuspendTick                          0x20000a11   Thumb Code    18  stm32f7xx_hal.o(.text)
    HAL_ResumeTick                           0x20000a29   Thumb Code    18  stm32f7xx_hal.o(.text)
    HAL_GetHalVersion                        0x20000a41   Thumb Code    10  stm32f7xx_hal.o(.text)
    HAL_GetREVID                             0x20000a51   Thumb Code    14  stm32f7xx_hal.o(.text)
    HAL_GetDEVID                             0x20000a61   Thumb Code    16  stm32f7xx_hal.o(.text)
    HAL_GetUIDw0                             0x20000a71   Thumb Code    12  stm32f7xx_hal.o(.text)
    HAL_GetUIDw1                             0x20000a81   Thumb Code    12  stm32f7xx_hal.o(.text)
    HAL_GetUIDw2                             0x20000a91   Thumb Code    12  stm32f7xx_hal.o(.text)
    HAL_DBGMCU_EnableDBGSleepMode            0x20000aa1   Thumb Code    18  stm32f7xx_hal.o(.text)
    HAL_DBGMCU_DisableDBGSleepMode           0x20000ab9   Thumb Code    18  stm32f7xx_hal.o(.text)
    HAL_DBGMCU_EnableDBGStopMode             0x20000ad1   Thumb Code    18  stm32f7xx_hal.o(.text)
    HAL_DBGMCU_DisableDBGStopMode            0x20000ae9   Thumb Code    18  stm32f7xx_hal.o(.text)
    HAL_DBGMCU_EnableDBGStandbyMode          0x20000b01   Thumb Code    18  stm32f7xx_hal.o(.text)
    HAL_DBGMCU_DisableDBGStandbyMode         0x20000b19   Thumb Code    18  stm32f7xx_hal.o(.text)
    HAL_EnableCompensationCell               0x20000b31   Thumb Code    18  stm32f7xx_hal.o(.text)
    HAL_DisableCompensationCell              0x20000b49   Thumb Code    18  stm32f7xx_hal.o(.text)
    HAL_EnableFMCMemorySwapping              0x20000b61   Thumb Code    18  stm32f7xx_hal.o(.text)
    HAL_DisableFMCMemorySwapping             0x20000b79   Thumb Code    18  stm32f7xx_hal.o(.text)
    HAL_NVIC_SetPriorityGrouping             0x20000b91   Thumb Code     2  stm32f7xx_hal_cortex.o(.text)
    HAL_NVIC_SetPriority                     0x20000bb9   Thumb Code    30  stm32f7xx_hal_cortex.o(.text)
    HAL_NVIC_EnableIRQ                       0x20000c49   Thumb Code     2  stm32f7xx_hal_cortex.o(.text)
    HAL_NVIC_DisableIRQ                      0x20000c71   Thumb Code     2  stm32f7xx_hal_cortex.o(.text)
    HAL_NVIC_SystemReset                     0x20000c99   Thumb Code     4  stm32f7xx_hal_cortex.o(.text)
    HAL_SYSTICK_Config                       0x20000cc9   Thumb Code     2  stm32f7xx_hal_cortex.o(.text)
    HAL_MPU_Disable                          0x20000d01   Thumb Code    26  stm32f7xx_hal_cortex.o(.text)
    HAL_MPU_Enable                           0x20000d21   Thumb Code    32  stm32f7xx_hal_cortex.o(.text)
    HAL_MPU_ConfigRegion                     0x20000d41   Thumb Code    94  stm32f7xx_hal_cortex.o(.text)
    HAL_NVIC_GetPriorityGrouping             0x20000da1   Thumb Code     2  stm32f7xx_hal_cortex.o(.text)
    HAL_NVIC_GetPriority                     0x20000da9   Thumb Code    24  stm32f7xx_hal_cortex.o(.text)
    HAL_NVIC_SetPendingIRQ                   0x20000e21   Thumb Code     2  stm32f7xx_hal_cortex.o(.text)
    HAL_NVIC_GetPendingIRQ                   0x20000e49   Thumb Code     2  stm32f7xx_hal_cortex.o(.text)
    HAL_NVIC_ClearPendingIRQ                 0x20000e71   Thumb Code     2  stm32f7xx_hal_cortex.o(.text)
    HAL_NVIC_GetActive                       0x20000e99   Thumb Code     2  stm32f7xx_hal_cortex.o(.text)
    HAL_SYSTICK_CLKSourceConfig              0x20000ec1   Thumb Code    26  stm32f7xx_hal_cortex.o(.text)
    HAL_SYSTICK_IRQHandler                   0x20000ee1   Thumb Code     4  stm32f7xx_hal_cortex.o(.text)
    HAL_SYSTICK_Callback                     0x20000ee9   Thumb Code     2  stm32f7xx_hal_cortex.o(.text)
    HAL_DMA_Init                             0x20000ef1   Thumb Code   214  stm32f7xx_hal_dma.o(.text)
    HAL_DMA_DeInit                           0x20001061   Thumb Code    90  stm32f7xx_hal_dma.o(.text)
    HAL_DMA_Start                            0x200010c1   Thumb Code    58  stm32f7xx_hal_dma.o(.text)
    HAL_DMA_Start_IT                         0x20001131   Thumb Code    98  stm32f7xx_hal_dma.o(.text)
    HAL_DMA_Abort                            0x20001199   Thumb Code   126  stm32f7xx_hal_dma.o(.text)
    HAL_DMA_Abort_IT                         0x20001219   Thumb Code    32  stm32f7xx_hal_dma.o(.text)
    HAL_DMA_PollForTransfer                  0x20001239   Thumb Code   326  stm32f7xx_hal_dma.o(.text)
    HAL_DMA_IRQHandler                       0x20001381   Thumb Code   396  stm32f7xx_hal_dma.o(.text)
    HAL_DMA_RegisterCallback                 0x20001511   Thumb Code    76  stm32f7xx_hal_dma.o(.text)
    HAL_DMA_UnRegisterCallback               0x20001561   Thumb Code    98  stm32f7xx_hal_dma.o(.text)
    HAL_DMA_GetState                         0x200015c9   Thumb Code     4  stm32f7xx_hal_dma.o(.text)
    HAL_DMA_GetError                         0x200015d1   Thumb Code     4  stm32f7xx_hal_dma.o(.text)
    HAL_GPIO_Init                            0x200015d9   Thumb Code   412  stm32f7xx_hal_gpio.o(.text)
    HAL_GPIO_DeInit                          0x20001779   Thumb Code   272  stm32f7xx_hal_gpio.o(.text)
    HAL_GPIO_ReadPin                         0x20001889   Thumb Code    10  stm32f7xx_hal_gpio.o(.text)
    HAL_GPIO_WritePin                        0x20001899   Thumb Code    10  stm32f7xx_hal_gpio.o(.text)
    HAL_GPIO_TogglePin                       0x200018a9   Thumb Code     8  stm32f7xx_hal_gpio.o(.text)
    HAL_GPIO_LockPin                         0x200018b1   Thumb Code    40  stm32f7xx_hal_gpio.o(.text)
    HAL_GPIO_EXTI_IRQHandler                 0x200018d9   Thumb Code    22  stm32f7xx_hal_gpio.o(.text)
    HAL_GPIO_EXTI_Callback                   0x200018f1   Thumb Code     2  stm32f7xx_hal_gpio.o(.text)
    HAL_PWR_DeInit                           0x200018f9   Thumb Code    26  stm32f7xx_hal_pwr.o(.text)
    HAL_PWR_EnableBkUpAccess                 0x20001919   Thumb Code    18  stm32f7xx_hal_pwr.o(.text)
    HAL_PWR_DisableBkUpAccess                0x20001931   Thumb Code    18  stm32f7xx_hal_pwr.o(.text)
    HAL_PWR_ConfigPVD                        0x20001949   Thumb Code   126  stm32f7xx_hal_pwr.o(.text)
    HAL_PWR_EnablePVD                        0x200019c9   Thumb Code    18  stm32f7xx_hal_pwr.o(.text)
    HAL_PWR_DisablePVD                       0x200019e1   Thumb Code    18  stm32f7xx_hal_pwr.o(.text)
    HAL_PWR_EnableWakeUpPin                  0x200019f9   Thumb Code    38  stm32f7xx_hal_pwr.o(.text)
    HAL_PWR_DisableWakeUpPin                 0x20001a21   Thumb Code    18  stm32f7xx_hal_pwr.o(.text)
    HAL_PWR_EnterSLEEPMode                   0x20001a39   Thumb Code    38  stm32f7xx_hal_pwr.o(.text)
    HAL_PWR_EnterSTOPMode                    0x20001a61   Thumb Code    66  stm32f7xx_hal_pwr.o(.text)
    HAL_PWR_EnterSTANDBYMode                 0x20001aa9   Thumb Code    36  stm32f7xx_hal_pwr.o(.text)
    HAL_PWR_PVD_IRQHandler                   0x20001ad1   Thumb Code    32  stm32f7xx_hal_pwr.o(.text)
    HAL_PWR_PVDCallback                      0x20001af1   Thumb Code     2  stm32f7xx_hal_pwr.o(.text)
    HAL_PWR_EnableSleepOnExit                0x20001af9   Thumb Code    18  stm32f7xx_hal_pwr.o(.text)
    HAL_PWR_DisableSleepOnExit               0x20001b11   Thumb Code    18  stm32f7xx_hal_pwr.o(.text)
    HAL_PWR_EnableSEVOnPend                  0x20001b29   Thumb Code    18  stm32f7xx_hal_pwr.o(.text)
    HAL_PWR_DisableSEVOnPend                 0x20001b41   Thumb Code    18  stm32f7xx_hal_pwr.o(.text)
    HAL_PWREx_EnableBkUpReg                  0x20001b59   Thumb Code    78  stm32f7xx_hal_pwr_ex.o(.text)
    HAL_PWREx_DisableBkUpReg                 0x20001ba9   Thumb Code    78  stm32f7xx_hal_pwr_ex.o(.text)
    HAL_PWREx_EnableFlashPowerDown           0x20001bf9   Thumb Code    18  stm32f7xx_hal_pwr_ex.o(.text)
    HAL_PWREx_DisableFlashPowerDown          0x20001c11   Thumb Code    18  stm32f7xx_hal_pwr_ex.o(.text)
    HAL_PWREx_EnableMainRegulatorLowVoltage  0x20001c29   Thumb Code    18  stm32f7xx_hal_pwr_ex.o(.text)
    HAL_PWREx_DisableMainRegulatorLowVoltage 0x20001c41   Thumb Code    18  stm32f7xx_hal_pwr_ex.o(.text)
    HAL_PWREx_EnableLowRegulatorLowVoltage   0x20001c59   Thumb Code    18  stm32f7xx_hal_pwr_ex.o(.text)
    HAL_PWREx_DisableLowRegulatorLowVoltage  0x20001c71   Thumb Code    18  stm32f7xx_hal_pwr_ex.o(.text)
    HAL_PWREx_EnableOverDrive                0x20001c89   Thumb Code   120  stm32f7xx_hal_pwr_ex.o(.text)
    HAL_PWREx_DisableOverDrive               0x20001d01   Thumb Code   120  stm32f7xx_hal_pwr_ex.o(.text)
    HAL_PWREx_EnterUnderDriveSTOPMode        0x20001d79   Thumb Code   144  stm32f7xx_hal_pwr_ex.o(.text)
    HAL_PWREx_GetVoltageRange                0x20001e09   Thumb Code    16  stm32f7xx_hal_pwr_ex.o(.text)
    HAL_PWREx_ControlVoltageScaling          0x20001e19   Thumb Code   200  stm32f7xx_hal_pwr_ex.o(.text)
    HAL_QSPI_Init                            0x20001ee1   Thumb Code   200  stm32f7xx_hal_qspi.o(.text)
    HAL_QSPI_SetTimeout                      0x20001fb1   Thumb Code     4  stm32f7xx_hal_qspi.o(.text)
    HAL_QSPI_DeInit                          0x20002021   Thumb Code    52  stm32f7xx_hal_qspi.o(.text)
    HAL_QSPI_Command                         0x20002061   Thumb Code   120  stm32f7xx_hal_qspi.o(.text)
    HAL_QSPI_Command_IT                      0x20002281   Thumb Code   126  stm32f7xx_hal_qspi.o(.text)
    HAL_QSPI_Transmit                        0x20002301   Thumb Code   184  stm32f7xx_hal_qspi.o(.text)
    HAL_QSPI_Abort                           0x200023b9   Thumb Code   128  stm32f7xx_hal_qspi.o(.text)
    HAL_QSPI_Receive                         0x20002439   Thumb Code   192  stm32f7xx_hal_qspi.o(.text)
    HAL_QSPI_Transmit_IT                     0x200024f9   Thumb Code   106  stm32f7xx_hal_qspi.o(.text)
    HAL_QSPI_Receive_IT                      0x20002569   Thumb Code   118  stm32f7xx_hal_qspi.o(.text)
    HAL_QSPI_AutoPolling                     0x200025e1   Thumb Code   158  stm32f7xx_hal_qspi.o(.text)
    HAL_QSPI_AutoPolling_IT                  0x20002681   Thumb Code   142  stm32f7xx_hal_qspi.o(.text)
    HAL_QSPI_MemoryMapped                    0x20002711   Thumb Code   122  stm32f7xx_hal_qspi.o(.text)
    HAL_QSPI_ErrorCallback                   0x20002791   Thumb Code     2  stm32f7xx_hal_qspi.o(.text)
    HAL_QSPI_AbortCpltCallback               0x20002799   Thumb Code     2  stm32f7xx_hal_qspi.o(.text)
    HAL_QSPI_CmdCpltCallback                 0x200027a1   Thumb Code     2  stm32f7xx_hal_qspi.o(.text)
    HAL_QSPI_RxCpltCallback                  0x200027a9   Thumb Code     2  stm32f7xx_hal_qspi.o(.text)
    HAL_QSPI_TxCpltCallback                  0x200027b1   Thumb Code     2  stm32f7xx_hal_qspi.o(.text)
    HAL_QSPI_RxHalfCpltCallback              0x200027b9   Thumb Code     2  stm32f7xx_hal_qspi.o(.text)
    HAL_QSPI_TxHalfCpltCallback              0x200027c1   Thumb Code     2  stm32f7xx_hal_qspi.o(.text)
    HAL_QSPI_FifoThresholdCallback           0x200027c9   Thumb Code     2  stm32f7xx_hal_qspi.o(.text)
    HAL_QSPI_StatusMatchCallback             0x200027d1   Thumb Code     2  stm32f7xx_hal_qspi.o(.text)
    HAL_QSPI_TimeOutCallback                 0x200027d9   Thumb Code     2  stm32f7xx_hal_qspi.o(.text)
    HAL_QSPI_GetState                        0x200027e1   Thumb Code     4  stm32f7xx_hal_qspi.o(.text)
    HAL_QSPI_GetError                        0x200027e9   Thumb Code     4  stm32f7xx_hal_qspi.o(.text)
    HAL_QSPI_SetFifoThreshold                0x200027f1   Thumb Code    58  stm32f7xx_hal_qspi.o(.text)
    HAL_QSPI_GetFifoThreshold                0x20002831   Thumb Code    12  stm32f7xx_hal_qspi.o(.text)
    HAL_RCC_DeInit                           0x20002841   Thumb Code   378  stm32f7xx_hal_rcc.o(.text)
    HAL_RCC_OscConfig                        0x200029c1   Thumb Code   952  stm32f7xx_hal_rcc.o(.text)
    HAL_RCC_ClockConfig                      0x20002d79   Thumb Code   352  stm32f7xx_hal_rcc.o(.text)
    HAL_RCC_GetSysClockFreq                  0x20002ed9   Thumb Code   108  stm32f7xx_hal_rcc.o(.text)
    HAL_RCC_MCOConfig                        0x20002f49   Thumb Code   152  stm32f7xx_hal_rcc.o(.text)
    HAL_RCC_EnableCSS                        0x20002fe1   Thumb Code    18  stm32f7xx_hal_rcc.o(.text)
    HAL_RCC_DisableCSS                       0x20002ff9   Thumb Code    18  stm32f7xx_hal_rcc.o(.text)
    HAL_RCC_GetHCLKFreq                      0x20003011   Thumb Code    14  stm32f7xx_hal_rcc.o(.text)
    HAL_RCC_GetPCLK1Freq                     0x20003021   Thumb Code    36  stm32f7xx_hal_rcc.o(.text)
    HAL_RCC_GetPCLK2Freq                     0x20003049   Thumb Code    36  stm32f7xx_hal_rcc.o(.text)
    HAL_RCC_GetOscConfig                     0x20003071   Thumb Code   156  stm32f7xx_hal_rcc.o(.text)
    HAL_RCC_GetClockConfig                   0x20003111   Thumb Code    62  stm32f7xx_hal_rcc.o(.text)
    HAL_RCC_NMI_IRQHandler                   0x20003151   Thumb Code    30  stm32f7xx_hal_rcc.o(.text)
    HAL_RCC_CSSCallback                      0x20003171   Thumb Code     2  stm32f7xx_hal_rcc.o(.text)
    HAL_RCCEx_PeriphCLKConfig                0x20003179   Thumb Code  1484  stm32f7xx_hal_rcc_ex.o(.text)
    HAL_RCCEx_GetPeriphCLKConfig             0x20003749   Thumb Code   320  stm32f7xx_hal_rcc_ex.o(.text)
    HAL_RCCEx_GetPeriphCLKFreq               0x20003889   Thumb Code   234  stm32f7xx_hal_rcc_ex.o(.text)
    HAL_RCCEx_EnablePLLI2S                   0x20003979   Thumb Code   128  stm32f7xx_hal_rcc_ex.o(.text)
    HAL_RCCEx_DisablePLLI2S                  0x200039f9   Thumb Code    68  stm32f7xx_hal_rcc_ex.o(.text)
    HAL_RCCEx_EnablePLLSAI                   0x20003a41   Thumb Code   128  stm32f7xx_hal_rcc_ex.o(.text)
    HAL_RCCEx_DisablePLLSAI                  0x20003ac1   Thumb Code    68  stm32f7xx_hal_rcc_ex.o(.text)
    SystemInit                               0x20003b09   Thumb Code    86  system_stm32f7xx.o(.text)
    SystemCoreClockUpdate                    0x20003b61   Thumb Code   136  system_stm32f7xx.o(.text)
    __aeabi_uldivmod                         0x20003be9   Thumb Code    98  uldiv.o(.text)
    __aeabi_memset                           0x20003c4b   Thumb Code    14  memseta.o(.text)
    __aeabi_memset4                          0x20003c4b   Thumb Code     0  memseta.o(.text)
    __aeabi_memset8                          0x20003c4b   Thumb Code     0  memseta.o(.text)
    __aeabi_memclr                           0x20003c59   Thumb Code     4  memseta.o(.text)
    __aeabi_memclr4                          0x20003c59   Thumb Code     0  memseta.o(.text)
    __aeabi_memclr8                          0x20003c59   Thumb Code     0  memseta.o(.text)
    _memset$wrapper                          0x20003c5d   Thumb Code    18  memseta.o(.text)
    __aeabi_llsl                             0x20003c6f   Thumb Code    30  llshl.o(.text)
    _ll_shift_l                              0x20003c6f   Thumb Code     0  llshl.o(.text)
    __aeabi_llsr                             0x20003c8d   Thumb Code    32  llushr.o(.text)
    _ll_ushift_r                             0x20003c8d   Thumb Code     0  llushr.o(.text)
    AHBPrescTable                            0x20003cac   Data          16  system_stm32f7xx.o(.rodata.AHBPrescTable)
    APBPrescTable                            0x20003cbc   Data           8  system_stm32f7xx.o(.rodata.APBPrescTable)
    SystemCoreClock                          0x20003cc8   Data           4  system_stm32f7xx.o(.data.SystemCoreClock)
    uwTickFreq                               0x20003ccc   Data           4  stm32f7xx_hal.o(.data.uwTickFreq)
    uwTickPrio                               0x20003cd0   Data           4  stm32f7xx_hal.o(.data.uwTickPrio)
    QSPIHandle                               0x20003cd4   Data          80  loader_src.o(.bss.QSPIHandle)
    StorageInfo                              0x20003cd4   Data         200  dev_inf.o(.rodata.StorageInfo)
    sCommand                                 0x20003d24   Data          56  loader_src.o(.bss.sCommand)
    sConfig                                  0x20003d5c   Data          24  loader_src.o(.bss.sConfig)
    uwTick                                   0x20003d74   Data           4  stm32f7xx_hal.o(.bss.uwTick)



==============================================================================

Memory Map of the image

  Image entry point : Not specified.

  Load Region FLASH_LOADER (Base: 0x20000004, Size: 0x00003cd0, Max: 0xffffffff, PI)

    Execution Region PrgCode (Exec base: 0x20000008, Load base: 0x20000008, Size: 0x00003cbc, Max: 0xffffffff, PI)

    Exec Addr    Load Addr    Size         Type   Attr      Idx    E Section Name        Object

    0x20000008   0x20000008   0x000006f6   Code   RO           11    .text               loader_src.o
    0x200006fe   0x200006fe   0x00000002   PAD
    0x20000700   0x20000700   0x000001a4   Code   RO           26    .text               stm32f7xx_hal_msp.o
    0x200008a4   0x200008a4   0x00000004   PAD
    0x200008a8   0x200008a8   0x000002e2   Code   RO           38    .text               stm32f7xx_hal.o
    0x20000b8a   0x20000b8a   0x00000006   PAD
    0x20000b90   0x20000b90   0x0000035a   Code   RO           53    .text               stm32f7xx_hal_cortex.o
    0x20000eea   0x20000eea   0x00000006   PAD
    0x20000ef0   0x20000ef0   0x000006e4   Code   RO           65    .text               stm32f7xx_hal_dma.o
    0x200015d4   0x200015d4   0x00000004   PAD
    0x200015d8   0x200015d8   0x0000031a   Code   RO           77    .text               stm32f7xx_hal_gpio.o
    0x200018f2   0x200018f2   0x00000006   PAD
    0x200018f8   0x200018f8   0x0000025a   Code   RO           89    .text               stm32f7xx_hal_pwr.o
    0x20001b52   0x20001b52   0x00000006   PAD
    0x20001b58   0x20001b58   0x00000388   Code   RO          101    .text               stm32f7xx_hal_pwr_ex.o
    0x20001ee0   0x20001ee0   0x0000095c   Code   RO          113    .text               stm32f7xx_hal_qspi.o
    0x2000283c   0x2000283c   0x00000004   PAD
    0x20002840   0x20002840   0x00000932   Code   RO          125    .text               stm32f7xx_hal_rcc.o
    0x20003172   0x20003172   0x00000006   PAD
    0x20003178   0x20003178   0x0000098c   Code   RO          137    .text               stm32f7xx_hal_rcc_ex.o
    0x20003b04   0x20003b04   0x00000004   PAD
    0x20003b08   0x20003b08   0x000000e0   Code   RO          149    .text               system_stm32f7xx.o
    0x20003be8   0x20003be8   0x00000062   Code   RO          166    .text               mc_w.l(uldiv.o)
    0x20003c4a   0x20003c4a   0x00000024   Code   RO          168    .text               mc_w.l(memseta.o)
    0x20003c6e   0x20003c6e   0x0000001e   Code   RO          170    .text               mc_w.l(llshl.o)
    0x20003c8c   0x20003c8c   0x00000020   Code   RO          172    .text               mc_w.l(llushr.o)
    0x20003cac   0x20003cac   0x00000010   Data   RO          152    .rodata.AHBPrescTable  system_stm32f7xx.o
    0x20003cbc   0x20003cbc   0x00000008   Data   RO          153    .rodata.APBPrescTable  system_stm32f7xx.o


    Execution Region PrgData (Exec base: 0x20003cc4, Load base: 0x20003cc4, Size: 0x000000b4, Max: 0xffffffff, PI)

    Exec Addr    Load Addr    Size         Type   Attr      Idx    E Section Name        Object

    0x20003cc4   0x20003cc4   0x00000004   Data   RW          174    PDT$$ptr            anon$$obj.o
    0x20003cc8   0x20003cc8   0x00000004   Data   RW          151    .data.SystemCoreClock  system_stm32f7xx.o
    0x20003ccc   0x20003ccc   0x00000004   Data   RW           41    .data.uwTickFreq    stm32f7xx_hal.o
    0x20003cd0   0x20003cd0   0x00000004   Data   RW           40    .data.uwTickPrio    stm32f7xx_hal.o
    0x20003cd4        -       0x00000050   Zero   RW           13    .bss.QSPIHandle     loader_src.o
    0x20003d24        -       0x00000038   Zero   RW           14    .bss.sCommand       loader_src.o
    0x20003d5c        -       0x00000018   Zero   RW           15    .bss.sConfig        loader_src.o
    0x20003d74        -       0x00000004   Zero   RW           42    .bss.uwTick         stm32f7xx_hal.o



  Load Region DEVICE_INFO (Base: 0x20003cd4, Size: 0x000000c8, Max: 0xffffffff, PI)

    Execution Region DevInfo (Exec base: 0x20003cd4, Load base: 0x20003cd4, Size: 0x000000c8, Max: 0xffffffff, PI)

    Exec Addr    Load Addr    Size         Type   Attr      Idx    E Section Name        Object

    0x20003cd4   0x20003cd4   0x00000000   Code   RO            1    .text               dev_inf.o
    0x20003cd4   0x20003cd4   0x000000c8   Data   RO            2    .rodata.StorageInfo  dev_inf.o


==============================================================================

Image component sizes


      Code (inc. data)   RO Data    RW Data    ZI Data      Debug   Object Name

         0          0        200          0          0        931   dev_inf.o
      1782          4          0          0        160      10817   loader_src.o
       738          0          0          8          4       8116   stm32f7xx_hal.o
       858          0          0          0          0      11009   stm32f7xx_hal_cortex.o
      1764         30          0          0          0       8460   stm32f7xx_hal_dma.o
       794          0          0          0          0       5360   stm32f7xx_hal_gpio.o
       420          0          0          0          0       7663   stm32f7xx_hal_msp.o
       602          0          0          0          0       5537   stm32f7xx_hal_pwr.o
       904          0          0          0          0       6113   stm32f7xx_hal_pwr_ex.o
      2396          0          0          0          0      12666   stm32f7xx_hal_qspi.o
      2354          0          0          0          0       7762   stm32f7xx_hal_rcc.o
      2444          0          0          0          0       6862   stm32f7xx_hal_rcc_ex.o
       224          0         24          4          0       3602   system_stm32f7xx.o

    ----------------------------------------------------------------------
     15328         34        224         16        164      94898   Object Totals
         0          0          0          4          0          0   (incl. Generated)
        48          0          0          0          0          0   (incl. Padding)

    ----------------------------------------------------------------------

      Code (inc. data)   RO Data    RW Data    ZI Data      Debug   Library Member Name

        30          0          0          0          0         68   llshl.o
        32          0          0          0          0         68   llushr.o
        36          0          0          0          0        108   memseta.o
        98          0          0          0          0         92   uldiv.o

    ----------------------------------------------------------------------
       196          0          0          0          0        336   Library Totals
         0          0          0          0          0          0   (incl. Padding)

    ----------------------------------------------------------------------

      Code (inc. data)   RO Data    RW Data    ZI Data      Debug   Library Name

       196          0          0          0          0        336   mc_w.l

    ----------------------------------------------------------------------
       196          0          0          0          0        336   Library Totals

    ----------------------------------------------------------------------

==============================================================================


      Code (inc. data)   RO Data    RW Data    ZI Data      Debug   

     15524         34        224         16        164      94954   Grand Totals
     15524         34        224         16        164      94954   ELF Image Totals
     15524         34        224         16          0          0   ROM Totals

==============================================================================

    Total RO  Size (Code + RO Data)                15748 (  15.38kB)
    Total RW  Size (RW Data + ZI Data)               180 (   0.18kB)
    Total ROM Size (Code + RO Data + RW Data)      15764 (  15.39kB)

==============================================================================

