<html>
<body>
<pre>
<h1>µVision Build Log</h1>
<h2>Tool Versions:</h2>
IDE-Version: µVision V5.26.0.0
Copyright (C) 2018 ARM Ltd and ARM Germany GmbH. All rights reserved.
License Information: no_first_name no_last_name, no_comp, LIC=0VRHL-0QCX2-KTC3H-WSK78-PN10B-YPAEH
 
Tool Versions:
Toolchain:       MDK-ARM Professional  Version: 5.26.0.0
Toolchain Path:  C:\Keil\ARM\ARMCLANG\Bin
C Compiler:      ArmClang.exe V6.10.1
Assembler:       Armasm.exe V6.10.1
Linker/Locator:  ArmLink.exe V6.10.1
Library Manager: ArmAr.exe V6.10.1
Hex Converter:   FromElf.exe V6.10.1
CPU DLL:         SARMCM3.DLL V5.26.0.0
Dialog DLL:      DCM.DLL V1.17.1.0
Target DLL:      STLink\ST-LINKIII-KEIL_SWO.dll V3.0.1.0
Dialog DLL:      TCM.DLL V1.35.3.0
 
<h2>Project:</h2>
F:\SkyDrive\OtvoreniProjekti\HotelSaplast\fw\RoomThermostat\ST_LinkExternalLoader_W25Q64\MDK-ARM\Project.uvprojx
Project File Date:  07/06/2018

<h2>Output:</h2>
*** Using Compiler 'V6.10.1', folder: 'C:\Keil\ARM\ARMCLANG\Bin'
Rebuild target 'W25Q64'
compiling Dev_Inf.c...
compiling stm32f7xx_hal_msp.c...
compiling stm32f7xx_hal_cortex.c...
compiling stm32f7xx_hal_pwr.c...
compiling stm32f7xx_hal.c...
compiling stm32f7xx_hal_gpio.c...
compiling Loader_Src.c...
compiling stm32f7xx_hal_dma.c...
compiling stm32f7xx_hal_pwr_ex.c...
compiling system_stm32f7xx.c...
compiling stm32f7xx_hal_rcc.c...
compiling stm32f7xx_hal_qspi.c...
compiling stm32f7xx_hal_rcc_ex.c...
linking...
.\STM32F769I-EVAL\W25Q64.axf: Warning: L6305W: Image does not have an entry point. (Not specified or not set due to multiple choices.)
Program Size: Code=15524 RO-data=224 RW-data=16 ZI-data=164  
Finished: 0 information, 1 warning and 0 error messages.
FromELF: creating hex file...
After Build - User command #1: cmd.exe /C copy ".\STM32F769I-EVAL\W25Q64.axf" "..\..\W25Q64.stldr"
        1 file(s) copied.
".\STM32F769I-EVAL\W25Q64.axf" - 0 Error(s), 1 Warning(s).

<h2>Software Packages used:</h2>

Package Vendor: Keil
                http://www.keil.com/pack/Keil.STM32F7xx_DFP.2.10.0.pack
                Keil.STM32F7xx_DFP.2.10.0
                STMicroelectronics STM32F7 Series Device Support, Drivers and Examples

<h2>Collection of Component include folders:</h2>
  .\RTE\_W25Q64
  C:\Keil\ARM\PACK\Keil\STM32F7xx_DFP\2.10.0\Drivers\CMSIS\Device\ST\STM32F7xx\Include

<h2>Collection of Component Files used:</h2>
Build Time Elapsed:  00:00:03
</pre>
</body>
</html>
