Component: ARM Compiler 6.10.1 Tool: armlink [5d142800]

==============================================================================

Removing Unused input sections from the image.

    Removing system_stm32f7xx.o(.text), (0 bytes).
    Removing system_stm32f7xx.o(.ARM.exidx.text.SystemInit), (8 bytes).
    Removing system_stm32f7xx.o(.text.SystemCoreClockUpdate), (128 bytes).
    Removing system_stm32f7xx.o(.ARM.exidx.text.SystemCoreClockUpdate), (8 bytes).
    Removing ft5336.o(.text), (0 bytes).
    Removing ft5336.o(.ARM.exidx.text.ft5336_Init), (8 bytes).
    Removing ft5336.o(.ARM.exidx.text.ft5336_ReadID), (8 bytes).
    Removing ft5336.o(.ARM.exidx.text.ft5336_Reset), (8 bytes).
    Removing ft5336.o(.ARM.exidx.text.ft5336_TS_Start), (8 bytes).
    Removing ft5336.o(.ARM.exidx.text.ft5336_TS_DetectTouch), (8 bytes).
    Removing ft5336.o(.ARM.exidx.text.ft5336_TS_GetXY), (8 bytes).
    Removing ft5336.o(.ARM.exidx.text.ft5336_TS_EnableIT), (8 bytes).
    Removing ft5336.o(.ARM.exidx.text.ft5336_TS_ClearIT), (8 bytes).
    Removing ft5336.o(.ARM.exidx.text.ft5336_TS_ITStatus), (8 bytes).
    Removing ft5336.o(.ARM.exidx.text.ft5336_TS_DisableIT), (8 bytes).
    Removing ft5336.o(.ARM.exidx.text.ft5336_I2C_InitializeIfRequired), (8 bytes).
    Removing ft5336.o(.ARM.exidx.text.ft5336_TS_GetGestureID), (8 bytes).
    Removing ft5336.o(.ARM.exidx.text.ft5336_TS_GetTouchInfo), (8 bytes).
    Removing ft5336.o(.ARM.exidx.text.ft5336_Get_I2C_InitializedStatus), (8 bytes).
    Removing wm8994.o(.text), (0 bytes).
    Removing wm8994.o(.text.wm8994_Init), (1420 bytes).
    Removing wm8994.o(.ARM.exidx.text.wm8994_Init), (8 bytes).
    Removing wm8994.o(.text.wm8994_DeInit), (4 bytes).
    Removing wm8994.o(.ARM.exidx.text.wm8994_DeInit), (8 bytes).
    Removing wm8994.o(.text.wm8994_ReadID), (18 bytes).
    Removing wm8994.o(.ARM.exidx.text.wm8994_ReadID), (8 bytes).
    Removing wm8994.o(.text.wm8994_Play), (12 bytes).
    Removing wm8994.o(.ARM.exidx.text.wm8994_Play), (8 bytes).
    Removing wm8994.o(.text.wm8994_Pause), (24 bytes).
    Removing wm8994.o(.ARM.exidx.text.wm8994_Pause), (8 bytes).
    Removing wm8994.o(.text.wm8994_Resume), (12 bytes).
    Removing wm8994.o(.ARM.exidx.text.wm8994_Resume), (8 bytes).
    Removing wm8994.o(.text.wm8994_Stop), (110 bytes).
    Removing wm8994.o(.ARM.exidx.text.wm8994_Stop), (8 bytes).
    Removing wm8994.o(.text.wm8994_SetFrequency), (166 bytes).
    Removing wm8994.o(.ARM.exidx.text.wm8994_SetFrequency), (8 bytes).
    Removing wm8994.o(.text.wm8994_SetVolume), (280 bytes).
    Removing wm8994.o(.ARM.exidx.text.wm8994_SetVolume), (8 bytes).
    Removing wm8994.o(.text.wm8994_SetMute), (80 bytes).
    Removing wm8994.o(.ARM.exidx.text.wm8994_SetMute), (8 bytes).
    Removing wm8994.o(.text.wm8994_SetOutputMode), (168 bytes).
    Removing wm8994.o(.ARM.exidx.text.wm8994_SetOutputMode), (8 bytes).
    Removing wm8994.o(.text.wm8994_Reset), (38 bytes).
    Removing wm8994.o(.ARM.exidx.text.wm8994_Reset), (8 bytes).
    Removing wm8994.o(.text.CODEC_IO_Write), (4 bytes).
    Removing wm8994.o(.ARM.exidx.text.CODEC_IO_Write), (8 bytes).
    Removing wm8994.o(.data.wm8994_drv), (48 bytes).
    Removing wm8994.o(.bss.outputEnabled), (1 bytes).
    Removing wm8994.o(.bss.inputEnabled), (1 bytes).
    Removing wm8994.o(.bss.ColdStartup), (1 bytes).
    Removing stm32746g.o(.text), (0 bytes).
    Removing stm32746g.o(.text.BSP_GetVersion), (6 bytes).
    Removing stm32746g.o(.ARM.exidx.text.BSP_GetVersion), (8 bytes).
    Removing stm32746g.o(.text.LED_Init), (84 bytes).
    Removing stm32746g.o(.ARM.exidx.text.LED_Init), (8 bytes).
    Removing stm32746g.o(.text.BSP_LED_DeInit), (38 bytes).
    Removing stm32746g.o(.ARM.exidx.text.BSP_LED_DeInit), (8 bytes).
    Removing stm32746g.o(.text.BSP_LED_On), (22 bytes).
    Removing stm32746g.o(.ARM.exidx.text.BSP_LED_On), (8 bytes).
    Removing stm32746g.o(.text.BSP_LED_Off), (22 bytes).
    Removing stm32746g.o(.ARM.exidx.text.BSP_LED_Off), (8 bytes).
    Removing stm32746g.o(.text.BSP_LED_Toggle), (20 bytes).
    Removing stm32746g.o(.ARM.exidx.text.BSP_LED_Toggle), (8 bytes).
    Removing stm32746g.o(.text.BSP_PB_Init), (190 bytes).
    Removing stm32746g.o(.ARM.exidx.text.BSP_PB_Init), (8 bytes).
    Removing stm32746g.o(.text.BSP_PB_DeInit), (52 bytes).
    Removing stm32746g.o(.ARM.exidx.text.BSP_PB_DeInit), (8 bytes).
    Removing stm32746g.o(.text.BSP_PB_GetState), (34 bytes).
    Removing stm32746g.o(.ARM.exidx.text.BSP_PB_GetState), (8 bytes).
    Removing stm32746g.o(.text.BSP_COM_Init), (168 bytes).
    Removing stm32746g.o(.ARM.exidx.text.BSP_COM_Init), (8 bytes).
    Removing stm32746g.o(.text.BSP_COM_DeInit), (48 bytes).
    Removing stm32746g.o(.ARM.exidx.text.BSP_COM_DeInit), (8 bytes).
    Removing stm32746g.o(.text.AUDIO_IO_Init), (12 bytes).
    Removing stm32746g.o(.ARM.exidx.text.AUDIO_IO_Init), (8 bytes).
    Removing stm32746g.o(.ARM.exidx.text.I2Cx_Init), (8 bytes).
[...]
    0x08016c58   0x08016c58   0x00000060   Data   RO         4478    .constdata          STemWin540_CM7_Keil.lib(f32_1.o)
    0x08016cb8   0x08016cb8   0x00000060   Data   RO         4479    .constdata          STemWin540_CM7_Keil.lib(f32_1.o)
    0x08016d18   0x08016d18   0x00000040   Data   RO         4480    .constdata          STemWin540_CM7_Keil.lib(f32_1.o)
    0x08016d58   0x08016d58   0x00000060   Data   RO         4481    .constdata          STemWin540_CM7_Keil.lib(f32_1.o)
    0x08016db8   0x08016db8   0x00000060   Data   RO         4482    .constdata          STemWin540_CM7_Keil.lib(f32_1.o)
    0x08016e18   0x08016e18   0x00000060   Data   RO         4483    .constdata          STemWin540_CM7_Keil.lib(f32_1.o)
    0x08016e78   0x08016e78   0x00000060   Data   RO         4484    .constdata          STemWin540_CM7_Keil.lib(f32_1.o)
    0x08016ed8   0x08016ed8   0x00000060   Data   RO         4485    .constdata          STemWin540_CM7_Keil.lib(f32_1.o)
    0x08016f38   0x08016f38   0x00000060   Data   RO         4486    .constdata          STemWin540_CM7_Keil.lib(f32_1.o)
    0x08016f98   0x08016f98   0x00000060   Data   RO         4487    .constdata          STemWin540_CM7_Keil.lib(f32_1.o)
    0x08016ff8   0x08016ff8   0x00000060   Data   RO         4488    .constdata          STemWin540_CM7_Keil.lib(f32_1.o)
    0x08017058   0x08017058   0x00000040   Data   RO         4489    .constdata          STemWin540_CM7_Keil.lib(f32_1.o)
    0x08017098   0x08017098   0x00000040   Data   RO         4490    .constdata          STemWin540_CM7_Keil.lib(f32_1.o)
    0x080170d8   0x080170d8   0x00000040   Data   RO         4491    .constdata          STemWin540_CM7_Keil.lib(f32_1.o)
    0x08017118   0x08017118   0x00000040   Data   RO         4492    .constdata          STemWin540_CM7_Keil.lib(f32_1.o)
    0x08017158   0x08017158   0x00000040   Data   RO         4493    .constdata          STemWin540_CM7_Keil.lib(f32_1.o)
    0x08017198   0x08017198   0x00000040   Data   RO         4494    .constdata          STemWin540_CM7_Keil.lib(f32_1.o)
    0x080171d8   0x080171d8   0x00000060   Data   RO         4495    .constdata          STemWin540_CM7_Keil.lib(f32_1.o)
    0x08017238   0x08017238   0x00000040   Data   RO         4496    .constdata          STemWin540_CM7_Keil.lib(f32_1.o)
    0x08017278   0x08017278   0x00000040   Data   RO         4497    .constdata          STemWin540_CM7_Keil.lib(f32_1.o)
    0x080172b8   0x080172b8   0x00000040   Data   RO         4498    .constdata          STemWin540_CM7_Keil.lib(f32_1.o)
    0x080172f8   0x080172f8   0x00000040   Data   RO         4499    .constdata          STemWin540_CM7_Keil.lib(f32_1.o)
    0x08017338   0x08017338   0x00000040   Data   RO         4500    .constdata          STemWin540_CM7_Keil.lib(f32_1.o)
    0x08017378   0x08017378   0x00000020   Data   RO         4501    .constdata          STemWin540_CM7_Keil.lib(f32_1.o)
    0x08017398   0x08017398   0x00000020   Data   RO         4502    .constdata          STemWin540_CM7_Keil.lib(f32_1.o)
    0x080173b8   0x080173b8   0x00000020   Data   RO         4503    .constdata          STemWin540_CM7_Keil.lib(f32_1.o)
    0x080173d8   0x080173d8   0x00000020   Data   RO         4504    .constdata          STemWin540_CM7_Keil.lib(f32_1.o)
    0x080173f8   0x080173f8   0x00000040   Data   RO         4505    .constdata          STemWin540_CM7_Keil.lib(f32_1.o)
    0x08017438   0x08017438   0x00000040   Data   RO         4506    .constdata          STemWin540_CM7_Keil.lib(f32_1.o)
    0x08017478   0x08017478   0x00000040   Data   RO         4507    .constdata          STemWin540_CM7_Keil.lib(f32_1.o)
    0x080174b8   0x080174b8   0x00000040   Data   RO         4508    .constdata          STemWin540_CM7_Keil.lib(f32_1.o)
    0x080174f8   0x080174f8   0x00000040   Data   RO         4509    .constdata          STemWin540_CM7_Keil.lib(f32_1.o)
    0x08017538   0x08017538   0x00000040   Data   RO         4510    .constdata          STemWin540_CM7_Keil.lib(f32_1.o)
    0x08017578   0x08017578   0x00000040   Data   RO         4511    .constdata          STemWin540_CM7_Keil.lib(f32_1.o)
    0x080175b8   0x080175b8   0x00000040   Data   RO         4512    .constdata          STemWin540_CM7_Keil.lib(f32_1.o)
    0x080175f8   0x080175f8   0x00000060   Data   RO         4513    .constdata          STemWin540_CM7_Keil.lib(f32_1.o)
    0x08017658   0x08017658   0x00000040   Data   RO         4514    .constdata          STemWin540_CM7_Keil.lib(f32_1.o)
    0x08017698   0x08017698   0x00000040   Data   RO         4515    .constdata          STemWin540_CM7_Keil.lib(f32_1.o)
    0x080176d8   0x080176d8   0x00000040   Data   RO         4516    .constdata          STemWin540_CM7_Keil.lib(f32_1.o)
    0x08017718   0x08017718   0x00000040   Data   RO         4517    .constdata          STemWin540_CM7_Keil.lib(f32_1.o)
    0x08017758   0x08017758   0x00000040   Data   RO         4518    .constdata          STemWin540_CM7_Keil.lib(f32_1.o)
    0x08017798   0x08017798   0x00000040   Data   RO         4519    .constdata          STemWin540_CM7_Keil.lib(f32_1.o)
    0x080177d8   0x080177d8   0x00000040   Data   RO         4520    .constdata          STemWin540_CM7_Keil.lib(f32_1.o)
    0x08017818   0x08017818   0x00000300   Data   RO         4521    .constdata          STemWin540_CM7_Keil.lib(f32_1.o)
    0x08017b18   0x08017b18   0x0000000c   Data   RO         4522    .constdata          STemWin540_CM7_Keil.lib(f32_1.o)
    0x08017b24   0x08017b24   0x00000024   Data   RO         4523    .constdata          STemWin540_CM7_Keil.lib(f32_1.o)
    0x08017b48   0x08017b48   0x00000008   Data   RO         4595    .constdata          STemWin540_CM7_Keil.lib(wm_multibuf.o)
    0x08017b50   0x08017b50   0x00000020   Data   RO         4601    .constdata          STemWin540_CM7_Keil.lib(gui__divtbl.o)
    0x08017b70   0x08017b70   0x00000040   Data   RO         4602    .constdata          STemWin540_CM7_Keil.lib(gui__divtbl.o)
    0x08017bb0   0x08017bb0   0x00000100   Data   RO         4604    .constdata          STemWin540_CM7_Keil.lib(gui__divtbl.o)
    0x08017cb0   0x08017cb0   0x00000100   Data   RO         4605    .constdata          STemWin540_CM7_Keil.lib(gui__divtbl.o)
    0x08017db0   0x08017db0   0x00000010   Data   RO         4764    .constdata          STemWin540_CM7_Keil.lib(gui_uc_encodenone.o)
    0x08017dc0   0x08017dc0   0x00000018   Data   RO         4788    .constdata          STemWin540_CM7_Keil.lib(guicc_0.o)
    0x08017dd8   0x08017dd8   0x00000018   Data   RO         4799    .constdata          STemWin540_CM7_Keil.lib(guicc_565.o)
    0x08017df0   0x08017df0   0x00000100   Data   RO         4850    .constdata          STemWin540_CM7_Keil.lib(lcd_mirror.o)
    0x08017ef0   0x08017ef0   0x00000518   Data   RO         4865    .constdata          STemWin540_CM7_Keil.lib(f6x8.o)
    0x08018408   0x08018408   0x000001c0   Data   RO         4866    .constdata          STemWin540_CM7_Keil.lib(f6x8.o)
    0x080185c8   0x080185c8   0x00000008   Data   RO         4867    .constdata          STemWin540_CM7_Keil.lib(f6x8.o)
    0x080185d0   0x080185d0   0x00000014   Data   RO         4868    .constdata          STemWin540_CM7_Keil.lib(f6x8.o)
    0x080185e4   0x080185e4   0x00000024   Data   RO         4869    .constdata          STemWin540_CM7_Keil.lib(f6x8.o)
    0x08018608   0x08018608   0x0000000d   Data   RO         4871    .constdata          STemWin540_CM7_Keil.lib(f13_1.o)
    0x08018615   0x08018615   0x0000000d   Data   RO         4872    .constdata          STemWin540_CM7_Keil.lib(f13_1.o)
    0x08018622   0x08018622   0x0000000d   Data   RO         4873    .constdata          STemWin540_CM7_Keil.lib(f13_1.o)
    0x0801862f   0x0801862f   0x0000000d   Data   RO         4874    .constdata          STemWin540_CM7_Keil.lib(f13_1.o)
    0x0801863c   0x0801863c   0x0000000d   Data   RO         4875    .constdata          STemWin540_CM7_Keil.lib(f13_1.o)
    0x08018649   0x08018649   0x0000000d   Data   RO         4876    .constdata          STemWin540_CM7_Keil.lib(f13_1.o)
    0x08018656   0x08018656   0x0000000d   Data   RO         4877    .constdata          STemWin540_CM7_Keil.lib(f13_1.o)
    0x08018663   0x08018663   0x0000000d   Data   RO         4878    .constdata          STemWin540_CM7_Keil.lib(f13_1.o)
    0x08018670   0x08018670   0x0000000d   Data   RO         4879    .constdata          STemWin540_CM7_Keil.lib(f13_1.o)
    0x0801867d   0x0801867d   0x0000001a   Data   RO         4880    .constdata          STemWin540_CM7_Keil.lib(f13_1.o)
    0x08018697   0x08018697   0x0000000d   Data   RO         4881    .constdata          STemWin540_CM7_Keil.lib(f13_1.o)
    0x080186a4   0x080186a4   0x0000000d   Data   RO         4882    .constdata          STemWin540_CM7_Keil.lib(f13_1.o)
    0x080186b1   0x080186b1   0x0000000d   Data   RO         4883    .constdata          STemWin540_CM7_Keil.lib(f13_1.o)
    0x080186be   0x080186be   0x0000000d   Data   RO         4884    .constdata          STemWin540_CM7_Keil.lib(f13_1.o)
    0x080186cb   0x080186cb   0x0000001a   Data   RO         4885    .constdata          STemWin540_CM7_Keil.lib(f13_1.o)
    0x080186e5   0x080186e5   0x0000000d   Data   RO         4886    .constdata          STemWin540_CM7_Keil.lib(f13_1.o)
    0x080186f2   0x080186f2   0x0000000d   Data   RO         4887    .constdata          STemWin540_CM7_Keil.lib(f13_1.o)
    0x080186ff   0x080186ff   0x0000000d   Data   RO         4888    .constdata          STemWin540_CM7_Keil.lib(f13_1.o)
    0x0801870c   0x0801870c   0x0000000d   Data   RO         4889    .constdata          STemWin540_CM7_Keil.lib(f13_1.o)
    0x08018719   0x08018719   0x0000000d   Data   RO         4890    .constdata          STemWin540_CM7_Keil.lib(f13_1.o)
    0x08018726   0x08018726   0x0000000d   Data   RO         4891    .constdata          STemWin540_CM7_Keil.lib(f13_1.o)
    0x08018733   0x08018733   0x0000000d   Data   RO         4892    .constdata          STemWin540_CM7_Keil.lib(f13_1.o)
    0x08018740   0x08018740   0x0000000d   Data   RO         4893    .constdata          STemWin540_CM7_Keil.lib(f13_1.o)
    0x0801874d   0x0801874d   0x0000000d   Data   RO         4894    .constdata          STemWin540_CM7_Keil.lib(f13_1.o)
    0x0801875a   0x0801875a   0x0000000d   Data   RO         4895    .constdata          STemWin540_CM7_Keil.lib(f13_1.o)
    0x08018767   0x08018767   0x0000000d   Data   RO         4896    .constdata          STemWin540_CM7_Keil.lib(f13_1.o)
    0x08018774   0x08018774   0x0000000d   Data   RO         4897    .constdata          STemWin540_CM7_Keil.lib(f13_1.o)
    0x08018781   0x08018781   0x0000000d   Data   RO         4898    .constdata          STemWin540_CM7_Keil.lib(f13_1.o)
    0x0801878e   0x0801878e   0x0000001a   Data   RO         4899    .constdata          STemWin540_CM7_Keil.lib(f13_1.o)
    0x080187a8   0x080187a8   0x0000001a   Data   RO         4900    .constdata          STemWin540_CM7_Keil.lib(f13_1.o)
    0x080187c2   0x080187c2   0x0000001a   Data   RO         4901    .constdata          STemWin540_CM7_Keil.lib(f13_1.o)
    0x080187dc   0x080187dc   0x0000000d   Data   RO         4902    .constdata          STemWin540_CM7_Keil.lib(f13_1.o)
    0x080187e9   0x080187e9   0x0000000d   Data   RO         4903    .constdata          STemWin540_CM7_Keil.lib(f13_1.o)
    0x080187f6   0x080187f6   0x0000000d   Data   RO         4904    .constdata          STemWin540_CM7_Keil.lib(f13_1.o)
    0x08018803   0x08018803   0x0000000d   Data   RO         4905    .constdata          STemWin540_CM7_Keil.lib(f13_1.o)
    0x08018810   0x08018810   0x0000000d   Data   RO         4906    .constdata          STemWin540_CM7_Keil.lib(f13_1.o)
    0x0801881d   0x0801881d   0x0000000d   Data   RO         4907    .constdata          STemWin540_CM7_Keil.lib(f13_1.o)
    0x0801882a   0x0801882a   0x0000000d   Data   RO         4908    .constdata          STemWin540_CM7_Keil.lib(f13_1.o)
    0x08018837   0x08018837   0x0000001a   Data   RO         4909    .constdata          STemWin540_CM7_Keil.lib(f13_1.o)
    0x08018851   0x08018851   0x0000000d   Data   RO         4910    .constdata          STemWin540_CM7_Keil.lib(f13_1.o)
    0x0801885e   0x0801885e   0x0000000d   Data   RO         4911    .constdata          STemWin540_CM7_Keil.lib(f13_1.o)
    0x0801886b   0x0801886b   0x0000000d   Data   RO         4912    .constdata          STemWin540_CM7_Keil.lib(f13_1.o)
    0x08018878   0x08018878   0x0000000d   Data   RO         4913    .constdata          STemWin540_CM7_Keil.lib(f13_1.o)
    0x08018885   0x08018885   0x0000000d   Data   RO         4914    .constdata          STemWin540_CM7_Keil.lib(f13_1.o)
    0x08018892   0x08018892   0x0000000d   Data   RO         4915    .constdata          STemWin540_CM7_Keil.lib(f13_1.o)
    0x0801889f   0x0801889f   0x0000000d   Data   RO         4916    .constdata          STemWin540_CM7_Keil.lib(f13_1.o)
    0x080188ac   0x080188ac   0x0000000d   Data   RO         4917    .constdata          STemWin540_CM7_Keil.lib(f13_1.o)
    0x080188b9   0x080188b9   0x0000000d   Data   RO         4918    .constdata          STemWin540_CM7_Keil.lib(f13_1.o)
    0x080188c6   0x080188c6   0x0000000d   Data   RO         4919    .constdata          STemWin540_CM7_Keil.lib(f13_1.o)
    0x080188d3   0x080188d3   0x0000000d   Data   RO         4920    .constdata          STemWin540_CM7_Keil.lib(f13_1.o)
    0x080188e0   0x080188e0   0x0000000d   Data   RO         4921    .constdata          STemWin540_CM7_Keil.lib(f13_1.o)
    0x080188ed   0x080188ed   0x0000000d   Data   RO         4922    .constdata          STemWin540_CM7_Keil.lib(f13_1.o)
    0x080188fa   0x080188fa   0x0000000d   Data   RO         4923    .constdata          STemWin540_CM7_Keil.lib(f13_1.o)
    0x08018907   0x08018907   0x0000000d   Data   RO         4924    .constdata          STemWin540_CM7_Keil.lib(f13_1.o)
    0x08018914   0x08018914   0x0000000d   Data   RO         4925    .constdata          STemWin540_CM7_Keil.lib(f13_1.o)
    0x08018921   0x08018921   0x0000000d   Data   RO         4926    .constdata          STemWin540_CM7_Keil.lib(f13_1.o)
    0x0801892e   0x0801892e   0x0000000d   Data   RO         4927    .constdata          STemWin540_CM7_Keil.lib(f13_1.o)
    0x0801893b   0x0801893b   0x0000000d   Data   RO         4928    .constdata          STemWin540_CM7_Keil.lib(f13_1.o)
    0x08018948   0x08018948   0x0000000d   Data   RO         4929    .constdata          STemWin540_CM7_Keil.lib(f13_1.o)
    0x08018955   0x08018955   0x0000000d   Data   RO         4930    .constdata          STemWin540_CM7_Keil.lib(f13_1.o)
    0x08018962   0x08018962   0x0000000d   Data   RO         4931    .constdata          STemWin540_CM7_Keil.lib(f13_1.o)
    0x0801896f   0x0801896f   0x0000000d   Data   RO         4932    .constdata          STemWin540_CM7_Keil.lib(f13_1.o)
    0x0801897c   0x0801897c   0x0000000d   Data   RO         4933    .constdata          STemWin540_CM7_Keil.lib(f13_1.o)
    0x08018989   0x08018989   0x0000000d   Data   RO         4934    .constdata          STemWin540_CM7_Keil.lib(f13_1.o)
    0x08018996   0x08018996   0x0000000d   Data   RO         4935    .constdata          STemWin540_CM7_Keil.lib(f13_1.o)
    0x080189a3   0x080189a3   0x0000000d   Data   RO         4936    .constdata          STemWin540_CM7_Keil.lib(f13_1.o)
    0x080189b0   0x080189b0   0x0000000d   Data   RO         4937    .constdata          STemWin540_CM7_Keil.lib(f13_1.o)
    0x080189bd   0x080189bd   0x0000000d   Data   RO         4938    .constdata          STemWin540_CM7_Keil.lib(f13_1.o)
    0x080189ca   0x080189ca   0x0000000d   Data   RO         4939    .constdata          STemWin540_CM7_Keil.lib(f13_1.o)
    0x080189d7   0x080189d7   0x0000000d   Data   RO         4940    .constdata          STemWin540_CM7_Keil.lib(f13_1.o)
    0x080189e4   0x080189e4   0x0000001a   Data   RO         4941    .constdata          STemWin540_CM7_Keil.lib(f13_1.o)
    0x080189fe   0x080189fe   0x0000000d   Data   RO         4942    .constdata          STemWin540_CM7_Keil.lib(f13_1.o)
    0x08018a0b   0x08018a0b   0x0000000d   Data   RO         4943    .constdata          STemWin540_CM7_Keil.lib(f13_1.o)
    0x08018a18   0x08018a18   0x0000000d   Data   RO         4944    .constdata          STemWin540_CM7_Keil.lib(f13_1.o)
    0x08018a25   0x08018a25   0x0000000d   Data   RO         4945    .constdata          STemWin540_CM7_Keil.lib(f13_1.o)
    0x08018a32   0x08018a32   0x0000000d   Data   RO         4946    .constdata          STemWin540_CM7_Keil.lib(f13_1.o)
    0x08018a3f   0x08018a3f   0x0000000d   Data   RO         4947    .constdata          STemWin540_CM7_Keil.lib(f13_1.o)
    0x08018a4c   0x08018a4c   0x0000000d   Data   RO         4948    .constdata          STemWin540_CM7_Keil.lib(f13_1.o)
    0x08018a59   0x08018a59   0x0000000d   Data   RO         4949    .constdata          STemWin540_CM7_Keil.lib(f13_1.o)
    0x08018a66   0x08018a66   0x0000000d   Data   RO         4950    .constdata          STemWin540_CM7_Keil.lib(f13_1.o)
    0x08018a73   0x08018a73   0x0000000d   Data   RO         4951    .constdata          STemWin540_CM7_Keil.lib(f13_1.o)
    0x08018a80   0x08018a80   0x0000000d   Data   RO         4952    .constdata          STemWin540_CM7_Keil.lib(f13_1.o)
    0x08018a8d   0x08018a8d   0x0000000d   Data   RO         4953    .constdata          STemWin540_CM7_Keil.lib(f13_1.o)
    0x08018a9a   0x08018a9a   0x0000000d   Data   RO         4954    .constdata          STemWin540_CM7_Keil.lib(f13_1.o)
    0x08018aa7   0x08018aa7   0x0000000d   Data   RO         4955    .constdata          STemWin540_CM7_Keil.lib(f13_1.o)
    0x08018ab4   0x08018ab4   0x0000000d   Data   RO         4956    .constdata          STemWin540_CM7_Keil.lib(f13_1.o)
    0x08018ac1   0x08018ac1   0x0000000d   Data   RO         4957    .constdata          STemWin540_CM7_Keil.lib(f13_1.o)
    0x08018ace   0x08018ace   0x0000000d   Data   RO         4958    .constdata          STemWin540_CM7_Keil.lib(f13_1.o)
    0x08018adb   0x08018adb   0x0000000d   Data   RO         4959    .constdata          STemWin540_CM7_Keil.lib(f13_1.o)
    0x08018ae8   0x08018ae8   0x0000000d   Data   RO         4960    .constdata          STemWin540_CM7_Keil.lib(f13_1.o)
    0x08018af5   0x08018af5   0x0000000d   Data   RO         4961    .constdata          STemWin540_CM7_Keil.lib(f13_1.o)
    0x08018b02   0x08018b02   0x0000000d   Data   RO         4962    .constdata          STemWin540_CM7_Keil.lib(f13_1.o)
    0x08018b0f   0x08018b0f   0x0000000d   Data   RO         4963    .constdata          STemWin540_CM7_Keil.lib(f13_1.o)
    0x08018b1c   0x08018b1c   0x0000000d   Data   RO         4964    .constdata          STemWin540_CM7_Keil.lib(f13_1.o)
    0x08018b29   0x08018b29   0x0000000d   Data   RO         4965    .constdata          STemWin540_CM7_Keil.lib(f13_1.o)
    0x08018b36   0x08018b36   0x0000000d   Data   RO         4966    .constdata          STemWin540_CM7_Keil.lib(f13_1.o)
    0x08018b43   0x08018b43   0x00000001   PAD
    0x08018b44   0x08018b44   0x00000300   Data   RO         4967    .constdata          STemWin540_CM7_Keil.lib(f13_1.o)
    0x08018e44   0x08018e44   0x0000000c   Data   RO         4968    .constdata          STemWin540_CM7_Keil.lib(f13_1.o)
    0x08018e50   0x08018e50   0x00000024   Data   RO         4969    .constdata          STemWin540_CM7_Keil.lib(f13_1.o)
    0x08018e74   0x08018e74   0x00000018   Data   RO         4970    .constdata          STemWin540_CM7_Keil.lib(f24_ascii.o)
    0x08018e8c   0x08018e8c   0x00000018   Data   RO         4971    .constdata          STemWin540_CM7_Keil.lib(f24_ascii.o)
    0x08018ea4   0x08018ea4   0x00000018   Data   RO         4972    .constdata          STemWin540_CM7_Keil.lib(f24_ascii.o)
    0x08018ebc   0x08018ebc   0x00000030   Data   RO         4973    .constdata          STemWin540_CM7_Keil.lib(f24_ascii.o)
    0x08018eec   0x08018eec   0x00000030   Data   RO         4974    .constdata          STemWin540_CM7_Keil.lib(f24_ascii.o)
    0x08018f1c   0x08018f1c   0x00000048   Data   RO         4975    .constdata          STemWin540_CM7_Keil.lib(f24_ascii.o)
    0x08018f64   0x08018f64   0x00000030   Data   RO         4976    .constdata          STemWin540_CM7_Keil.lib(f24_ascii.o)
    0x08018f94   0x08018f94   0x00000018   Data   RO         4977    .constdata          STemWin540_CM7_Keil.lib(f24_ascii.o)
    0x08018fac   0x08018fac   0x00000018   Data   RO         4978    .constdata          STemWin540_CM7_Keil.lib(f24_ascii.o)
    0x08018fc4   0x08018fc4   0x00000018   Data   RO         4979    .constdata          STemWin540_CM7_Keil.lib(f24_ascii.o)
    0x08018fdc   0x08018fdc   0x00000018   Data   RO         4980    .constdata          STemWin540_CM7_Keil.lib(f24_ascii.o)
    0x08018ff4   0x08018ff4   0x00000030   Data   RO         4981    .constdata          STemWin540_CM7_Keil.lib(f24_ascii.o)
    0x08019024   0x08019024   0x00000018   Data   RO         4982    .constdata          STemWin540_CM7_Keil.lib(f24_ascii.o)
    0x0801903c   0x0801903c   0x00000018   Data   RO         4983    .constdata          STemWin540_CM7_Keil.lib(f24_ascii.o)
    0x08019054   0x08019054   0x00000018   Data   RO         4984    .constdata          STemWin540_CM7_Keil.lib(f24_ascii.o)
    0x0801906c   0x0801906c   0x00000018   Data   RO         4985    .constdata          STemWin540_CM7_Keil.lib(f24_ascii.o)
    0x08019084   0x08019084   0x00000030   Data   RO         4986    .constdata          STemWin540_CM7_Keil.lib(f24_ascii.o)
    0x080190b4   0x080190b4   0x00000030   Data   RO         4987    .constdata          STemWin540_CM7_Keil.lib(f24_ascii.o)
    0x080190e4   0x080190e4   0x00000030   Data   RO         4988    .constdata          STemWin540_CM7_Keil.lib(f24_ascii.o)
    0x08019114   0x08019114   0x00000030   Data   RO         4989    .constdata          STemWin540_CM7_Keil.lib(f24_ascii.o)
    0x08019144   0x08019144   0x00000030   Data   RO         4990    .constdata          STemWin540_CM7_Keil.lib(f24_ascii.o)
    0x08019174   0x08019174   0x00000030   Data   RO         4991    .constdata          STemWin540_CM7_Keil.lib(f24_ascii.o)
    0x080191a4   0x080191a4   0x00000030   Data   RO         4992    .constdata          STemWin540_CM7_Keil.lib(f24_ascii.o)
    0x080191d4   0x080191d4   0x00000030   Data   RO         4993    .constdata          STemWin540_CM7_Keil.lib(f24_ascii.o)
    0x08019204   0x08019204   0x00000030   Data   RO         4994    .constdata          STemWin540_CM7_Keil.lib(f24_ascii.o)
    0x08019234   0x08019234   0x00000030   Data   RO         4995    .constdata          STemWin540_CM7_Keil.lib(f24_ascii.o)
    0x08019264   0x08019264   0x00000018   Data   RO         4996    .constdata          STemWin540_CM7_Keil.lib(f24_ascii.o)
    0x0801927c   0x0801927c   0x00000018   Data   RO         4997    .constdata          STemWin540_CM7_Keil.lib(f24_ascii.o)
    0x08019294   0x08019294   0x00000030   Data   RO         4998    .constdata          STemWin540_CM7_Keil.lib(f24_ascii.o)
    0x080192c4   0x080192c4   0x00000030   Data   RO         4999    .constdata          STemWin540_CM7_Keil.lib(f24_ascii.o)
    0x080192f4   0x080192f4   0x00000030   Data   RO         5000    .constdata          STemWin540_CM7_Keil.lib(f24_ascii.o)
    0x08019324   0x08019324   0x00000030   Data   RO         5001    .constdata          STemWin540_CM7_Keil.lib(f24_ascii.o)
    0x08019354   0x08019354   0x00000048   Data   RO         5002    .constdata          STemWin540_CM7_Keil.lib(f24_ascii.o)
    0x0801939c   0x0801939c   0x00000030   Data   RO         5003    .constdata          STemWin540_CM7_Keil.lib(f24_ascii.o)
    0x080193cc   0x080193cc   0x00000030   Data   RO         5004    .constdata          STemWin540_CM7_Keil.lib(f24_ascii.o)
    0x080193fc   0x080193fc   0x00000030   Data   RO         5005    .constdata          STemWin540_CM7_Keil.lib(f24_ascii.o)
    0x0801942c   0x0801942c   0x00000030   Data   RO         5006    .constdata          STemWin540_CM7_Keil.lib(f24_ascii.o)
    0x0801945c   0x0801945c   0x00000030   Data   RO         5007    .constdata          STemWin540_CM7_Keil.lib(f24_ascii.o)
    0x0801948c   0x0801948c   0x00000030   Data   RO         5008    .constdata          STemWin540_CM7_Keil.lib(f24_ascii.o)
    0x080194bc   0x080194bc   0x00000030   Data   RO         5009    .constdata          STemWin540_CM7_Keil.lib(f24_ascii.o)
    0x080194ec   0x080194ec   0x00000030   Data   RO         5010    .constdata          STemWin540_CM7_Keil.lib(f24_ascii.o)
    0x0801951c   0x0801951c   0x00000018   Data   RO         5011    .constdata          STemWin540_CM7_Keil.lib(f24_ascii.o)
    0x08019534   0x08019534   0x00000030   Data   RO         5012    .constdata          STemWin540_CM7_Keil.lib(f24_ascii.o)
    0x08019564   0x08019564   0x00000030   Data   RO         5013    .constdata          STemWin540_CM7_Keil.lib(f24_ascii.o)
    0x08019594   0x08019594   0x00000030   Data   RO         5014    .constdata          STemWin540_CM7_Keil.lib(f24_ascii.o)
    0x080195c4   0x080195c4   0x00000048   Data   RO         5015    .constdata          STemWin540_CM7_Keil.lib(f24_ascii.o)
    0x0801960c   0x0801960c   0x00000030   Data   RO         5016    .constdata          STemWin540_CM7_Keil.lib(f24_ascii.o)
    0x0801963c   0x0801963c   0x00000030   Data   RO         5017    .constdata          STemWin540_CM7_Keil.lib(f24_ascii.o)
    0x0801966c   0x0801966c   0x00000030   Data   RO         5018    .constdata          STemWin540_CM7_Keil.lib(f24_ascii.o)
    0x0801969c   0x0801969c   0x00000030   Data   RO         5019    .constdata          STemWin540_CM7_Keil.lib(f24_ascii.o)
    0x080196cc   0x080196cc   0x00000030   Data   RO         5020    .constdata          STemWin540_CM7_Keil.lib(f24_ascii.o)
    0x080196fc   0x080196fc   0x00000030   Data   RO         5021    .constdata          STemWin540_CM7_Keil.lib(f24_ascii.o)
    0x0801972c   0x0801972c   0x00000030   Data   RO         5022    .constdata          STemWin540_CM7_Keil.lib(f24_ascii.o)
    0x0801975c   0x0801975c   0x00000030   Data   RO         5023    .constdata          STemWin540_CM7_Keil.lib(f24_ascii.o)
    0x0801978c   0x0801978c   0x00000030   Data   RO         5024    .constdata          STemWin540_CM7_Keil.lib(f24_ascii.o)
    0x080197bc   0x080197bc   0x00000048   Data   RO         5025    .constdata          STemWin540_CM7_Keil.lib(f24_ascii.o)
    0x08019804   0x08019804   0x00000030   Data   RO         5026    .constdata          STemWin540_CM7_Keil.lib(f24_ascii.o)
    0x08019834   0x08019834   0x00000030   Data   RO         5027    .constdata          STemWin540_CM7_Keil.lib(f24_ascii.o)
    0x08019864   0x08019864   0x00000030   Data   RO         5028    .constdata          STemWin540_CM7_Keil.lib(f24_ascii.o)
    0x08019894   0x08019894   0x00000018   Data   RO         5029    .constdata          STemWin540_CM7_Keil.lib(f24_ascii.o)
    0x080198ac   0x080198ac   0x00000018   Data   RO         5030    .constdata          STemWin540_CM7_Keil.lib(f24_ascii.o)
    0x080198c4   0x080198c4   0x00000018   Data   RO         5031    .constdata          STemWin540_CM7_Keil.lib(f24_ascii.o)
    0x080198dc   0x080198dc   0x00000018   Data   RO         5032    .constdata          STemWin540_CM7_Keil.lib(f24_ascii.o)
    0x080198f4   0x080198f4   0x00000030   Data   RO         5033    .constdata          STemWin540_CM7_Keil.lib(f24_ascii.o)
    0x08019924   0x08019924   0x00000018   Data   RO         5034    .constdata          STemWin540_CM7_Keil.lib(f24_ascii.o)
    0x0801993c   0x0801993c   0x00000030   Data   RO         5035    .constdata          STemWin540_CM7_Keil.lib(f24_ascii.o)
    0x0801996c   0x0801996c   0x00000030   Data   RO         5036    .constdata          STemWin540_CM7_Keil.lib(f24_ascii.o)
    0x0801999c   0x0801999c   0x00000030   Data   RO         5037    .constdata          STemWin540_CM7_Keil.lib(f24_ascii.o)
    0x080199cc   0x080199cc   0x00000030   Data   RO         5038    .constdata          STemWin540_CM7_Keil.lib(f24_ascii.o)
    0x080199fc   0x080199fc   0x00000030   Data   RO         5039    .constdata          STemWin540_CM7_Keil.lib(f24_ascii.o)
    0x08019a2c   0x08019a2c   0x00000018   Data   RO         5040    .constdata          STemWin540_CM7_Keil.lib(f24_ascii.o)
    0x08019a44   0x08019a44   0x00000030   Data   RO         5041    .constdata          STemWin540_CM7_Keil.lib(f24_ascii.o)
    0x08019a74   0x08019a74   0x00000030   Data   RO         5042    .constdata          STemWin540_CM7_Keil.lib(f24_ascii.o)
    0x08019aa4   0x08019aa4   0x00000018   Data   RO         5043    .constdata          STemWin540_CM7_Keil.lib(f24_ascii.o)
    0x08019abc   0x08019abc   0x00000018   Data   RO         5044    .constdata          STemWin540_CM7_Keil.lib(f24_ascii.o)
    0x08019ad4   0x08019ad4   0x00000030   Data   RO         5045    .constdata          STemWin540_CM7_Keil.lib(f24_ascii.o)
    0x08019b04   0x08019b04   0x00000018   Data   RO         5046    .constdata          STemWin540_CM7_Keil.lib(f24_ascii.o)
    0x08019b1c   0x08019b1c   0x00000030   Data   RO         5047    .constdata          STemWin540_CM7_Keil.lib(f24_ascii.o)
    0x08019b4c   0x08019b4c   0x00000030   Data   RO         5048    .constdata          STemWin540_CM7_Keil.lib(f24_ascii.o)
    0x08019b7c   0x08019b7c   0x00000030   Data   RO         5049    .constdata          STemWin540_CM7_Keil.lib(f24_ascii.o)
    0x08019bac   0x08019bac   0x00000030   Data   RO         5050    .constdata          STemWin540_CM7_Keil.lib(f24_ascii.o)
    0x08019bdc   0x08019bdc   0x00000030   Data   RO         5051    .constdata          STemWin540_CM7_Keil.lib(f24_ascii.o)
    0x08019c0c   0x08019c0c   0x00000018   Data   RO         5052    .constdata          STemWin540_CM7_Keil.lib(f24_ascii.o)
    0x08019c24   0x08019c24   0x00000030   Data   RO         5053    .constdata          STemWin540_CM7_Keil.lib(f24_ascii.o)
    0x08019c54   0x08019c54   0x00000018   Data   RO         5054    .constdata          STemWin540_CM7_Keil.lib(f24_ascii.o)
    0x08019c6c   0x08019c6c   0x00000030   Data   RO         5055    .constdata          STemWin540_CM7_Keil.lib(f24_ascii.o)
    0x08019c9c   0x08019c9c   0x00000030   Data   RO         5056    .constdata          STemWin540_CM7_Keil.lib(f24_ascii.o)
    0x08019ccc   0x08019ccc   0x00000030   Data   RO         5057    .constdata          STemWin540_CM7_Keil.lib(f24_ascii.o)
    0x08019cfc   0x08019cfc   0x00000030   Data   RO         5058    .constdata          STemWin540_CM7_Keil.lib(f24_ascii.o)
    0x08019d2c   0x08019d2c   0x00000030   Data   RO         5059    .constdata          STemWin540_CM7_Keil.lib(f24_ascii.o)
    0x08019d5c   0x08019d5c   0x00000030   Data   RO         5060    .constdata          STemWin540_CM7_Keil.lib(f24_ascii.o)
    0x08019d8c   0x08019d8c   0x00000018   Data   RO         5061    .constdata          STemWin540_CM7_Keil.lib(f24_ascii.o)
    0x08019da4   0x08019da4   0x00000018   Data   RO         5062    .constdata          STemWin540_CM7_Keil.lib(f24_ascii.o)
    0x08019dbc   0x08019dbc   0x00000018   Data   RO         5063    .constdata          STemWin540_CM7_Keil.lib(f24_ascii.o)
    0x08019dd4   0x08019dd4   0x00000030   Data   RO         5064    .constdata          STemWin540_CM7_Keil.lib(f24_ascii.o)
    0x08019e04   0x08019e04   0x000002f8   Data   RO         5065    .constdata          STemWin540_CM7_Keil.lib(f24_ascii.o)
    0x0801a0fc   0x0801a0fc   0x0000000c   Data   RO         5066    .constdata          STemWin540_CM7_Keil.lib(f24_ascii.o)
    0x0801a108   0x0801a108   0x00000020   Data   RO         5068    .constdata          STemWin540_CM7_Keil.lib(f32_ascii.o)
    0x0801a128   0x0801a128   0x00000020   Data   RO         5069    .constdata          STemWin540_CM7_Keil.lib(f32_ascii.o)
    0x0801a148   0x0801a148   0x00000040   Data   RO         5070    .constdata          STemWin540_CM7_Keil.lib(f32_ascii.o)
    0x0801a188   0x0801a188   0x00000040   Data   RO         5071    .constdata          STemWin540_CM7_Keil.lib(f32_ascii.o)
    0x0801a1c8   0x0801a1c8   0x00000040   Data   RO         5072    .constdata          STemWin540_CM7_Keil.lib(f32_ascii.o)
    0x0801a208   0x0801a208   0x00000060   Data   RO         5073    .constdata          STemWin540_CM7_Keil.lib(f32_ascii.o)
    0x0801a268   0x0801a268   0x00000060   Data   RO         5074    .constdata          STemWin540_CM7_Keil.lib(f32_ascii.o)
    0x0801a2c8   0x0801a2c8   0x00000020   Data   RO         5075    .constdata          STemWin540_CM7_Keil.lib(f32_ascii.o)
    0x0801a2e8   0x0801a2e8   0x00000040   Data   RO         5076    .constdata          STemWin540_CM7_Keil.lib(f32_ascii.o)
    0x0801a328   0x0801a328   0x00000040   Data   RO         5077    .constdata          STemWin540_CM7_Keil.lib(f32_ascii.o)
    0x0801a368   0x0801a368   0x00000040   Data   RO         5078    .constdata          STemWin540_CM7_Keil.lib(f32_ascii.o)
    0x0801a3a8   0x0801a3a8   0x00000040   Data   RO         5079    .constdata          STemWin540_CM7_Keil.lib(f32_ascii.o)
    0x0801a3e8   0x0801a3e8   0x00000020   Data   RO         5080    .constdata          STemWin540_CM7_Keil.lib(f32_ascii.o)
    0x0801a408   0x0801a408   0x00000040   Data   RO         5081    .constdata          STemWin540_CM7_Keil.lib(f32_ascii.o)
    0x0801a448   0x0801a448   0x00000020   Data   RO         5082    .constdata          STemWin540_CM7_Keil.lib(f32_ascii.o)
    0x0801a468   0x0801a468   0x00000020   Data   RO         5083    .constdata          STemWin540_CM7_Keil.lib(f32_ascii.o)
    0x0801a488   0x0801a488   0x00000040   Data   RO         5084    .constdata          STemWin540_CM7_Keil.lib(f32_ascii.o)
    0x0801a4c8   0x0801a4c8   0x00000040   Data   RO         5085    .constdata          STemWin540_CM7_Keil.lib(f32_ascii.o)
    0x0801a508   0x0801a508   0x00000040   Data   RO         5086    .constdata          STemWin540_CM7_Keil.lib(f32_ascii.o)
    0x0801a548   0x0801a548   0x00000040   Data   RO         5087    .constdata          STemWin540_CM7_Keil.lib(f32_ascii.o)
    0x0801a588   0x0801a588   0x00000040   Data   RO         5088    .constdata          STemWin540_CM7_Keil.lib(f32_ascii.o)
    0x0801a5c8   0x0801a5c8   0x00000040   Data   RO         5089    .constdata          STemWin540_CM7_Keil.lib(f32_ascii.o)
    0x0801a608   0x0801a608   0x00000040   Data   RO         5090    .constdata          STemWin540_CM7_Keil.lib(f32_ascii.o)
    0x0801a648   0x0801a648   0x00000040   Data   RO         5091    .constdata          STemWin540_CM7_Keil.lib(f32_ascii.o)
    0x0801a688   0x0801a688   0x00000040   Data   RO         5092    .constdata          STemWin540_CM7_Keil.lib(f32_ascii.o)
    0x0801a6c8   0x0801a6c8   0x00000040   Data   RO         5093    .constdata          STemWin540_CM7_Keil.lib(f32_ascii.o)
    0x0801a708   0x0801a708   0x00000020   Data   RO         5094    .constdata          STemWin540_CM7_Keil.lib(f32_ascii.o)
    0x0801a728   0x0801a728   0x00000020   Data   RO         5095    .constdata          STemWin540_CM7_Keil.lib(f32_ascii.o)
    0x0801a748   0x0801a748   0x00000040   Data   RO         5096    .constdata          STemWin540_CM7_Keil.lib(f32_ascii.o)
    0x0801a788   0x0801a788   0x00000040   Data   RO         5097    .constdata          STemWin540_CM7_Keil.lib(f32_ascii.o)
    0x0801a7c8   0x0801a7c8   0x00000040   Data   RO         5098    .constdata          STemWin540_CM7_Keil.lib(f32_ascii.o)
    0x0801a808   0x0801a808   0x00000040   Data   RO         5099    .constdata          STemWin540_CM7_Keil.lib(f32_ascii.o)
    0x0801a848   0x0801a848   0x00000080   Data   RO         5100    .constdata          STemWin540_CM7_Keil.lib(f32_ascii.o)
    0x0801a8c8   0x0801a8c8   0x00000060   Data   RO         5101    .constdata          STemWin540_CM7_Keil.lib(f32_ascii.o)
    0x0801a928   0x0801a928   0x00000060   Data   RO         5102    .constdata          STemWin540_CM7_Keil.lib(f32_ascii.o)
    0x0801a988   0x0801a988   0x00000060   Data   RO         5103    .constdata          STemWin540_CM7_Keil.lib(f32_ascii.o)
    0x0801a9e8   0x0801a9e8   0x00000060   Data   RO         5104    .constdata          STemWin540_CM7_Keil.lib(f32_ascii.o)
    0x0801aa48   0x0801aa48   0x00000060   Data   RO         5105    .constdata          STemWin540_CM7_Keil.lib(f32_ascii.o)
    0x0801aaa8   0x0801aaa8   0x00000060   Data   RO         5106    .constdata          STemWin540_CM7_Keil.lib(f32_ascii.o)
    0x0801ab08   0x0801ab08   0x00000060   Data   RO         5107    .constdata          STemWin540_CM7_Keil.lib(f32_ascii.o)
    0x0801ab68   0x0801ab68   0x00000060   Data   RO         5108    .constdata          STemWin540_CM7_Keil.lib(f32_ascii.o)
    0x0801abc8   0x0801abc8   0x00000020   Data   RO         5109    .constdata          STemWin540_CM7_Keil.lib(f32_ascii.o)
    0x0801abe8   0x0801abe8   0x00000040   Data   RO         5110    .constdata          STemWin540_CM7_Keil.lib(f32_ascii.o)
    0x0801ac28   0x0801ac28   0x00000060   Data   RO         5111    .constdata          STemWin540_CM7_Keil.lib(f32_ascii.o)
    0x0801ac88   0x0801ac88   0x00000040   Data   RO         5112    .constdata          STemWin540_CM7_Keil.lib(f32_ascii.o)
    0x0801acc8   0x0801acc8   0x00000060   Data   RO         5113    .constdata          STemWin540_CM7_Keil.lib(f32_ascii.o)
    0x0801ad28   0x0801ad28   0x00000060   Data   RO         5114    .constdata          STemWin540_CM7_Keil.lib(f32_ascii.o)
    0x0801ad88   0x0801ad88   0x00000060   Data   RO         5115    .constdata          STemWin540_CM7_Keil.lib(f32_ascii.o)
    0x0801ade8   0x0801ade8   0x00000060   Data   RO         5116    .constdata          STemWin540_CM7_Keil.lib(f32_ascii.o)
    0x0801ae48   0x0801ae48   0x00000060   Data   RO         5117    .constdata          STemWin540_CM7_Keil.lib(f32_ascii.o)
    0x0801aea8   0x0801aea8   0x00000060   Data   RO         5118    .constdata          STemWin540_CM7_Keil.lib(f32_ascii.o)
    0x0801af08   0x0801af08   0x00000060   Data   RO         5119    .constdata          STemWin540_CM7_Keil.lib(f32_ascii.o)
    0x0801af68   0x0801af68   0x00000040   Data   RO         5120    .constdata          STemWin540_CM7_Keil.lib(f32_ascii.o)
    0x0801afa8   0x0801afa8   0x00000060   Data   RO         5121    .constdata          STemWin540_CM7_Keil.lib(f32_ascii.o)
    0x0801b008   0x0801b008   0x00000060   Data   RO         5122    .constdata          STemWin540_CM7_Keil.lib(f32_ascii.o)
    0x0801b068   0x0801b068   0x00000080   Data   RO         5123    .constdata          STemWin540_CM7_Keil.lib(f32_ascii.o)
    0x0801b0e8   0x0801b0e8   0x00000060   Data   RO         5124    .constdata          STemWin540_CM7_Keil.lib(f32_ascii.o)
    0x0801b148   0x0801b148   0x00000060   Data   RO         5125    .constdata          STemWin540_CM7_Keil.lib(f32_ascii.o)
    0x0801b1a8   0x0801b1a8   0x00000060   Data   RO         5126    .constdata          STemWin540_CM7_Keil.lib(f32_ascii.o)
    0x0801b208   0x0801b208   0x00000020   Data   RO         5127    .constdata          STemWin540_CM7_Keil.lib(f32_ascii.o)
    0x0801b228   0x0801b228   0x00000020   Data   RO         5128    .constdata          STemWin540_CM7_Keil.lib(f32_ascii.o)
    0x0801b248   0x0801b248   0x00000020   Data   RO         5129    .constdata          STemWin540_CM7_Keil.lib(f32_ascii.o)
    0x0801b268   0x0801b268   0x00000040   Data   RO         5130    .constdata          STemWin540_CM7_Keil.lib(f32_ascii.o)
    0x0801b2a8   0x0801b2a8   0x00000040   Data   RO         5131    .constdata          STemWin540_CM7_Keil.lib(f32_ascii.o)
    0x0801b2e8   0x0801b2e8   0x00000040   Data   RO         5132    .constdata          STemWin540_CM7_Keil.lib(f32_ascii.o)
    0x0801b328   0x0801b328   0x00000040   Data   RO         5133    .constdata          STemWin540_CM7_Keil.lib(f32_ascii.o)
    0x0801b368   0x0801b368   0x00000040   Data   RO         5134    .constdata          STemWin540_CM7_Keil.lib(f32_ascii.o)
    0x0801b3a8   0x0801b3a8   0x00000040   Data   RO         5135    .constdata          STemWin540_CM7_Keil.lib(f32_ascii.o)
    0x0801b3e8   0x0801b3e8   0x00000040   Data   RO         5136    .constdata          STemWin540_CM7_Keil.lib(f32_ascii.o)
    0x0801b428   0x0801b428   0x00000040   Data   RO         5137    .constdata          STemWin540_CM7_Keil.lib(f32_ascii.o)
    0x0801b468   0x0801b468   0x00000020   Data   RO         5138    .constdata          STemWin540_CM7_Keil.lib(f32_ascii.o)
    0x0801b488   0x0801b488   0x00000040   Data   RO         5139    .constdata          STemWin540_CM7_Keil.lib(f32_ascii.o)
    0x0801b4c8   0x0801b4c8   0x00000040   Data   RO         5140    .constdata          STemWin540_CM7_Keil.lib(f32_ascii.o)
    0x0801b508   0x0801b508   0x00000020   Data   RO         5141    .constdata          STemWin540_CM7_Keil.lib(f32_ascii.o)
    0x0801b528   0x0801b528   0x00000020   Data   RO         5142    .constdata          STemWin540_CM7_Keil.lib(f32_ascii.o)
    0x0801b548   0x0801b548   0x00000040   Data   RO         5143    .constdata          STemWin540_CM7_Keil.lib(f32_ascii.o)
    0x0801b588   0x0801b588   0x00000020   Data   RO         5144    .constdata          STemWin540_CM7_Keil.lib(f32_ascii.o)
    0x0801b5a8   0x0801b5a8   0x00000060   Data   RO         5145    .constdata          STemWin540_CM7_Keil.lib(f32_ascii.o)
    0x0801b608   0x0801b608   0x00000040   Data   RO         5146    .constdata          STemWin540_CM7_Keil.lib(f32_ascii.o)
    0x0801b648   0x0801b648   0x00000040   Data   RO         5147    .constdata          STemWin540_CM7_Keil.lib(f32_ascii.o)
    0x0801b688   0x0801b688   0x00000040   Data   RO         5148    .constdata          STemWin540_CM7_Keil.lib(f32_ascii.o)
    0x0801b6c8   0x0801b6c8   0x00000040   Data   RO         5149    .constdata          STemWin540_CM7_Keil.lib(f32_ascii.o)
    0x0801b708   0x0801b708   0x00000040   Data   RO         5150    .constdata          STemWin540_CM7_Keil.lib(f32_ascii.o)
    0x0801b748   0x0801b748   0x00000040   Data   RO         5151    .constdata          STemWin540_CM7_Keil.lib(f32_ascii.o)
    0x0801b788   0x0801b788   0x00000020   Data   RO         5152    .constdata          STemWin540_CM7_Keil.lib(f32_ascii.o)
    0x0801b7a8   0x0801b7a8   0x00000040   Data   RO         5153    .constdata          STemWin540_CM7_Keil.lib(f32_ascii.o)
    0x0801b7e8   0x0801b7e8   0x00000040   Data   RO         5154    .constdata          STemWin540_CM7_Keil.lib(f32_ascii.o)
    0x0801b828   0x0801b828   0x00000060   Data   RO         5155    .constdata          STemWin540_CM7_Keil.lib(f32_ascii.o)
    0x0801b888   0x0801b888   0x00000040   Data   RO         5156    .constdata          STemWin540_CM7_Keil.lib(f32_ascii.o)
    0x0801b8c8   0x0801b8c8   0x00000040   Data   RO         5157    .constdata          STemWin540_CM7_Keil.lib(f32_ascii.o)
    0x0801b908   0x0801b908   0x00000040   Data   RO         5158    .constdata          STemWin540_CM7_Keil.lib(f32_ascii.o)
    0x0801b948   0x0801b948   0x00000040   Data   RO         5159    .constdata          STemWin540_CM7_Keil.lib(f32_ascii.o)
    0x0801b988   0x0801b988   0x00000020   Data   RO         5160    .constdata          STemWin540_CM7_Keil.lib(f32_ascii.o)
    0x0801b9a8   0x0801b9a8   0x00000040   Data   RO         5161    .constdata          STemWin540_CM7_Keil.lib(f32_ascii.o)
    0x0801b9e8   0x0801b9e8   0x00000040   Data   RO         5162    .constdata          STemWin540_CM7_Keil.lib(f32_ascii.o)
    0x0801ba28   0x0801ba28   0x000002f8   Data   RO         5163    .constdata          STemWin540_CM7_Keil.lib(f32_ascii.o)
    0x0801bd20   0x0801bd20   0x0000000c   Data   RO         5164    .constdata          STemWin540_CM7_Keil.lib(f32_ascii.o)
    0x0801bd2c   0x0801bd2c   0x00000074   Data   RO         5183    .constdata          STemWin540_CM7_Keil.lib(guidev_16.o)
    0x0801bda0   0x0801bda0   0x00000074   Data   RO         5219    .constdata          STemWin540_CM7_Keil.lib(guidev_32.o)
    0x0801be14   0x0801be14   0x00000010   Data   RO         5249    .constdata          STemWin540_CM7_Keil.lib(button_skinflex.o)
    0x0801be24   0x0801be24   0x0000000d   Data   RO         5798    .constdata          STemWin540_CM7_Keil.lib(f13_ascii.o)
    0x0801be31   0x0801be31   0x0000000d   Data   RO         5799    .constdata          STemWin540_CM7_Keil.lib(f13_ascii.o)
    0x0801be3e   0x0801be3e   0x0000000d   Data   RO         5800    .constdata          STemWin540_CM7_Keil.lib(f13_ascii.o)
    0x0801be4b   0x0801be4b   0x0000000d   Data   RO         5801    .constdata          STemWin540_CM7_Keil.lib(f13_ascii.o)
    0x0801be58   0x0801be58   0x0000000d   Data   RO         5802    .constdata          STemWin540_CM7_Keil.lib(f13_ascii.o)
    0x0801be65   0x0801be65   0x0000001a   Data   RO         5803    .constdata          STemWin540_CM7_Keil.lib(f13_ascii.o)
    0x0801be7f   0x0801be7f   0x0000000d   Data   RO         5804    .constdata          STemWin540_CM7_Keil.lib(f13_ascii.o)
    0x0801be8c   0x0801be8c   0x0000000d   Data   RO         5805    .constdata          STemWin540_CM7_Keil.lib(f13_ascii.o)
    0x0801be99   0x0801be99   0x0000000d   Data   RO         5806    .constdata          STemWin540_CM7_Keil.lib(f13_ascii.o)
    0x0801bea6   0x0801bea6   0x0000000d   Data   RO         5807    .constdata          STemWin540_CM7_Keil.lib(f13_ascii.o)
    0x0801beb3   0x0801beb3   0x0000000d   Data   RO         5808    .constdata          STemWin540_CM7_Keil.lib(f13_ascii.o)
    0x0801bec0   0x0801bec0   0x0000000d   Data   RO         5809    .constdata          STemWin540_CM7_Keil.lib(f13_ascii.o)
    0x0801becd   0x0801becd   0x0000000d   Data   RO         5810    .constdata          STemWin540_CM7_Keil.lib(f13_ascii.o)
    0x0801beda   0x0801beda   0x0000000d   Data   RO         5811    .constdata          STemWin540_CM7_Keil.lib(f13_ascii.o)
    0x0801bee7   0x0801bee7   0x0000000d   Data   RO         5812    .constdata          STemWin540_CM7_Keil.lib(f13_ascii.o)
    0x0801bef4   0x0801bef4   0x0000000d   Data   RO         5813    .constdata          STemWin540_CM7_Keil.lib(f13_ascii.o)
    0x0801bf01   0x0801bf01   0x0000000d   Data   RO         5814    .constdata          STemWin540_CM7_Keil.lib(f13_ascii.o)
    0x0801bf0e   0x0801bf0e   0x0000000d   Data   RO         5815    .constdata          STemWin540_CM7_Keil.lib(f13_ascii.o)
    0x0801bf1b   0x0801bf1b   0x0000000d   Data   RO         5816    .constdata          STemWin540_CM7_Keil.lib(f13_ascii.o)
    0x0801bf28   0x0801bf28   0x0000000d   Data   RO         5817    .constdata          STemWin540_CM7_Keil.lib(f13_ascii.o)
    0x0801bf35   0x0801bf35   0x0000000d   Data   RO         5818    .constdata          STemWin540_CM7_Keil.lib(f13_ascii.o)
    0x0801bf42   0x0801bf42   0x0000000d   Data   RO         5819    .constdata          STemWin540_CM7_Keil.lib(f13_ascii.o)
    0x0801bf4f   0x0801bf4f   0x0000000d   Data   RO         5820    .constdata          STemWin540_CM7_Keil.lib(f13_ascii.o)
    0x0801bf5c   0x0801bf5c   0x0000000d   Data   RO         5821    .constdata          STemWin540_CM7_Keil.lib(f13_ascii.o)
    0x0801bf69   0x0801bf69   0x0000000d   Data   RO         5822    .constdata          STemWin540_CM7_Keil.lib(f13_ascii.o)
    0x0801bf76   0x0801bf76   0x0000000d   Data   RO         5823    .constdata          STemWin540_CM7_Keil.lib(f13_ascii.o)
    0x0801bf83   0x0801bf83   0x0000000d   Data   RO         5824    .constdata          STemWin540_CM7_Keil.lib(f13_ascii.o)
    0x0801bf90   0x0801bf90   0x0000000d   Data   RO         5825    .constdata          STemWin540_CM7_Keil.lib(f13_ascii.o)
    0x0801bf9d   0x0801bf9d   0x0000000d   Data   RO         5826    .constdata          STemWin540_CM7_Keil.lib(f13_ascii.o)
    0x0801bfaa   0x0801bfaa   0x0000000d   Data   RO         5827    .constdata          STemWin540_CM7_Keil.lib(f13_ascii.o)
    0x0801bfb7   0x0801bfb7   0x0000000d   Data   RO         5828    .constdata          STemWin540_CM7_Keil.lib(f13_ascii.o)
    0x0801bfc4   0x0801bfc4   0x0000000d   Data   RO         5829    .constdata          STemWin540_CM7_Keil.lib(f13_ascii.o)
    0x0801bfd1   0x0801bfd1   0x0000001a   Data   RO         5830    .constdata          STemWin540_CM7_Keil.lib(f13_ascii.o)
    0x0801bfeb   0x0801bfeb   0x0000000d   Data   RO         5831    .constdata          STemWin540_CM7_Keil.lib(f13_ascii.o)
    0x0801bff8   0x0801bff8   0x0000000d   Data   RO         5832    .constdata          STemWin540_CM7_Keil.lib(f13_ascii.o)
    0x0801c005   0x0801c005   0x0000000d   Data   RO         5833    .constdata          STemWin540_CM7_Keil.lib(f13_ascii.o)
    0x0801c012   0x0801c012   0x0000000d   Data   RO         5834    .constdata          STemWin540_CM7_Keil.lib(f13_ascii.o)
    0x0801c01f   0x0801c01f   0x0000000d   Data   RO         5835    .constdata          STemWin540_CM7_Keil.lib(f13_ascii.o)
    0x0801c02c   0x0801c02c   0x0000000d   Data   RO         5836    .constdata          STemWin540_CM7_Keil.lib(f13_ascii.o)
    0x0801c039   0x0801c039   0x0000000d   Data   RO         5837    .constdata          STemWin540_CM7_Keil.lib(f13_ascii.o)
    0x0801c046   0x0801c046   0x0000000d   Data   RO         5838    .constdata          STemWin540_CM7_Keil.lib(f13_ascii.o)
    0x0801c053   0x0801c053   0x0000000d   Data   RO         5839    .constdata          STemWin540_CM7_Keil.lib(f13_ascii.o)
    0x0801c060   0x0801c060   0x0000000d   Data   RO         5840    .constdata          STemWin540_CM7_Keil.lib(f13_ascii.o)
    0x0801c06d   0x0801c06d   0x0000000d   Data   RO         5841    .constdata          STemWin540_CM7_Keil.lib(f13_ascii.o)
    0x0801c07a   0x0801c07a   0x0000000d   Data   RO         5842    .constdata          STemWin540_CM7_Keil.lib(f13_ascii.o)
    0x0801c087   0x0801c087   0x0000000d   Data   RO         5843    .constdata          STemWin540_CM7_Keil.lib(f13_ascii.o)
    0x0801c094   0x0801c094   0x0000000d   Data   RO         5844    .constdata          STemWin540_CM7_Keil.lib(f13_ascii.o)
    0x0801c0a1   0x0801c0a1   0x0000000d   Data   RO         5845    .constdata          STemWin540_CM7_Keil.lib(f13_ascii.o)
    0x0801c0ae   0x0801c0ae   0x0000000d   Data   RO         5846    .constdata          STemWin540_CM7_Keil.lib(f13_ascii.o)
    0x0801c0bb   0x0801c0bb   0x0000000d   Data   RO         5847    .constdata          STemWin540_CM7_Keil.lib(f13_ascii.o)
    0x0801c0c8   0x0801c0c8   0x0000000d   Data   RO         5848    .constdata          STemWin540_CM7_Keil.lib(f13_ascii.o)
    0x0801c0d5   0x0801c0d5   0x0000000d   Data   RO         5849    .constdata          STemWin540_CM7_Keil.lib(f13_ascii.o)
    0x0801c0e2   0x0801c0e2   0x0000000d   Data   RO         5850    .constdata          STemWin540_CM7_Keil.lib(f13_ascii.o)
    0x0801c0ef   0x0801c0ef   0x0000000d   Data   RO         5851    .constdata          STemWin540_CM7_Keil.lib(f13_ascii.o)
    0x0801c0fc   0x0801c0fc   0x0000000d   Data   RO         5852    .constdata          STemWin540_CM7_Keil.lib(f13_ascii.o)
    0x0801c109   0x0801c109   0x0000001a   Data   RO         5853    .constdata          STemWin540_CM7_Keil.lib(f13_ascii.o)
    0x0801c123   0x0801c123   0x0000000d   Data   RO         5854    .constdata          STemWin540_CM7_Keil.lib(f13_ascii.o)
    0x0801c130   0x0801c130   0x0000000d   Data   RO         5855    .constdata          STemWin540_CM7_Keil.lib(f13_ascii.o)
    0x0801c13d   0x0801c13d   0x0000000d   Data   RO         5856    .constdata          STemWin540_CM7_Keil.lib(f13_ascii.o)
    0x0801c14a   0x0801c14a   0x0000000d   Data   RO         5857    .constdata          STemWin540_CM7_Keil.lib(f13_ascii.o)
    0x0801c157   0x0801c157   0x0000000d   Data   RO         5858    .constdata          STemWin540_CM7_Keil.lib(f13_ascii.o)
    0x0801c164   0x0801c164   0x0000000d   Data   RO         5859    .constdata          STemWin540_CM7_Keil.lib(f13_ascii.o)
    0x0801c171   0x0801c171   0x0000000d   Data   RO         5860    .constdata          STemWin540_CM7_Keil.lib(f13_ascii.o)
    0x0801c17e   0x0801c17e   0x0000000d   Data   RO         5861    .constdata          STemWin540_CM7_Keil.lib(f13_ascii.o)
    0x0801c18b   0x0801c18b   0x0000000d   Data   RO         5862    .constdata          STemWin540_CM7_Keil.lib(f13_ascii.o)
    0x0801c198   0x0801c198   0x0000000d   Data   RO         5863    .constdata          STemWin540_CM7_Keil.lib(f13_ascii.o)
    0x0801c1a5   0x0801c1a5   0x0000000d   Data   RO         5864    .constdata          STemWin540_CM7_Keil.lib(f13_ascii.o)
    0x0801c1b2   0x0801c1b2   0x0000000d   Data   RO         5865    .constdata          STemWin540_CM7_Keil.lib(f13_ascii.o)
    0x0801c1bf   0x0801c1bf   0x0000000d   Data   RO         5866    .constdata          STemWin540_CM7_Keil.lib(f13_ascii.o)
    0x0801c1cc   0x0801c1cc   0x0000000d   Data   RO         5867    .constdata          STemWin540_CM7_Keil.lib(f13_ascii.o)
    0x0801c1d9   0x0801c1d9   0x0000000d   Data   RO         5868    .constdata          STemWin540_CM7_Keil.lib(f13_ascii.o)
    0x0801c1e6   0x0801c1e6   0x0000000d   Data   RO         5869    .constdata          STemWin540_CM7_Keil.lib(f13_ascii.o)
    0x0801c1f3   0x0801c1f3   0x0000000d   Data   RO         5870    .constdata          STemWin540_CM7_Keil.lib(f13_ascii.o)
    0x0801c200   0x0801c200   0x0000000d   Data   RO         5871    .constdata          STemWin540_CM7_Keil.lib(f13_ascii.o)
    0x0801c20d   0x0801c20d   0x0000000d   Data   RO         5872    .constdata          STemWin540_CM7_Keil.lib(f13_ascii.o)
    0x0801c21a   0x0801c21a   0x0000000d   Data   RO         5873    .constdata          STemWin540_CM7_Keil.lib(f13_ascii.o)
    0x0801c227   0x0801c227   0x0000000d   Data   RO         5874    .constdata          STemWin540_CM7_Keil.lib(f13_ascii.o)
    0x0801c234   0x0801c234   0x0000000d   Data   RO         5875    .constdata          STemWin540_CM7_Keil.lib(f13_ascii.o)
    0x0801c241   0x0801c241   0x0000000d   Data   RO         5876    .constdata          STemWin540_CM7_Keil.lib(f13_ascii.o)
    0x0801c24e   0x0801c24e   0x0000000d   Data   RO         5877    .constdata          STemWin540_CM7_Keil.lib(f13_ascii.o)
    0x0801c25b   0x0801c25b   0x0000000d   Data   RO         5878    .constdata          STemWin540_CM7_Keil.lib(f13_ascii.o)
    0x0801c268   0x0801c268   0x0000000d   Data   RO         5879    .constdata          STemWin540_CM7_Keil.lib(f13_ascii.o)
    0x0801c275   0x0801c275   0x0000000d   Data   RO         5880    .constdata          STemWin540_CM7_Keil.lib(f13_ascii.o)
    0x0801c282   0x0801c282   0x0000000d   Data   RO         5881    .constdata          STemWin540_CM7_Keil.lib(f13_ascii.o)
    0x0801c28f   0x0801c28f   0x0000000d   Data   RO         5882    .constdata          STemWin540_CM7_Keil.lib(f13_ascii.o)
    0x0801c29c   0x0801c29c   0x0000000d   Data   RO         5883    .constdata          STemWin540_CM7_Keil.lib(f13_ascii.o)
    0x0801c2a9   0x0801c2a9   0x0000000d   Data   RO         5884    .constdata          STemWin540_CM7_Keil.lib(f13_ascii.o)
    0x0801c2b6   0x0801c2b6   0x0000000d   Data   RO         5885    .constdata          STemWin540_CM7_Keil.lib(f13_ascii.o)
    0x0801c2c3   0x0801c2c3   0x0000000d   Data   RO         5886    .constdata          STemWin540_CM7_Keil.lib(f13_ascii.o)
    0x0801c2d0   0x0801c2d0   0x0000000d   Data   RO         5887    .constdata          STemWin540_CM7_Keil.lib(f13_ascii.o)
    0x0801c2dd   0x0801c2dd   0x0000000d   Data   RO         5888    .constdata          STemWin540_CM7_Keil.lib(f13_ascii.o)
    0x0801c2ea   0x0801c2ea   0x0000000d   Data   RO         5889    .constdata          STemWin540_CM7_Keil.lib(f13_ascii.o)
    0x0801c2f7   0x0801c2f7   0x0000000d   Data   RO         5890    .constdata          STemWin540_CM7_Keil.lib(f13_ascii.o)
    0x0801c304   0x0801c304   0x0000000d   Data   RO         5891    .constdata          STemWin540_CM7_Keil.lib(f13_ascii.o)
    0x0801c311   0x0801c311   0x0000000d   Data   RO         5892    .constdata          STemWin540_CM7_Keil.lib(f13_ascii.o)
    0x0801c31e   0x0801c31e   0x00000002   PAD
    0x0801c320   0x0801c320   0x000002f8   Data   RO         5893    .constdata          STemWin540_CM7_Keil.lib(f13_ascii.o)
    0x0801c618   0x0801c618   0x0000000c   Data   RO         5894    .constdata          STemWin540_CM7_Keil.lib(f13_ascii.o)
    0x0801c624   0x0801c624   0x00000008   Data   RO         5961    .constdata          STemWin540_CM7_Keil.lib(guidev_writetoactiveopaque.o)
    0x0801c62c   0x0801c62c   0x0000001c   Data   RO         5997    .constdata          STemWin540_CM7_Keil.lib(widget_effect_simple.o)
    0x0801c648   0x0801c648   0x00000018   Data   RO         6425    .constdata          STemWin540_CM7_Keil.lib(guicc_8888.o)
    0x0801c660   0x0801c660   0x00000018   Data   RO         6456    .constdata          STemWin540_CM7_Keil.lib(guidev_usagebm.o)
    0x0801c678   0x0801c678   0x00000038   Data   RO         6498    .constdata          m_wm.l(log.o)
    0x0801c6b0   0x0801c6b0   0x00000008   Data   RO         6564    .constdata          m_wm.l(qnan.o)
    0x0801c6b8   0x0801c6b8   0x00000010   Data   RO            7    .rodata.AHBPrescTable  system_stm32f7xx.o
    0x0801c6c8   0x0801c6c8   0x00000008   Data   RO            8    .rodata.APBPrescTable  system_stm32f7xx.o
    0x0801c6d0   0x0801c6d0   0x00000014   Data   RO         2987    .rodata.bmbackground_0  background_0.o
    0x0801c6e4   0x0801c6e4   0x00000008   Data   RO         2396    .rodata.cst8        lcdconf.o
    0x0801c6ec   0x0801c6ec   0x00000030   Data   RO         6609    Region$$Table       anon$$obj.o


    Execution Region RW_IRAM1 (Exec base: 0x20000000, Load base: 0x0801c720, Size: 0x00026b20, Max: 0x00050000, ABSOLUTE, COMPRESSED[0x00000120])

    Exec Addr    Load Addr    Size         Type   Attr      Idx    E Section Name        Object

    0x20000000   COMPRESSED   0x00000008   Data   RW         3405    .data               STemWin540_CM7_Keil.lib(guicc_m1555i.o)
    0x20000008   COMPRESSED   0x00000008   Data   RW         3419    .data               STemWin540_CM7_Keil.lib(guicc_m4444i.o)
    0x20000010   COMPRESSED   0x00000008   Data   RW         3432    .data               STemWin540_CM7_Keil.lib(guicc_m8888i.o)
    0x20000018   COMPRESSED   0x00000030   Data   RW         3449    .data               STemWin540_CM7_Keil.lib(gui__alpha.o)
    0x20000048   COMPRESSED   0x00000048   Data   RW         3747    .data               STemWin540_CM7_Keil.lib(gui_core.o)
    0x20000090   COMPRESSED   0x00000004   Data   RW         3748    .data               STemWin540_CM7_Keil.lib(gui_core.o)
    0x20000094   COMPRESSED   0x00000004   Data   RW         3749    .data               STemWin540_CM7_Keil.lib(gui_core.o)
    0x20000098   COMPRESSED   0x00000004   Data   RW         3751    .data               STemWin540_CM7_Keil.lib(gui_core.o)
    0x2000009c   COMPRESSED   0x00000004   Data   RW         3752    .data               STemWin540_CM7_Keil.lib(gui_core.o)
    0x200000a0   COMPRESSED   0x00000004   Data   RW         3753    .data               STemWin540_CM7_Keil.lib(gui_core.o)
    0x200000a4   COMPRESSED   0x00000004   Data   RW         3754    .data               STemWin540_CM7_Keil.lib(gui_core.o)
    0x200000a8   COMPRESSED   0x00000004   Data   RW         3755    .data               STemWin540_CM7_Keil.lib(gui_core.o)
    0x200000ac   COMPRESSED   0x00000002   Data   RW         3756    .data               STemWin540_CM7_Keil.lib(gui_core.o)
    0x200000ae   COMPRESSED   0x00000001   Data   RW         3757    .data               STemWin540_CM7_Keil.lib(gui_core.o)
    0x200000af   COMPRESSED   0x00000001   PAD
    0x200000b0   COMPRESSED   0x00000004   Data   RW         3758    .data               STemWin540_CM7_Keil.lib(gui_core.o)
    0x200000b4   COMPRESSED   0x00000004   Data   RW         3759    .data               STemWin540_CM7_Keil.lib(gui_core.o)
    0x200000b8   COMPRESSED   0x00000002   Data   RW         3760    .data               STemWin540_CM7_Keil.lib(gui_core.o)
    0x200000ba   COMPRESSED   0x00000002   Data   RW         3761    .data               STemWin540_CM7_Keil.lib(gui_core.o)
    0x200000bc   COMPRESSED   0x0000002c   Data   RW         3887    .data               STemWin540_CM7_Keil.lib(gui_multibuf.o)
    0x200000e8   COMPRESSED   0x00000018   Data   RW         3915    .data               STemWin540_CM7_Keil.lib(gui_pid.o)
    0x20000100   COMPRESSED   0x00000008   Data   RW         3936    .data               STemWin540_CM7_Keil.lib(gui_selectlayer.o)
    0x20000108   COMPRESSED   0x00000004   Data   RW         3950    .data               STemWin540_CM7_Keil.lib(gui_touch.o)
    0x2000010c   COMPRESSED   0x00000008   Data   RW         3961    .data               STemWin540_CM7_Keil.lib(guicc_m565.o)
    0x20000114   COMPRESSED   0x00000008   Data   RW         3974    .data               STemWin540_CM7_Keil.lib(guicc_m888.o)
    0x2000011c   COMPRESSED   0x00000004   Data   RW         4000    .data               STemWin540_CM7_Keil.lib(lcd.o)
    0x20000120   COMPRESSED   0x00000014   Data   RW         4029    .data               STemWin540_CM7_Keil.lib(lcd_color.o)
    0x20000134   COMPRESSED   0x00000008   Data   RW         4081    .data               STemWin540_CM7_Keil.lib(lcd_getex.o)
    0x2000013c   COMPRESSED   0x0000003c   Data   RW         4557    .data               STemWin540_CM7_Keil.lib(button.o)
    0x20000178   COMPRESSED   0x00000004   Data   RW         4631    .data               STemWin540_CM7_Keil.lib(gui__private.o)
    0x2000017c   COMPRESSED   0x00000004   Data   RW         4632    .data               STemWin540_CM7_Keil.lib(gui__private.o)
    0x20000180   COMPRESSED   0x00000004   Data   RW         4696    .data               STemWin540_CM7_Keil.lib(gui_charline.o)
    0x20000184   COMPRESSED   0x00000010   Data   RW         4732    .data               STemWin540_CM7_Keil.lib(gui_onkey.o)
    0x20000194   COMPRESSED   0x0000000c   Data   RW         4776    .data               STemWin540_CM7_Keil.lib(gui_waitevent.o)
    0x200001a0   COMPRESSED   0x00000018   Data   RW         4825    .data               STemWin540_CM7_Keil.lib(lcd_aa.o)
    0x200001b8   COMPRESSED   0x00000004   Data   RW         5184    .data               STemWin540_CM7_Keil.lib(guidev_16.o)
    0x200001bc   COMPRESSED   0x0000000c   Data   RW         5241    .data               STemWin540_CM7_Keil.lib(button_skin.o)
    0x200001c8   COMPRESSED   0x00000020   Data   RW         5250    .data               STemWin540_CM7_Keil.lib(button_skinflex.o)
    0x200001e8   COMPRESSED   0x00000020   Data   RW         5251    .data               STemWin540_CM7_Keil.lib(button_skinflex.o)
    0x20000208   COMPRESSED   0x00000020   Data   RW         5252    .data               STemWin540_CM7_Keil.lib(button_skinflex.o)
    0x20000228   COMPRESSED   0x00000020   Data   RW         5253    .data               STemWin540_CM7_Keil.lib(button_skinflex.o)
    0x20000248   COMPRESSED   0x00000004   Data   RW         5286    .data               STemWin540_CM7_Keil.lib(widget.o)
    0x2000024c   COMPRESSED   0x00000068   Data   RW         5375    .data               STemWin540_CM7_Keil.lib(wm.o)
    0x200002b4   COMPRESSED   0x00000001   Data   RW         5376    .data               STemWin540_CM7_Keil.lib(wm.o)
    0x200002b5   COMPRESSED   0x00000003   PAD
    0x200002b8   COMPRESSED   0x00000014   Data   RW         5602    .data               STemWin540_CM7_Keil.lib(wm_touch.o)
    0x200002cc   COMPRESSED   0x00000018   Data   RW         5644    .data               STemWin540_CM7_Keil.lib(gui__managecache.o)
    0x200002e4   COMPRESSED   0x00000014   Data   RW         5763    .data               STemWin540_CM7_Keil.lib(gui_timer.o)
    0x200002f8   COMPRESSED   0x00000010   Data   RW         5789    .data               STemWin540_CM7_Keil.lib(lcd_nextpixelapi.o)
    0x20000308   COMPRESSED   0x00000004   Data   RW         5919    .data               STemWin540_CM7_Keil.lib(guidev_banding.o)
    0x2000030c   COMPRESSED   0x00000001   Data   RW         5934    .data               STemWin540_CM7_Keil.lib(guidev_staticdevices.o)
    0x2000030d   COMPRESSED   0x00000003   PAD
    0x20000310   COMPRESSED   0x00000004   Data   RW         5998    .data               STemWin540_CM7_Keil.lib(widget_effect_simple.o)
    0x20000314   COMPRESSED   0x00000004   Data   RW         6027    .data               STemWin540_CM7_Keil.lib(wm__private.o)
    0x20000318   COMPRESSED   0x00000004   Data   RW         6588    .data               mc_w.l(errno.o)
    0x2000031c   COMPRESSED   0x00000004   Data   RW            6    .data.SystemCoreClock  system_stm32f7xx.o
    0x20000320   COMPRESSED   0x00000008   Data   RW         2395    .data._aPendingBuffer  lcdconf.o
    0x20000328   COMPRESSED   0x00000028   Data   RW           48    .data.ft5336_ts_drv  ft5336.o
    0x20000350   COMPRESSED   0x00000014   Data   RW         3336    .data.ntc_sample_value  main.o
    0x20000364   COMPRESSED   0x00000004   PAD
    0x20000368        -       0x000000cc   Zero   RW         3500    .bss                STemWin540_CM7_Keil.lib(gui_alloc.o)
    0x20000434        -       0x00000070   Zero   RW         3745    .bss                STemWin540_CM7_Keil.lib(gui_core.o)
    0x200004a4        -       0x00000048   Zero   RW         3914    .bss                STemWin540_CM7_Keil.lib(gui_pid.o)
    0x200004ec        -       0x0000000c   Zero   RW         3949    .bss                STemWin540_CM7_Keil.lib(gui_touch.o)
    0x200004f8        -       0x00000058   Zero   RW         4731    .bss                STemWin540_CM7_Keil.lib(gui_onkey.o)
    0x20000550        -       0x00000018   Zero   RW         5373    .bss                STemWin540_CM7_Keil.lib(wm.o)
    0x20000568        -       0x00000048   Zero   RW         5601    .bss                STemWin540_CM7_Keil.lib(wm_touch.o)
    0x200005b0        -       0x00000040   Zero   RW         5687    .bss                STemWin540_CM7_Keil.lib(gui_cursor.o)
    0x200005f0        -       0x00000030   Zero   RW         5788    .bss                STemWin540_CM7_Keil.lib(lcd_nextpixelapi.o)
    0x20000620        -       0x00000018   Zero   RW         6077    .bss                STemWin540_CM7_Keil.lib(wm_pid__getprevstate.o)
    0x20000638        -       0x00000001   Zero   RW         3246    .bss.ActivDisplay   display.o
    0x20000639   COMPRESSED   0x00000003   PAD
    0x2000063c        -       0x00000060   Zero   RW          297    .bss.BSP_SDRAM_MspInit.dma_handle  stm32746g_sdram.o
    0x2000069c        -       0x00000014   Zero   RW          328    .bss.BSP_TS_GetState._x  stm32746g_ts.o
    0x200006b0        -       0x00000014   Zero   RW          329    .bss.BSP_TS_GetState._y  stm32746g_ts.o
    0x200006c4        -       0x00000010   Zero   RW          296    .bss.Command        stm32746g_sdram.o
    0x200006d4        -       0x00000001   Zero   RW         3347    .bss.GUI_Initialized  main.o
    0x200006d5   COMPRESSED   0x00000003   PAD
    0x200006d8        -       0x00000060   Zero   RW          260    .bss.HAL_QSPI_MspDeInit.hdma  stm32746g_qspi.o
    0x20000738        -       0x00000060   Zero   RW          259    .bss.HAL_QSPI_MspInit.hdma  stm32746g_qspi.o
    0x20000798        -       0x00000004   Zero   RW         3338    .bss.HAL_SYSTICK_Callback.i  main.o
    0x2000079c        -       0x00000001   Zero   RW          326    .bss.I2cAddress     stm32746g_ts.o
    0x2000079d        -       0x00000001   Zero   RW         3216    .bss.ONEWIRE_Search.init_cnt  one_wire.o
    0x2000079e        -       0x00000001   Zero   RW         3210    .bss.ONEWIRE_Service.ds18b20_cnt  one_wire.o
    0x2000079f        -       0x00000001   Zero   RW         3209    .bss.ONEWIRE_Service.ow_pcnt  one_wire.o
    0x200007a0        -       0x00000004   Zero   RW         2428    .bss.OS_TimeMS      gui_x.o
    0x200007a4        -       0x00000001   Zero   RW         3208    .bss.OnewireState   one_wire.o
    0x200007a5   COMPRESSED   0x00000003   PAD
    0x200007a8        -       0x0000004c   Zero   RW          255    .bss.QSPIHandle     stm32746g_qspi.o
    0x200007f4        -       0x00000001   Zero   RW          292    .bss.SDRAM_Init.sdramstatus  stm32746g_sdram.o
    0x200007f5        -       0x00000001   Zero   RW         3335    .bss.SelLayer       main.o
    0x200007f6   COMPRESSED   0x00000002   PAD
    0x200007f8        -       0x00000004   Zero   RW         3361    .bss.SystickCnt     main.o
    0x200007fc        -       0x00000001   Zero   RW         3106    .bss.THERMOSTAT_Service.fan_pcnt  thermostat.o
    0x200007fd        -       0x00000001   Zero   RW         3104    .bss.THERMOSTAT_Service.old_actual_temperature  thermostat.o
    0x200007fe        -       0x00000001   Zero   RW         3105    .bss.THERMOSTAT_Service.old_fan_speed  thermostat.o
    0x200007ff        -       0x00000001   Zero   RW         3354    .bss.TRIAC_ControlState  main.o
    0x20000800        -       0x0000000c   Zero   RW         3103    .bss.Thermostat_1   thermostat.o
    0x2000080c        -       0x0000001c   Zero   RW          294    .bss.Timing         stm32746g_sdram.o
    0x20000828        -       0x0000000c   Zero   RW         3356    .bss.TouchUpdate.TS_State  main.o
    0x20000834        -       0x00000400   Zero   RW         2400    .bss._CLUT          lcdconf.o
    0x20000c34        -       0x00005a00   Zero   RW         2402    .bss._aBuffer       lcdconf.o
    0x20006634        -       0x00000008   Zero   RW         2401    .bss._aBufferIndex  lcdconf.o
    0x2000663c        -       0x00000008   Zero   RW         2399    .bss._aBytesPerPixels  lcdconf.o
    0x20006644        -       0x00000008   Zero   RW         2397    .bss._axSize        lcdconf.o
    0x2000664c        -       0x00000008   Zero   RW         2398    .bss._aySize        lcdconf.o
    0x20006654        -       0x00000002   Zero   RW         3343    .bss.anin_timer     main.o
    0x20006656        -       0x00000001   Zero   RW         3251    .bss.btn_dnd_old_state  display.o
    0x20006657        -       0x00000001   Zero   RW         3252    .bss.btn_dnd_state  display.o
    0x20006658        -       0x00000001   Zero   RW         3255    .bss.btn_maid_old_state  display.o
    0x20006659        -       0x00000001   Zero   RW         3256    .bss.btn_maid_state  display.o
    0x2000665a        -       0x00000001   Zero   RW         3253    .bss.btn_sos_old_state  display.o
    0x2000665b        -       0x00000001   Zero   RW         3254    .bss.btn_sos_state  display.o
    0x2000665c        -       0x00000002   Zero   RW         3148    .bss.calc           common_1.o
    0x2000665e        -       0x00000001   Zero   RW          258    .bss.configureMemoryMappedMode  stm32746g_qspi.o
    0x2000665f        -       0x00000004   Zero   RW         3341    .bss.date           main.o
    0x20006663        -       0x00000020   Zero   RW         3257    .bss.display_buffer  display.o
    0x20006683   COMPRESSED   0x00000001   PAD
    0x20006684        -       0x00000004   Zero   RW         3248    .bss.display_date_time_timer  display.o
    0x20006688        -       0x00000004   Zero   RW         3250    .bss.display_doorbell_timer  display.o
    0x2000668c        -       0x00000004   Zero   RW         3249    .bss.display_flags  display.o
    0x20006690        -       0x00000004   Zero   RW         3247    .bss.display_timer  display.o
    0x20006694        -       0x00000010   Zero   RW         3197    .bss.ds18b20_1      one_wire.o
    0x200066a4        -       0x00000010   Zero   RW         3200    .bss.ds18b20_2      one_wire.o
    0x200066b4        -       0x00000010   Zero   RW         3201    .bss.ds18b20_3      one_wire.o
    0x200066c4        -       0x00000010   Zero   RW         3202    .bss.ds18b20_4      one_wire.o
    0x200066d4        -       0x00000010   Zero   RW         3203    .bss.ds18b20_5      one_wire.o
    0x200066e4        -       0x00000010   Zero   RW         3204    .bss.ds18b20_6      one_wire.o
    0x200066f4        -       0x00000010   Zero   RW         3205    .bss.ds18b20_7      one_wire.o
    0x20006704        -       0x00000010   Zero   RW         3206    .bss.ds18b20_8      one_wire.o
    0x20006714        -       0x00000002   Zero   RW           49    .bss.ft5336_TS_GetXY.coord  ft5336.o
    0x20006716        -       0x00000001   Zero   RW           50    .bss.ft5336_handle.0  ft5336.o
    0x20006717        -       0x00000001   Zero   RW           51    .bss.ft5336_handle.1  ft5336.o
    0x20006718        -       0x00000001   Zero   RW           52    .bss.ft5336_handle.2  ft5336.o
    0x20006719   COMPRESSED   0x00000003   PAD
    0x2000671c        -       0x00000004   Zero   RW         3245    .bss.hBUTTON_Decrease  display.o
    0x20006720        -       0x00000004   Zero   RW         3241    .bss.hBUTTON_Dnd    display.o
    0x20006724        -       0x00000004   Zero   RW         3244    .bss.hBUTTON_Increase  display.o
    0x20006728        -       0x00000004   Zero   RW         3243    .bss.hBUTTON_Maid   display.o
    0x2000672c        -       0x00000004   Zero   RW         3242    .bss.hBUTTON_Sos    display.o
    0x20006730        -       0x0000004c   Zero   RW          184    .bss.hI2cAudioHandler  stm32746g.o
    0x2000677c        -       0x00000048   Zero   RW         3342    .bss.hadc3          main.o
    0x200067c4        -       0x00000024   Zero   RW         3357    .bss.hcrc           main.o
    0x200067e8        -       0x00000040   Zero   RW         3360    .bss.hdma2d         main.o
    0x20006828        -       0x000000a8   Zero   RW         3359    .bss.hltdc          main.o
    0x200068d0        -       0x00000020   Zero   RW         3340    .bss.hrtc           main.o
    0x200068f0        -       0x00000040   Zero   RW         3350    .bss.htim3          main.o
    0x20006930        -       0x00000040   Zero   RW         3358    .bss.htim9          main.o
    0x20006970        -       0x00000070   Zero   RW         3355    .bss.huart2         main.o
    0x200069e0        -       0x00000004   Zero   RW         3346    .bss.ntc_calc       main.o
    0x200069e4        -       0x00000001   Zero   RW         3344    .bss.ntc_sample_cnt  main.o
    0x200069e5   COMPRESSED   0x00000001   PAD
    0x200069e6        -       0x00000002   Zero   RW         3345    .bss.ntc_temperature  main.o
    0x200069e8        -       0x00000060   Zero   RW         3207    .bss.onewire_buffer  one_wire.o
    0x20006a48        -       0x00000001   Zero   RW         3212    .bss.onewire_crc    one_wire.o
    0x20006a49   COMPRESSED   0x00000003   PAD
    0x20006a4c        -       0x00000004   Zero   RW         3199    .bss.onewire_flags  one_wire.o
    0x20006a50        -       0x00000001   Zero   RW         3215    .bss.onewire_last_device_flag  one_wire.o
    0x20006a51        -       0x00000001   Zero   RW         3213    .bss.onewire_last_discrepancy  one_wire.o
    0x20006a52        -       0x00000001   Zero   RW         3214    .bss.onewire_last_family_discrepancy  one_wire.o
    0x20006a53        -       0x00000001   Zero   RW         3198    .bss.onewire_sensor_number  one_wire.o
    0x20006a54        -       0x00000004   Zero   RW         3211    .bss.onewire_timer  one_wire.o
    0x20006a58        -       0x00000001   Zero   RW         3149    .bss.rest           common_1.o
    0x20006a59   COMPRESSED   0x00000001   PAD
    0x20006a5a        -       0x00000002   Zero   RW         3339    .bss.rtc_bckp_tmr   main.o
    0x20006a5c        -       0x00000038   Zero   RW          256    .bss.sCommand       stm32746g_qspi.o
    0x20006a94        -       0x00000018   Zero   RW          257    .bss.sConfig        stm32746g_qspi.o
    0x20006aac        -       0x00000034   Zero   RW          293    .bss.sdramHandle    stm32746g_sdram.o
    0x20006ae0        -       0x00000004   Zero   RW         3108    .bss.thermostat_fan_timer  thermostat.o
    0x20006ae4        -       0x00000004   Zero   RW         3107    .bss.thermostat_flags  thermostat.o
    0x20006ae8        -       0x00000004   Zero   RW         3110    .bss.thermostat_timer  thermostat.o
    0x20006aec        -       0x00000004   Zero   RW         3109    .bss.thermostat_valve_timer  thermostat.o
    0x20006af0        -       0x00000018   Zero   RW         3349    .bss.time           main.o
    0x20006b08        -       0x00000004   Zero   RW         3351    .bss.triac_on_time  main.o
    0x20006b0c        -       0x00000004   Zero   RW         3353    .bss.triac_on_timer  main.o
    0x20006b10        -       0x00000004   Zero   RW         3352    .bss.triac_timer    main.o
    0x20006b14        -       0x00000001   Zero   RW          327    .bss.tsOrientation  stm32746g_ts.o
    0x20006b15   COMPRESSED   0x00000001   PAD
    0x20006b16        -       0x00000002   Zero   RW          324    .bss.tsXBoundary    stm32746g_ts.o
    0x20006b18        -       0x00000002   Zero   RW          325    .bss.tsYBoundary    stm32746g_ts.o
    0x20006b1a        -       0x00000002   Zero   RW         3348    .bss.ts_update_timer  main.o
    0x20006b1c        -       0x00000004   Zero   RW          393    .bss.uwTick         stm32f7xx_hal.o
    0x20006b20        -       0x00020000   Zero   RW         3051    STACK               startup_stm32f746xx.o


    Execution Region RW_ERAM1 (Exec base: 0xc0400000, Load base: 0x0801c840, Size: 0x00200000, Max: 0x00200000, ABSOLUTE, COMPRESSED[0x00004044])

    Exec Addr    Load Addr    Size         Type   Attr      Idx    E Section Name        Object

    0xc0400000   COMPRESSED   0x00200000   Data   RW         2286    .gui_ram            guiconf.o



  Load Region LR_QSPI (Base: 0x90000000, Size: 0x0003fc00, Max: 0x01000000, ABSOLUTE)

    Execution Region ER_QSPI (Exec base: 0x90000000, Load base: 0x90000000, Size: 0x0003fc00, Max: 0x01000000, ABSOLUTE)

    Exec Addr    Load Addr    Size         Type   Attr      Idx    E Section Name        Object

    0x90000000   0x90000000   0x0003fc00   Data   RO         2986    .ExtQSPIFlashSection  background_0.o


==============================================================================

Image component sizes


      Code (inc. data)   RO Data    RW Data    ZI Data      Debug   Object Name

         0          0     261140          0          0       2108   background_0.o
       106          0          0          0          3       4593   common_1.o
      1596          0          0          0         75       4321   display.o
       834         20          0         40          5       6072   ft5336.o
         4          0          0          0          4       1382   gui_x.o
        16          0          0    2097152          0        563   guiconf.o
      3722         14          8          8      24096      25893   lcdconf.o
      3548         52          0         20        688      30212   main.o
      2434         32          0          0        241       8524   one_wire.o
        36          8        456          0     131072        824   startup_stm32f746xx.o
       478          0          0          0         76      17679   stm32746g.o
      1378          0          0          0        349      12592   stm32746g_qspi.o
       724          0          0          0        193      10445   stm32746g_sdram.o
       592         58          0          0         46       4383   stm32746g_ts.o
       144          0          0          0          4       7945   stm32f7xx_hal.o
      1094          0          0          0          0      10522   stm32f7xx_hal_adc.o
       486          0          0          0          0      11670   stm32f7xx_hal_cortex.o
       124          0          0          0          0       4586   stm32f7xx_hal_crc.o
       116          0          0          0          0       2836   stm32f7xx_hal_crc_ex.o
       634         12          0          0          0       8526   stm32f7xx_hal_dma.o
       318          0          0          0          0      12202   stm32f7xx_hal_dma2d.o
       714          0          0          0          0       5452   stm32f7xx_hal_gpio.o
      1794          0          0          0          0      30328   stm32f7xx_hal_i2c.o
      1624         32          0          0          0      13927   stm32f7xx_hal_ltdc.o
       136          0          0          0          0       6273   stm32f7xx_hal_pwr_ex.o
      2398          0          0          0          0      15904   stm32f7xx_hal_qspi.o
      1480          0          0          0          0       7484   stm32f7xx_hal_rcc.o
      1466          0          0          0          0       5891   stm32f7xx_hal_rcc_ex.o
       840          0          0          0          0       9906   stm32f7xx_hal_rtc.o
        20          0          0          0          0      14017   stm32f7xx_hal_rtc_ex.o
       152          0          0          0          0      10067   stm32f7xx_hal_sdram.o
      1380          0          0          0          0      34515   stm32f7xx_hal_tim.o
       366          6          0          0          0      17238   stm32f7xx_hal_tim_ex.o
      2556         20          0          0          0      17014   stm32f7xx_hal_uart.o
       152          0          0          0          0       2774   stm32f7xx_it.o
       448          0          0          0          0       9634   stm32f7xx_ll_fmc.o
        86          0         24          4          0       3495   system_stm32f7xx.o
       898          0          0          0         31       3934   thermostat.o

    ----------------------------------------------------------------------
     36052        270     261676    2097224     156908     395731   Object Totals
         0          0         48          0          0          0   (incl. Generated)
      1158         16          0          0         25          0   (incl. Padding)

    ----------------------------------------------------------------------

      Code (inc. data)   RO Data    RW Data    ZI Data      Debug   Library Member Name

       564         14          0         60          0       1072   button.o
       178          0          0         12          0        272   button_skin.o
       568          6         16        128          0        140   button_skinflex.o
         0          0       2155          0          0          0   f13_1.o
         0          0       2046          0          0          0   f13_ascii.o
         0          0       5016          0          0          0   f24_1.o
         0          0       4756          0          0          0   f24_ascii.o
         0          0       7728          0          0          0   f32_1.o
         0          0       7204          0          0          0   f32_ascii.o
         0          0       1816          0          0          0   f6x8.o
       124          4          0          0          0        132   gui_2dlib.o
       928         60          0         48          0       1152   gui__alpha.o
       676          0          0          0          0        384   gui__compactpixelindices.o
         0          0        608          0          0          0   gui__divtbl.o
       568          6          0          0          0        148   gui__drawbitmap16bpp.o
       548          4          0          0          0        424   gui__drawtwinarc.o
       326          0          0          0          0        156   gui__expandpixelindices.o
       232         10          0         24          0        252   gui__managecache.o
       372          0          0          8          0        856   gui__private.o
      1542        100          0          0        204       2888   gui_alloc.o
        96         22          0          0          0        464   gui_char.o
       486         36          0          4          0        760   gui_charline.o
       402         12          0          0          0        492   gui_charm.o
       312          8          0          0          0        624   gui_charp.o
       858         96          0          0          0       3372   gui_common.o
       652         96          8        115        112       1128   gui_core.o
       112          6          0          0         64        140   gui_cursor.o
       368         28          0          0          0        744   gui_device.o
       664         10          0          0          0        532   gui_dispstring.o
        44          0          0          0          0        136   gui_draw.o
       232         14          0          0          0        280   gui_drawbitmap.o
        44          8         16          0          0        136   gui_drawbitmap_565.o
       450         10          0          0          0        308   gui_drawgradient.o
       212         14          0          0          0        392   gui_drawlib.o
       276         22          0         44          0        388   gui_multibuf.o
        94         14          0         16         88        476   gui_onkey.o
       340         60          0         24         72        964   gui_pid.o
        98         16          0          8          0        488   gui_selectlayer.o
        36          4          0          0          0        124   gui_setalpha.o
      1824         24          0          0          0       1240   gui_sprite.o
       332         14          0         20          0        772   gui_timer.o
        84         10          0          4         12        128   gui_touch.o
        84         10          0          0          0        264   gui_uc.o
        18          0         16          0          0        464   gui_uc_encodenone.o
        16          4          0         12          0        116   gui_waitevent.o
       198          0         24          0          0        388   guicc_0.o
       222         40         24          0          0        628   guicc_565.o
        36          0         24          0          0        480   guicc_8888.o
         2          0          0          0          0        116   guicc_8888_index2color.o
         2          0          0          0          0        116   guicc_888_index2color.o
        12          4          0          8          0        116   guicc_m1555i.o
        12          4          0          8          0        116   guicc_m4444i.o
       266         48         24          8          0        768   guicc_m565.o
        12          4          0          8          0        116   guicc_m888.o
       184         12         24          8          0        644   guicc_m8888i.o
        30          0          0          0          0        124   guicc_m8888i_index2color.o
       754         36          0          0          0       1060   guidev.o
      2370         70        116          4          0       2104   guidev_16.o
      2408         72        116          0          0       2256   guidev_32.o
       340         12          0          4          0        264   guidev_banding.o
        60          6          0          0          0        124   guidev_clear.o
        26          0          0          0          0        128   guidev_getdataptr.o
        40          4          0          0          0        128   guidev_getysize.o
        44          4          0          0          0        128   guidev_reduceysize.o
        92          6          0          0          0        128   guidev_setorg.o
       366         26          0          1          0        284   guidev_staticdevices.o
        76          0          0          0          0        260   guidev_usage.o
       414          6         24          0          0        756   guidev_usagebm.o
       106          4          0          0          0        248   guidev_write.o
       420         22          0          0          0        272   guidev_writetoactivealpha.o
      1862         20          8          0          0        732   guidev_writetoactiveopaque.o
      3248        192         52          0          0       4496   guidrv_lin_16.o
      2908        176         52          0          0       4492   guidrv_lin_32.o
      1764        124         12          4          0       2300   lcd.o
        96         14          0         24          0        244   lcd_aa.o
       300         34          0         20          0        748   lcd_color.o
        32         12          0          0          0        232   lcd_getcolorindex.o
       472         52          0          8          0       3296   lcd_getex.o
        26          0          0          0          0        128   lcd_getnumdisplays.o
         0          0        256          0          0          0   lcd_mirror.o
       596         52          0         16         48        796   lcd_nextpixelapi.o
       528         20          0          0          0        280   lcd_readrect.o
        64          8          0          0          0        128   lcd_selectlcd.o
       344          0          0          0          0       1048   lcd_set.o
        48         10          0          0          0        128   lcd_setcliprectex.o
        36          4          0          0          0        128   lcd_updatecolorindices.o
       460          4          0          4          0        768   widget.o
       144         12         28          4          0        512   widget_effect_simple.o
      4726        260          0        105         24       6688   wm.o
       586         18          0          4          0       1540   wm__private.o
       120          6          0          0          0        360   wm_bringtotop.o
        78          0          0          0          0        372   wm_getwindowsize.o
       892         52          0          0          0       2372   wm_lib.o
       268          0          0          0          0        396   wm_move.o
       156         30          8          0          0        380   wm_multibuf.o
        24          4          0          0         24        124   wm_pid__getprevstate.o
       184          6          0          0          0        504   wm_screen2win.o
        48          8          0          0          0        244   wm_setcapture.o
        64          6          0          0          0        128   wm_settrans.o
       106          0          0          0          0        260   wm_timer.o
      1128         48          0         20         72        536   wm_touch.o
       100         28          0          0          0        372   dunder.o
       964         92         56          0          0        316   log.o
       248          0          0          0          0        152   poly.o
         0          0          8          0          0          0   qnan.o
        86          0          0          0          0          0   __dczerorl2.o
         0          0          0          0          0          0   entry.o
         0          0          0          0          0          0   entry10a.o
         0          0          0          0          0          0   entry11a.o
         8          4          0          0          0          0   entry2.o
         4          0          0          0          0          0   entry5.o
         0          0          0          0          0          0   entry7b.o
         0          0          0          0          0          0   entry8b.o
         8          4          0          0          0          0   entry9a.o
        12          6          0          4          0         68   errno.o
        30          0          0          0          0          0   handlers.o
        36          8          0          0          0         68   init.o
         0          0          0          0          0          0   iusefp.o
        30          0          0          0          0         68   llshl.o
        36          0          0          0          0         68   llsshr.o
        32          0          0          0          0         68   llushr.o
        26          0          0          0          0         80   memcmp.o
        66          0          0          0          0         76   memmove.o
        36          0          0          0          0        108   memseta.o
        48          0          0          0          0         68   cdcmple.o
        56          0          0          0          0         88   d2f.o
       334          0          0          0          0        148   dadd.o
       222          0          0          0          0        100   ddiv.o
       186          0          0          0          0        176   depilogue.o
        34          0          0          0          0         76   dflti.o
       228          0          0          0          0         96   dmul.o
        38          0          0          0          0         68   f2d.o
       110          0          0          0          0        168   fepilogue.o

    ----------------------------------------------------------------------
     47656       2436      32244        796        720      71352   Library Totals
       118          0          3          7          0          0   (incl. Padding)

    ----------------------------------------------------------------------

      Code (inc. data)   RO Data    RW Data    ZI Data      Debug   Library Name

     44560       2294      32177        785        720      68920   STemWin540_CM7_Keil.lib
      1312        120         64          0          0        840   m_wm.l
       410         22          0          4          0        604   mc_w.l
      1256          0          0          0          0        988   mf_w.l

    ----------------------------------------------------------------------
     47656       2436      32244        796        720      71352   Library Totals

    ----------------------------------------------------------------------

==============================================================================


      Code (inc. data)   RO Data    RW Data    ZI Data      Debug   

     83708       2706     293920    2098020     157628     412179   Grand Totals
     83708       2706     293920      16740     157628     412179   ELF Image Totals (compressed)
     83708       2706     293920      16740          0          0   ROM Totals

==============================================================================

    Total RO  Size (Code + RO Data)               377628 ( 368.78kB)
    Total RW  Size (RW Data + ZI Data)           2255648 (2202.78kB)
    Total ROM Size (Code + RO Data + RW Data)     394368 ( 385.13kB)

==============================================================================

