Component: ARM Compiler 6.10.1 Tool: armlink [5d142800]

==============================================================================

Removing Unused input sections from the image.

    Removing system_stm32f7xx.o(.text), (0 bytes).
    Removing system_stm32f7xx.o(.ARM.exidx.text.SystemInit), (8 bytes).
    Removing system_stm32f7xx.o(.text.SystemCoreClockUpdate), (128 bytes).
    Removing system_stm32f7xx.o(.ARM.exidx.text.SystemCoreClockUpdate), (8 bytes).
    Removing ft5336.o(.text), (0 bytes).
    Removing ft5336.o(.ARM.exidx.text.ft5336_Init), (8 bytes).
    Removing ft5336.o(.ARM.exidx.text.ft5336_ReadID), (8 bytes).
    Removing ft5336.o(.ARM.exidx.text.ft5336_Reset), (8 bytes).
    Removing ft5336.o(.ARM.exidx.text.ft5336_TS_Start), (8 bytes).
    Removing ft5336.o(.ARM.exidx.text.ft5336_TS_DetectTouch), (8 bytes).
    Removing ft5336.o(.ARM.exidx.text.ft5336_TS_GetXY), (8 bytes).
    Removing ft5336.o(.ARM.exidx.text.ft5336_TS_EnableIT), (8 bytes).
    Removing ft5336.o(.ARM.exidx.text.ft5336_TS_ClearIT), (8 bytes).
    Removing ft5336.o(.ARM.exidx.text.ft5336_TS_ITStatus), (8 bytes).
    Removing ft5336.o(.ARM.exidx.text.ft5336_TS_DisableIT), (8 bytes).
    Removing ft5336.o(.ARM.exidx.text.ft5336_I2C_InitializeIfRequired), (8 bytes).
    Removing ft5336.o(.ARM.exidx.text.ft5336_TS_GetGestureID), (8 bytes).
    Removing ft5336.o(.ARM.exidx.text.ft5336_TS_GetTouchInfo), (8 bytes).
    Removing ft5336.o(.ARM.exidx.text.ft5336_Get_I2C_InitializedStatus), (8 bytes).
    Removing wm8994.o(.text), (0 bytes).
    Removing wm8994.o(.text.wm8994_Init), (1420 bytes).
    Removing wm8994.o(.ARM.exidx.text.wm8994_Init), (8 bytes).
    Removing wm8994.o(.text.wm8994_DeInit), (4 bytes).
    Removing wm8994.o(.ARM.exidx.text.wm8994_DeInit), (8 bytes).
    Removing wm8994.o(.text.wm8994_ReadID), (18 bytes).
    Removing wm8994.o(.ARM.exidx.text.wm8994_ReadID), (8 bytes).
    Removing wm8994.o(.text.wm8994_Play), (12 bytes).
    Removing wm8994.o(.ARM.exidx.text.wm8994_Play), (8 bytes).
    Removing wm8994.o(.text.wm8994_Pause), (24 bytes).
    Removing wm8994.o(.ARM.exidx.text.wm8994_Pause), (8 bytes).
    Removing wm8994.o(.text.wm8994_Resume), (12 bytes).
    Removing wm8994.o(.ARM.exidx.text.wm8994_Resume), (8 bytes).
    Removing wm8994.o(.text.wm8994_Stop), (110 bytes).
    Removing wm8994.o(.ARM.exidx.text.wm8994_Stop), (8 bytes).
    Removing wm8994.o(.text.wm8994_SetFrequency), (166 bytes).
    Removing wm8994.o(.ARM.exidx.text.wm8994_SetFrequency), (8 bytes).
    Removing wm8994.o(.text.wm8994_SetVolume), (280 bytes).
    Removing wm8994.o(.ARM.exidx.text.wm8994_SetVolume), (8 bytes).
    Removing wm8994.o(.text.wm8994_SetMute), (80 bytes).
    Removing wm8994.o(.ARM.exidx.text.wm8994_SetMute), (8 bytes).
    Removing wm8994.o(.text.wm8994_SetOutputMode), (168 bytes).
    Removing wm8994.o(.ARM.exidx.text.wm8994_SetOutputMode), (8 bytes).
    Removing wm8994.o(.text.wm8994_Reset), (38 bytes).
    Removing wm8994.o(.ARM.exidx.text.wm8994_Reset), (8 bytes).
    Removing wm8994.o(.text.CODEC_IO_Write), (4 bytes).
    Removing wm8994.o(.ARM.exidx.text.CODEC_IO_Write), (8 bytes).
    Removing wm8994.o(.data.wm8994_drv), (48 bytes).
    Removing wm8994.o(.bss.outputEnabled), (1 bytes).
    Removing wm8994.o(.bss.inputEnabled), (1 bytes).
    Removing wm8994.o(.bss.ColdStartup), (1 bytes).
    Removing stm32746g.o(.text), (0 bytes).
    Removing stm32746g.o(.text.BSP_GetVersion), (6 bytes).
    Removing stm32746g.o(.ARM.exidx.text.BSP_GetVersion), (8 bytes).
    Removing stm32746g.o(.text.LED_Init), (84 bytes).
    Removing stm32746g.o(.ARM.exidx.text.LED_Init), (8 bytes).
    Removing stm32746g.o(.text.BSP_LED_DeInit), (38 bytes).
    Removing stm32746g.o(.ARM.exidx.text.BSP_LED_DeInit), (8 bytes).
    Removing stm32746g.o(.text.BSP_LED_On), (22 bytes).
    Removing stm32746g.o(.ARM.exidx.text.BSP_LED_On), (8 bytes).
    Removing stm32746g.o(.text.BSP_LED_Off), (22 bytes).
    Removing stm32746g.o(.ARM.exidx.text.BSP_LED_Off), (8 bytes).
    Removing stm32746g.o(.text.BSP_LED_Toggle), (20 bytes).
    Removing stm32746g.o(.ARM.exidx.text.BSP_LED_Toggle), (8 bytes).
    Removing stm32746g.o(.text.BSP_PB_Init), (190 bytes).
    Removing stm32746g.o(.ARM.exidx.text.BSP_PB_Init), (8 bytes).
    Removing stm32746g.o(.text.BSP_PB_DeInit), (52 bytes).
    Removing stm32746g.o(.ARM.exidx.text.BSP_PB_DeInit), (8 bytes).
    Removing stm32746g.o(.text.BSP_PB_GetState), (34 bytes).
    Removing stm32746g.o(.ARM.exidx.text.BSP_PB_GetState), (8 bytes).
    Removing stm32746g.o(.text.BSP_COM_Init), (168 bytes).
    Removing stm32746g.o(.ARM.exidx.text.BSP_COM_Init), (8 bytes).
    Removing stm32746g.o(.text.BSP_COM_DeInit), (48 bytes).
    Removing stm32746g.o(.ARM.exidx.text.BSP_COM_DeInit), (8 bytes).
    Removing stm32746g.o(.text.AUDIO_IO_Init), (12 bytes).
    Removing stm32746g.o(.ARM.exidx.text.AUDIO_IO_Init), (8 bytes).
    Removing stm32746g.o(.ARM.exidx.text.I2Cx_Init), (8 bytes).
[...]
    0x08015980   0x08015980   0x00000030   Data   RO         3949    .constdata          STemWin540_CM7_Keil.lib(f24_1.o)
    0x080159b0   0x080159b0   0x00000018   Data   RO         3950    .constdata          STemWin540_CM7_Keil.lib(f24_1.o)
    0x080159c8   0x080159c8   0x00000030   Data   RO         3951    .constdata          STemWin540_CM7_Keil.lib(f24_1.o)
    0x080159f8   0x080159f8   0x00000030   Data   RO         3952    .constdata          STemWin540_CM7_Keil.lib(f24_1.o)
    0x08015a28   0x08015a28   0x00000018   Data   RO         3953    .constdata          STemWin540_CM7_Keil.lib(f24_1.o)
    0x08015a40   0x08015a40   0x00000030   Data   RO         3954    .constdata          STemWin540_CM7_Keil.lib(f24_1.o)
    0x08015a70   0x08015a70   0x00000018   Data   RO         3955    .constdata          STemWin540_CM7_Keil.lib(f24_1.o)
    0x08015a88   0x08015a88   0x00000018   Data   RO         3956    .constdata          STemWin540_CM7_Keil.lib(f24_1.o)
    0x08015aa0   0x08015aa0   0x00000018   Data   RO         3957    .constdata          STemWin540_CM7_Keil.lib(f24_1.o)
    0x08015ab8   0x08015ab8   0x00000030   Data   RO         3958    .constdata          STemWin540_CM7_Keil.lib(f24_1.o)
    0x08015ae8   0x08015ae8   0x00000030   Data   RO         3959    .constdata          STemWin540_CM7_Keil.lib(f24_1.o)
    0x08015b18   0x08015b18   0x00000018   Data   RO         3960    .constdata          STemWin540_CM7_Keil.lib(f24_1.o)
    0x08015b30   0x08015b30   0x00000018   Data   RO         3961    .constdata          STemWin540_CM7_Keil.lib(f24_1.o)
    0x08015b48   0x08015b48   0x00000018   Data   RO         3962    .constdata          STemWin540_CM7_Keil.lib(f24_1.o)
    0x08015b60   0x08015b60   0x00000018   Data   RO         3963    .constdata          STemWin540_CM7_Keil.lib(f24_1.o)
    0x08015b78   0x08015b78   0x00000030   Data   RO         3964    .constdata          STemWin540_CM7_Keil.lib(f24_1.o)
    0x08015ba8   0x08015ba8   0x00000048   Data   RO         3965    .constdata          STemWin540_CM7_Keil.lib(f24_1.o)
    0x08015bf0   0x08015bf0   0x00000048   Data   RO         3966    .constdata          STemWin540_CM7_Keil.lib(f24_1.o)
    0x08015c38   0x08015c38   0x00000048   Data   RO         3967    .constdata          STemWin540_CM7_Keil.lib(f24_1.o)
    0x08015c80   0x08015c80   0x00000030   Data   RO         3968    .constdata          STemWin540_CM7_Keil.lib(f24_1.o)
    0x08015cb0   0x08015cb0   0x00000030   Data   RO         3969    .constdata          STemWin540_CM7_Keil.lib(f24_1.o)
    0x08015ce0   0x08015ce0   0x00000030   Data   RO         3970    .constdata          STemWin540_CM7_Keil.lib(f24_1.o)
    0x08015d10   0x08015d10   0x00000030   Data   RO         3971    .constdata          STemWin540_CM7_Keil.lib(f24_1.o)
    0x08015d40   0x08015d40   0x00000030   Data   RO         3972    .constdata          STemWin540_CM7_Keil.lib(f24_1.o)
    0x08015d70   0x08015d70   0x00000030   Data   RO         3973    .constdata          STemWin540_CM7_Keil.lib(f24_1.o)
    0x08015da0   0x08015da0   0x00000030   Data   RO         3974    .constdata          STemWin540_CM7_Keil.lib(f24_1.o)
    0x08015dd0   0x08015dd0   0x00000048   Data   RO         3975    .constdata          STemWin540_CM7_Keil.lib(f24_1.o)
    0x08015e18   0x08015e18   0x00000030   Data   RO         3976    .constdata          STemWin540_CM7_Keil.lib(f24_1.o)
    0x08015e48   0x08015e48   0x00000030   Data   RO         3977    .constdata          STemWin540_CM7_Keil.lib(f24_1.o)
    0x08015e78   0x08015e78   0x00000030   Data   RO         3978    .constdata          STemWin540_CM7_Keil.lib(f24_1.o)
    0x08015ea8   0x08015ea8   0x00000030   Data   RO         3979    .constdata          STemWin540_CM7_Keil.lib(f24_1.o)
    0x08015ed8   0x08015ed8   0x00000030   Data   RO         3980    .constdata          STemWin540_CM7_Keil.lib(f24_1.o)
    0x08015f08   0x08015f08   0x00000018   Data   RO         3981    .constdata          STemWin540_CM7_Keil.lib(f24_1.o)
    0x08015f20   0x08015f20   0x00000018   Data   RO         3982    .constdata          STemWin540_CM7_Keil.lib(f24_1.o)
    0x08015f38   0x08015f38   0x00000018   Data   RO         3983    .constdata          STemWin540_CM7_Keil.lib(f24_1.o)
    0x08015f50   0x08015f50   0x00000018   Data   RO         3984    .constdata          STemWin540_CM7_Keil.lib(f24_1.o)
    0x08015f68   0x08015f68   0x00000030   Data   RO         3985    .constdata          STemWin540_CM7_Keil.lib(f24_1.o)
    0x08015f98   0x08015f98   0x00000030   Data   RO         3986    .constdata          STemWin540_CM7_Keil.lib(f24_1.o)
    0x08015fc8   0x08015fc8   0x00000030   Data   RO         3987    .constdata          STemWin540_CM7_Keil.lib(f24_1.o)
    0x08015ff8   0x08015ff8   0x00000030   Data   RO         3988    .constdata          STemWin540_CM7_Keil.lib(f24_1.o)
    0x08016028   0x08016028   0x00000030   Data   RO         3989    .constdata          STemWin540_CM7_Keil.lib(f24_1.o)
    0x08016058   0x08016058   0x00000030   Data   RO         3990    .constdata          STemWin540_CM7_Keil.lib(f24_1.o)
    0x08016088   0x08016088   0x00000030   Data   RO         3991    .constdata          STemWin540_CM7_Keil.lib(f24_1.o)
    0x080160b8   0x080160b8   0x00000030   Data   RO         3992    .constdata          STemWin540_CM7_Keil.lib(f24_1.o)
    0x080160e8   0x080160e8   0x00000030   Data   RO         3993    .constdata          STemWin540_CM7_Keil.lib(f24_1.o)
    0x08016118   0x08016118   0x00000030   Data   RO         3994    .constdata          STemWin540_CM7_Keil.lib(f24_1.o)
    0x08016148   0x08016148   0x00000030   Data   RO         3995    .constdata          STemWin540_CM7_Keil.lib(f24_1.o)
    0x08016178   0x08016178   0x00000030   Data   RO         3996    .constdata          STemWin540_CM7_Keil.lib(f24_1.o)
    0x080161a8   0x080161a8   0x00000030   Data   RO         3997    .constdata          STemWin540_CM7_Keil.lib(f24_1.o)
    0x080161d8   0x080161d8   0x00000030   Data   RO         3998    .constdata          STemWin540_CM7_Keil.lib(f24_1.o)
    0x08016208   0x08016208   0x00000030   Data   RO         3999    .constdata          STemWin540_CM7_Keil.lib(f24_1.o)
    0x08016238   0x08016238   0x00000030   Data   RO         4000    .constdata          STemWin540_CM7_Keil.lib(f24_1.o)
    0x08016268   0x08016268   0x00000030   Data   RO         4001    .constdata          STemWin540_CM7_Keil.lib(f24_1.o)
    0x08016298   0x08016298   0x00000030   Data   RO         4002    .constdata          STemWin540_CM7_Keil.lib(f24_1.o)
    0x080162c8   0x080162c8   0x00000030   Data   RO         4003    .constdata          STemWin540_CM7_Keil.lib(f24_1.o)
    0x080162f8   0x080162f8   0x00000030   Data   RO         4004    .constdata          STemWin540_CM7_Keil.lib(f24_1.o)
    0x08016328   0x08016328   0x00000030   Data   RO         4005    .constdata          STemWin540_CM7_Keil.lib(f24_1.o)
    0x08016358   0x08016358   0x00000030   Data   RO         4006    .constdata          STemWin540_CM7_Keil.lib(f24_1.o)
    0x08016388   0x08016388   0x00000048   Data   RO         4007    .constdata          STemWin540_CM7_Keil.lib(f24_1.o)
    0x080163d0   0x080163d0   0x00000030   Data   RO         4008    .constdata          STemWin540_CM7_Keil.lib(f24_1.o)
    0x08016400   0x08016400   0x00000030   Data   RO         4009    .constdata          STemWin540_CM7_Keil.lib(f24_1.o)
    0x08016430   0x08016430   0x00000030   Data   RO         4010    .constdata          STemWin540_CM7_Keil.lib(f24_1.o)
    0x08016460   0x08016460   0x00000030   Data   RO         4011    .constdata          STemWin540_CM7_Keil.lib(f24_1.o)
    0x08016490   0x08016490   0x00000030   Data   RO         4012    .constdata          STemWin540_CM7_Keil.lib(f24_1.o)
    0x080164c0   0x080164c0   0x00000018   Data   RO         4013    .constdata          STemWin540_CM7_Keil.lib(f24_1.o)
    0x080164d8   0x080164d8   0x00000018   Data   RO         4014    .constdata          STemWin540_CM7_Keil.lib(f24_1.o)
    0x080164f0   0x080164f0   0x00000018   Data   RO         4015    .constdata          STemWin540_CM7_Keil.lib(f24_1.o)
    0x08016508   0x08016508   0x00000018   Data   RO         4016    .constdata          STemWin540_CM7_Keil.lib(f24_1.o)
    0x08016520   0x08016520   0x00000030   Data   RO         4017    .constdata          STemWin540_CM7_Keil.lib(f24_1.o)
    0x08016550   0x08016550   0x00000030   Data   RO         4018    .constdata          STemWin540_CM7_Keil.lib(f24_1.o)
    0x08016580   0x08016580   0x00000030   Data   RO         4019    .constdata          STemWin540_CM7_Keil.lib(f24_1.o)
    0x080165b0   0x080165b0   0x00000030   Data   RO         4020    .constdata          STemWin540_CM7_Keil.lib(f24_1.o)
    0x080165e0   0x080165e0   0x00000030   Data   RO         4021    .constdata          STemWin540_CM7_Keil.lib(f24_1.o)
    0x08016610   0x08016610   0x00000030   Data   RO         4022    .constdata          STemWin540_CM7_Keil.lib(f24_1.o)
    0x08016640   0x08016640   0x00000030   Data   RO         4023    .constdata          STemWin540_CM7_Keil.lib(f24_1.o)
    0x08016670   0x08016670   0x00000030   Data   RO         4024    .constdata          STemWin540_CM7_Keil.lib(f24_1.o)
    0x080166a0   0x080166a0   0x00000030   Data   RO         4025    .constdata          STemWin540_CM7_Keil.lib(f24_1.o)
    0x080166d0   0x080166d0   0x00000030   Data   RO         4026    .constdata          STemWin540_CM7_Keil.lib(f24_1.o)
    0x08016700   0x08016700   0x00000030   Data   RO         4027    .constdata          STemWin540_CM7_Keil.lib(f24_1.o)
    0x08016730   0x08016730   0x00000030   Data   RO         4028    .constdata          STemWin540_CM7_Keil.lib(f24_1.o)
    0x08016760   0x08016760   0x00000030   Data   RO         4029    .constdata          STemWin540_CM7_Keil.lib(f24_1.o)
    0x08016790   0x08016790   0x00000030   Data   RO         4030    .constdata          STemWin540_CM7_Keil.lib(f24_1.o)
    0x080167c0   0x080167c0   0x00000030   Data   RO         4031    .constdata          STemWin540_CM7_Keil.lib(f24_1.o)
    0x080167f0   0x080167f0   0x00000030   Data   RO         4032    .constdata          STemWin540_CM7_Keil.lib(f24_1.o)
    0x08016820   0x08016820   0x00000300   Data   RO         4033    .constdata          STemWin540_CM7_Keil.lib(f24_1.o)
    0x08016b20   0x08016b20   0x0000000c   Data   RO         4034    .constdata          STemWin540_CM7_Keil.lib(f24_1.o)
    0x08016b2c   0x08016b2c   0x00000024   Data   RO         4035    .constdata          STemWin540_CM7_Keil.lib(f24_1.o)
    0x08016b50   0x08016b50   0x00000008   Data   RO         4229    .constdata          STemWin540_CM7_Keil.lib(wm_multibuf.o)
    0x08016b58   0x08016b58   0x00000020   Data   RO         4235    .constdata          STemWin540_CM7_Keil.lib(gui__divtbl.o)
    0x08016b78   0x08016b78   0x00000040   Data   RO         4236    .constdata          STemWin540_CM7_Keil.lib(gui__divtbl.o)
    0x08016bb8   0x08016bb8   0x00000100   Data   RO         4238    .constdata          STemWin540_CM7_Keil.lib(gui__divtbl.o)
    0x08016cb8   0x08016cb8   0x00000100   Data   RO         4239    .constdata          STemWin540_CM7_Keil.lib(gui__divtbl.o)
    0x08016db8   0x08016db8   0x00000010   Data   RO         4411    .constdata          STemWin540_CM7_Keil.lib(gui_uc_encodenone.o)
    0x08016dc8   0x08016dc8   0x00000018   Data   RO         4435    .constdata          STemWin540_CM7_Keil.lib(guicc_0.o)
    0x08016de0   0x08016de0   0x00000018   Data   RO         4446    .constdata          STemWin540_CM7_Keil.lib(guicc_565.o)
    0x08016df8   0x08016df8   0x00000100   Data   RO         4497    .constdata          STemWin540_CM7_Keil.lib(lcd_mirror.o)
    0x08016ef8   0x08016ef8   0x00000518   Data   RO         4528    .constdata          STemWin540_CM7_Keil.lib(f6x8.o)
    0x08017410   0x08017410   0x000001c0   Data   RO         4529    .constdata          STemWin540_CM7_Keil.lib(f6x8.o)
    0x080175d0   0x080175d0   0x00000008   Data   RO         4530    .constdata          STemWin540_CM7_Keil.lib(f6x8.o)
    0x080175d8   0x080175d8   0x00000014   Data   RO         4531    .constdata          STemWin540_CM7_Keil.lib(f6x8.o)
    0x080175ec   0x080175ec   0x00000024   Data   RO         4532    .constdata          STemWin540_CM7_Keil.lib(f6x8.o)
    0x08017610   0x08017610   0x0000000d   Data   RO         4534    .constdata          STemWin540_CM7_Keil.lib(f13_1.o)
    0x0801761d   0x0801761d   0x0000000d   Data   RO         4535    .constdata          STemWin540_CM7_Keil.lib(f13_1.o)
    0x0801762a   0x0801762a   0x0000000d   Data   RO         4536    .constdata          STemWin540_CM7_Keil.lib(f13_1.o)
    0x08017637   0x08017637   0x0000000d   Data   RO         4537    .constdata          STemWin540_CM7_Keil.lib(f13_1.o)
    0x08017644   0x08017644   0x0000000d   Data   RO         4538    .constdata          STemWin540_CM7_Keil.lib(f13_1.o)
    0x08017651   0x08017651   0x0000000d   Data   RO         4539    .constdata          STemWin540_CM7_Keil.lib(f13_1.o)
    0x0801765e   0x0801765e   0x0000000d   Data   RO         4540    .constdata          STemWin540_CM7_Keil.lib(f13_1.o)
    0x0801766b   0x0801766b   0x0000000d   Data   RO         4541    .constdata          STemWin540_CM7_Keil.lib(f13_1.o)
    0x08017678   0x08017678   0x0000000d   Data   RO         4542    .constdata          STemWin540_CM7_Keil.lib(f13_1.o)
    0x08017685   0x08017685   0x0000001a   Data   RO         4543    .constdata          STemWin540_CM7_Keil.lib(f13_1.o)
    0x0801769f   0x0801769f   0x0000000d   Data   RO         4544    .constdata          STemWin540_CM7_Keil.lib(f13_1.o)
    0x080176ac   0x080176ac   0x0000000d   Data   RO         4545    .constdata          STemWin540_CM7_Keil.lib(f13_1.o)
    0x080176b9   0x080176b9   0x0000000d   Data   RO         4546    .constdata          STemWin540_CM7_Keil.lib(f13_1.o)
    0x080176c6   0x080176c6   0x0000000d   Data   RO         4547    .constdata          STemWin540_CM7_Keil.lib(f13_1.o)
    0x080176d3   0x080176d3   0x0000001a   Data   RO         4548    .constdata          STemWin540_CM7_Keil.lib(f13_1.o)
    0x080176ed   0x080176ed   0x0000000d   Data   RO         4549    .constdata          STemWin540_CM7_Keil.lib(f13_1.o)
    0x080176fa   0x080176fa   0x0000000d   Data   RO         4550    .constdata          STemWin540_CM7_Keil.lib(f13_1.o)
    0x08017707   0x08017707   0x0000000d   Data   RO         4551    .constdata          STemWin540_CM7_Keil.lib(f13_1.o)
    0x08017714   0x08017714   0x0000000d   Data   RO         4552    .constdata          STemWin540_CM7_Keil.lib(f13_1.o)
    0x08017721   0x08017721   0x0000000d   Data   RO         4553    .constdata          STemWin540_CM7_Keil.lib(f13_1.o)
    0x0801772e   0x0801772e   0x0000000d   Data   RO         4554    .constdata          STemWin540_CM7_Keil.lib(f13_1.o)
    0x0801773b   0x0801773b   0x0000000d   Data   RO         4555    .constdata          STemWin540_CM7_Keil.lib(f13_1.o)
    0x08017748   0x08017748   0x0000000d   Data   RO         4556    .constdata          STemWin540_CM7_Keil.lib(f13_1.o)
    0x08017755   0x08017755   0x0000000d   Data   RO         4557    .constdata          STemWin540_CM7_Keil.lib(f13_1.o)
    0x08017762   0x08017762   0x0000000d   Data   RO         4558    .constdata          STemWin540_CM7_Keil.lib(f13_1.o)
    0x0801776f   0x0801776f   0x0000000d   Data   RO         4559    .constdata          STemWin540_CM7_Keil.lib(f13_1.o)
    0x0801777c   0x0801777c   0x0000000d   Data   RO         4560    .constdata          STemWin540_CM7_Keil.lib(f13_1.o)
    0x08017789   0x08017789   0x0000000d   Data   RO         4561    .constdata          STemWin540_CM7_Keil.lib(f13_1.o)
    0x08017796   0x08017796   0x0000001a   Data   RO         4562    .constdata          STemWin540_CM7_Keil.lib(f13_1.o)
    0x080177b0   0x080177b0   0x0000001a   Data   RO         4563    .constdata          STemWin540_CM7_Keil.lib(f13_1.o)
    0x080177ca   0x080177ca   0x0000001a   Data   RO         4564    .constdata          STemWin540_CM7_Keil.lib(f13_1.o)
    0x080177e4   0x080177e4   0x0000000d   Data   RO         4565    .constdata          STemWin540_CM7_Keil.lib(f13_1.o)
    0x080177f1   0x080177f1   0x0000000d   Data   RO         4566    .constdata          STemWin540_CM7_Keil.lib(f13_1.o)
    0x080177fe   0x080177fe   0x0000000d   Data   RO         4567    .constdata          STemWin540_CM7_Keil.lib(f13_1.o)
    0x0801780b   0x0801780b   0x0000000d   Data   RO         4568    .constdata          STemWin540_CM7_Keil.lib(f13_1.o)
    0x08017818   0x08017818   0x0000000d   Data   RO         4569    .constdata          STemWin540_CM7_Keil.lib(f13_1.o)
    0x08017825   0x08017825   0x0000000d   Data   RO         4570    .constdata          STemWin540_CM7_Keil.lib(f13_1.o)
    0x08017832   0x08017832   0x0000000d   Data   RO         4571    .constdata          STemWin540_CM7_Keil.lib(f13_1.o)
    0x0801783f   0x0801783f   0x0000001a   Data   RO         4572    .constdata          STemWin540_CM7_Keil.lib(f13_1.o)
    0x08017859   0x08017859   0x0000000d   Data   RO         4573    .constdata          STemWin540_CM7_Keil.lib(f13_1.o)
    0x08017866   0x08017866   0x0000000d   Data   RO         4574    .constdata          STemWin540_CM7_Keil.lib(f13_1.o)
    0x08017873   0x08017873   0x0000000d   Data   RO         4575    .constdata          STemWin540_CM7_Keil.lib(f13_1.o)
    0x08017880   0x08017880   0x0000000d   Data   RO         4576    .constdata          STemWin540_CM7_Keil.lib(f13_1.o)
    0x0801788d   0x0801788d   0x0000000d   Data   RO         4577    .constdata          STemWin540_CM7_Keil.lib(f13_1.o)
    0x0801789a   0x0801789a   0x0000000d   Data   RO         4578    .constdata          STemWin540_CM7_Keil.lib(f13_1.o)
    0x080178a7   0x080178a7   0x0000000d   Data   RO         4579    .constdata          STemWin540_CM7_Keil.lib(f13_1.o)
    0x080178b4   0x080178b4   0x0000000d   Data   RO         4580    .constdata          STemWin540_CM7_Keil.lib(f13_1.o)
    0x080178c1   0x080178c1   0x0000000d   Data   RO         4581    .constdata          STemWin540_CM7_Keil.lib(f13_1.o)
    0x080178ce   0x080178ce   0x0000000d   Data   RO         4582    .constdata          STemWin540_CM7_Keil.lib(f13_1.o)
    0x080178db   0x080178db   0x0000000d   Data   RO         4583    .constdata          STemWin540_CM7_Keil.lib(f13_1.o)
    0x080178e8   0x080178e8   0x0000000d   Data   RO         4584    .constdata          STemWin540_CM7_Keil.lib(f13_1.o)
    0x080178f5   0x080178f5   0x0000000d   Data   RO         4585    .constdata          STemWin540_CM7_Keil.lib(f13_1.o)
    0x08017902   0x08017902   0x0000000d   Data   RO         4586    .constdata          STemWin540_CM7_Keil.lib(f13_1.o)
    0x0801790f   0x0801790f   0x0000000d   Data   RO         4587    .constdata          STemWin540_CM7_Keil.lib(f13_1.o)
    0x0801791c   0x0801791c   0x0000000d   Data   RO         4588    .constdata          STemWin540_CM7_Keil.lib(f13_1.o)
    0x08017929   0x08017929   0x0000000d   Data   RO         4589    .constdata          STemWin540_CM7_Keil.lib(f13_1.o)
    0x08017936   0x08017936   0x0000000d   Data   RO         4590    .constdata          STemWin540_CM7_Keil.lib(f13_1.o)
    0x08017943   0x08017943   0x0000000d   Data   RO         4591    .constdata          STemWin540_CM7_Keil.lib(f13_1.o)
    0x08017950   0x08017950   0x0000000d   Data   RO         4592    .constdata          STemWin540_CM7_Keil.lib(f13_1.o)
    0x0801795d   0x0801795d   0x0000000d   Data   RO         4593    .constdata          STemWin540_CM7_Keil.lib(f13_1.o)
    0x0801796a   0x0801796a   0x0000000d   Data   RO         4594    .constdata          STemWin540_CM7_Keil.lib(f13_1.o)
    0x08017977   0x08017977   0x0000000d   Data   RO         4595    .constdata          STemWin540_CM7_Keil.lib(f13_1.o)
    0x08017984   0x08017984   0x0000000d   Data   RO         4596    .constdata          STemWin540_CM7_Keil.lib(f13_1.o)
    0x08017991   0x08017991   0x0000000d   Data   RO         4597    .constdata          STemWin540_CM7_Keil.lib(f13_1.o)
    0x0801799e   0x0801799e   0x0000000d   Data   RO         4598    .constdata          STemWin540_CM7_Keil.lib(f13_1.o)
    0x080179ab   0x080179ab   0x0000000d   Data   RO         4599    .constdata          STemWin540_CM7_Keil.lib(f13_1.o)
    0x080179b8   0x080179b8   0x0000000d   Data   RO         4600    .constdata          STemWin540_CM7_Keil.lib(f13_1.o)
    0x080179c5   0x080179c5   0x0000000d   Data   RO         4601    .constdata          STemWin540_CM7_Keil.lib(f13_1.o)
    0x080179d2   0x080179d2   0x0000000d   Data   RO         4602    .constdata          STemWin540_CM7_Keil.lib(f13_1.o)
    0x080179df   0x080179df   0x0000000d   Data   RO         4603    .constdata          STemWin540_CM7_Keil.lib(f13_1.o)
    0x080179ec   0x080179ec   0x0000001a   Data   RO         4604    .constdata          STemWin540_CM7_Keil.lib(f13_1.o)
    0x08017a06   0x08017a06   0x0000000d   Data   RO         4605    .constdata          STemWin540_CM7_Keil.lib(f13_1.o)
    0x08017a13   0x08017a13   0x0000000d   Data   RO         4606    .constdata          STemWin540_CM7_Keil.lib(f13_1.o)
    0x08017a20   0x08017a20   0x0000000d   Data   RO         4607    .constdata          STemWin540_CM7_Keil.lib(f13_1.o)
    0x08017a2d   0x08017a2d   0x0000000d   Data   RO         4608    .constdata          STemWin540_CM7_Keil.lib(f13_1.o)
    0x08017a3a   0x08017a3a   0x0000000d   Data   RO         4609    .constdata          STemWin540_CM7_Keil.lib(f13_1.o)
    0x08017a47   0x08017a47   0x0000000d   Data   RO         4610    .constdata          STemWin540_CM7_Keil.lib(f13_1.o)
    0x08017a54   0x08017a54   0x0000000d   Data   RO         4611    .constdata          STemWin540_CM7_Keil.lib(f13_1.o)
    0x08017a61   0x08017a61   0x0000000d   Data   RO         4612    .constdata          STemWin540_CM7_Keil.lib(f13_1.o)
    0x08017a6e   0x08017a6e   0x0000000d   Data   RO         4613    .constdata          STemWin540_CM7_Keil.lib(f13_1.o)
    0x08017a7b   0x08017a7b   0x0000000d   Data   RO         4614    .constdata          STemWin540_CM7_Keil.lib(f13_1.o)
    0x08017a88   0x08017a88   0x0000000d   Data   RO         4615    .constdata          STemWin540_CM7_Keil.lib(f13_1.o)
    0x08017a95   0x08017a95   0x0000000d   Data   RO         4616    .constdata          STemWin540_CM7_Keil.lib(f13_1.o)
    0x08017aa2   0x08017aa2   0x0000000d   Data   RO         4617    .constdata          STemWin540_CM7_Keil.lib(f13_1.o)
    0x08017aaf   0x08017aaf   0x0000000d   Data   RO         4618    .constdata          STemWin540_CM7_Keil.lib(f13_1.o)
    0x08017abc   0x08017abc   0x0000000d   Data   RO         4619    .constdata          STemWin540_CM7_Keil.lib(f13_1.o)
    0x08017ac9   0x08017ac9   0x0000000d   Data   RO         4620    .constdata          STemWin540_CM7_Keil.lib(f13_1.o)
    0x08017ad6   0x08017ad6   0x0000000d   Data   RO         4621    .constdata          STemWin540_CM7_Keil.lib(f13_1.o)
    0x08017ae3   0x08017ae3   0x0000000d   Data   RO         4622    .constdata          STemWin540_CM7_Keil.lib(f13_1.o)
    0x08017af0   0x08017af0   0x0000000d   Data   RO         4623    .constdata          STemWin540_CM7_Keil.lib(f13_1.o)
    0x08017afd   0x08017afd   0x0000000d   Data   RO         4624    .constdata          STemWin540_CM7_Keil.lib(f13_1.o)
    0x08017b0a   0x08017b0a   0x0000000d   Data   RO         4625    .constdata          STemWin540_CM7_Keil.lib(f13_1.o)
    0x08017b17   0x08017b17   0x0000000d   Data   RO         4626    .constdata          STemWin540_CM7_Keil.lib(f13_1.o)
    0x08017b24   0x08017b24   0x0000000d   Data   RO         4627    .constdata          STemWin540_CM7_Keil.lib(f13_1.o)
    0x08017b31   0x08017b31   0x0000000d   Data   RO         4628    .constdata          STemWin540_CM7_Keil.lib(f13_1.o)
    0x08017b3e   0x08017b3e   0x0000000d   Data   RO         4629    .constdata          STemWin540_CM7_Keil.lib(f13_1.o)
    0x08017b4b   0x08017b4b   0x00000001   PAD
    0x08017b4c   0x08017b4c   0x00000300   Data   RO         4630    .constdata          STemWin540_CM7_Keil.lib(f13_1.o)
    0x08017e4c   0x08017e4c   0x0000000c   Data   RO         4631    .constdata          STemWin540_CM7_Keil.lib(f13_1.o)
    0x08017e58   0x08017e58   0x00000024   Data   RO         4632    .constdata          STemWin540_CM7_Keil.lib(f13_1.o)
    0x08017e7c   0x08017e7c   0x00000018   Data   RO         4633    .constdata          STemWin540_CM7_Keil.lib(f24_ascii.o)
    0x08017e94   0x08017e94   0x00000018   Data   RO         4634    .constdata          STemWin540_CM7_Keil.lib(f24_ascii.o)
    0x08017eac   0x08017eac   0x00000018   Data   RO         4635    .constdata          STemWin540_CM7_Keil.lib(f24_ascii.o)
    0x08017ec4   0x08017ec4   0x00000030   Data   RO         4636    .constdata          STemWin540_CM7_Keil.lib(f24_ascii.o)
    0x08017ef4   0x08017ef4   0x00000030   Data   RO         4637    .constdata          STemWin540_CM7_Keil.lib(f24_ascii.o)
    0x08017f24   0x08017f24   0x00000048   Data   RO         4638    .constdata          STemWin540_CM7_Keil.lib(f24_ascii.o)
    0x08017f6c   0x08017f6c   0x00000030   Data   RO         4639    .constdata          STemWin540_CM7_Keil.lib(f24_ascii.o)
    0x08017f9c   0x08017f9c   0x00000018   Data   RO         4640    .constdata          STemWin540_CM7_Keil.lib(f24_ascii.o)
    0x08017fb4   0x08017fb4   0x00000018   Data   RO         4641    .constdata          STemWin540_CM7_Keil.lib(f24_ascii.o)
    0x08017fcc   0x08017fcc   0x00000018   Data   RO         4642    .constdata          STemWin540_CM7_Keil.lib(f24_ascii.o)
    0x08017fe4   0x08017fe4   0x00000018   Data   RO         4643    .constdata          STemWin540_CM7_Keil.lib(f24_ascii.o)
    0x08017ffc   0x08017ffc   0x00000030   Data   RO         4644    .constdata          STemWin540_CM7_Keil.lib(f24_ascii.o)
    0x0801802c   0x0801802c   0x00000018   Data   RO         4645    .constdata          STemWin540_CM7_Keil.lib(f24_ascii.o)
    0x08018044   0x08018044   0x00000018   Data   RO         4646    .constdata          STemWin540_CM7_Keil.lib(f24_ascii.o)
    0x0801805c   0x0801805c   0x00000018   Data   RO         4647    .constdata          STemWin540_CM7_Keil.lib(f24_ascii.o)
    0x08018074   0x08018074   0x00000018   Data   RO         4648    .constdata          STemWin540_CM7_Keil.lib(f24_ascii.o)
    0x0801808c   0x0801808c   0x00000030   Data   RO         4649    .constdata          STemWin540_CM7_Keil.lib(f24_ascii.o)
    0x080180bc   0x080180bc   0x00000030   Data   RO         4650    .constdata          STemWin540_CM7_Keil.lib(f24_ascii.o)
    0x080180ec   0x080180ec   0x00000030   Data   RO         4651    .constdata          STemWin540_CM7_Keil.lib(f24_ascii.o)
    0x0801811c   0x0801811c   0x00000030   Data   RO         4652    .constdata          STemWin540_CM7_Keil.lib(f24_ascii.o)
    0x0801814c   0x0801814c   0x00000030   Data   RO         4653    .constdata          STemWin540_CM7_Keil.lib(f24_ascii.o)
    0x0801817c   0x0801817c   0x00000030   Data   RO         4654    .constdata          STemWin540_CM7_Keil.lib(f24_ascii.o)
    0x080181ac   0x080181ac   0x00000030   Data   RO         4655    .constdata          STemWin540_CM7_Keil.lib(f24_ascii.o)
    0x080181dc   0x080181dc   0x00000030   Data   RO         4656    .constdata          STemWin540_CM7_Keil.lib(f24_ascii.o)
    0x0801820c   0x0801820c   0x00000030   Data   RO         4657    .constdata          STemWin540_CM7_Keil.lib(f24_ascii.o)
    0x0801823c   0x0801823c   0x00000030   Data   RO         4658    .constdata          STemWin540_CM7_Keil.lib(f24_ascii.o)
    0x0801826c   0x0801826c   0x00000018   Data   RO         4659    .constdata          STemWin540_CM7_Keil.lib(f24_ascii.o)
    0x08018284   0x08018284   0x00000018   Data   RO         4660    .constdata          STemWin540_CM7_Keil.lib(f24_ascii.o)
    0x0801829c   0x0801829c   0x00000030   Data   RO         4661    .constdata          STemWin540_CM7_Keil.lib(f24_ascii.o)
    0x080182cc   0x080182cc   0x00000030   Data   RO         4662    .constdata          STemWin540_CM7_Keil.lib(f24_ascii.o)
    0x080182fc   0x080182fc   0x00000030   Data   RO         4663    .constdata          STemWin540_CM7_Keil.lib(f24_ascii.o)
    0x0801832c   0x0801832c   0x00000030   Data   RO         4664    .constdata          STemWin540_CM7_Keil.lib(f24_ascii.o)
    0x0801835c   0x0801835c   0x00000048   Data   RO         4665    .constdata          STemWin540_CM7_Keil.lib(f24_ascii.o)
    0x080183a4   0x080183a4   0x00000030   Data   RO         4666    .constdata          STemWin540_CM7_Keil.lib(f24_ascii.o)
    0x080183d4   0x080183d4   0x00000030   Data   RO         4667    .constdata          STemWin540_CM7_Keil.lib(f24_ascii.o)
    0x08018404   0x08018404   0x00000030   Data   RO         4668    .constdata          STemWin540_CM7_Keil.lib(f24_ascii.o)
    0x08018434   0x08018434   0x00000030   Data   RO         4669    .constdata          STemWin540_CM7_Keil.lib(f24_ascii.o)
    0x08018464   0x08018464   0x00000030   Data   RO         4670    .constdata          STemWin540_CM7_Keil.lib(f24_ascii.o)
    0x08018494   0x08018494   0x00000030   Data   RO         4671    .constdata          STemWin540_CM7_Keil.lib(f24_ascii.o)
    0x080184c4   0x080184c4   0x00000030   Data   RO         4672    .constdata          STemWin540_CM7_Keil.lib(f24_ascii.o)
    0x080184f4   0x080184f4   0x00000030   Data   RO         4673    .constdata          STemWin540_CM7_Keil.lib(f24_ascii.o)
    0x08018524   0x08018524   0x00000018   Data   RO         4674    .constdata          STemWin540_CM7_Keil.lib(f24_ascii.o)
    0x0801853c   0x0801853c   0x00000030   Data   RO         4675    .constdata          STemWin540_CM7_Keil.lib(f24_ascii.o)
    0x0801856c   0x0801856c   0x00000030   Data   RO         4676    .constdata          STemWin540_CM7_Keil.lib(f24_ascii.o)
    0x0801859c   0x0801859c   0x00000030   Data   RO         4677    .constdata          STemWin540_CM7_Keil.lib(f24_ascii.o)
    0x080185cc   0x080185cc   0x00000048   Data   RO         4678    .constdata          STemWin540_CM7_Keil.lib(f24_ascii.o)
    0x08018614   0x08018614   0x00000030   Data   RO         4679    .constdata          STemWin540_CM7_Keil.lib(f24_ascii.o)
    0x08018644   0x08018644   0x00000030   Data   RO         4680    .constdata          STemWin540_CM7_Keil.lib(f24_ascii.o)
    0x08018674   0x08018674   0x00000030   Data   RO         4681    .constdata          STemWin540_CM7_Keil.lib(f24_ascii.o)
    0x080186a4   0x080186a4   0x00000030   Data   RO         4682    .constdata          STemWin540_CM7_Keil.lib(f24_ascii.o)
    0x080186d4   0x080186d4   0x00000030   Data   RO         4683    .constdata          STemWin540_CM7_Keil.lib(f24_ascii.o)
    0x08018704   0x08018704   0x00000030   Data   RO         4684    .constdata          STemWin540_CM7_Keil.lib(f24_ascii.o)
    0x08018734   0x08018734   0x00000030   Data   RO         4685    .constdata          STemWin540_CM7_Keil.lib(f24_ascii.o)
    0x08018764   0x08018764   0x00000030   Data   RO         4686    .constdata          STemWin540_CM7_Keil.lib(f24_ascii.o)
    0x08018794   0x08018794   0x00000030   Data   RO         4687    .constdata          STemWin540_CM7_Keil.lib(f24_ascii.o)
    0x080187c4   0x080187c4   0x00000048   Data   RO         4688    .constdata          STemWin540_CM7_Keil.lib(f24_ascii.o)
    0x0801880c   0x0801880c   0x00000030   Data   RO         4689    .constdata          STemWin540_CM7_Keil.lib(f24_ascii.o)
    0x0801883c   0x0801883c   0x00000030   Data   RO         4690    .constdata          STemWin540_CM7_Keil.lib(f24_ascii.o)
    0x0801886c   0x0801886c   0x00000030   Data   RO         4691    .constdata          STemWin540_CM7_Keil.lib(f24_ascii.o)
    0x0801889c   0x0801889c   0x00000018   Data   RO         4692    .constdata          STemWin540_CM7_Keil.lib(f24_ascii.o)
    0x080188b4   0x080188b4   0x00000018   Data   RO         4693    .constdata          STemWin540_CM7_Keil.lib(f24_ascii.o)
    0x080188cc   0x080188cc   0x00000018   Data   RO         4694    .constdata          STemWin540_CM7_Keil.lib(f24_ascii.o)
    0x080188e4   0x080188e4   0x00000018   Data   RO         4695    .constdata          STemWin540_CM7_Keil.lib(f24_ascii.o)
    0x080188fc   0x080188fc   0x00000030   Data   RO         4696    .constdata          STemWin540_CM7_Keil.lib(f24_ascii.o)
    0x0801892c   0x0801892c   0x00000018   Data   RO         4697    .constdata          STemWin540_CM7_Keil.lib(f24_ascii.o)
    0x08018944   0x08018944   0x00000030   Data   RO         4698    .constdata          STemWin540_CM7_Keil.lib(f24_ascii.o)
    0x08018974   0x08018974   0x00000030   Data   RO         4699    .constdata          STemWin540_CM7_Keil.lib(f24_ascii.o)
    0x080189a4   0x080189a4   0x00000030   Data   RO         4700    .constdata          STemWin540_CM7_Keil.lib(f24_ascii.o)
    0x080189d4   0x080189d4   0x00000030   Data   RO         4701    .constdata          STemWin540_CM7_Keil.lib(f24_ascii.o)
    0x08018a04   0x08018a04   0x00000030   Data   RO         4702    .constdata          STemWin540_CM7_Keil.lib(f24_ascii.o)
    0x08018a34   0x08018a34   0x00000018   Data   RO         4703    .constdata          STemWin540_CM7_Keil.lib(f24_ascii.o)
    0x08018a4c   0x08018a4c   0x00000030   Data   RO         4704    .constdata          STemWin540_CM7_Keil.lib(f24_ascii.o)
    0x08018a7c   0x08018a7c   0x00000030   Data   RO         4705    .constdata          STemWin540_CM7_Keil.lib(f24_ascii.o)
    0x08018aac   0x08018aac   0x00000018   Data   RO         4706    .constdata          STemWin540_CM7_Keil.lib(f24_ascii.o)
    0x08018ac4   0x08018ac4   0x00000018   Data   RO         4707    .constdata          STemWin540_CM7_Keil.lib(f24_ascii.o)
    0x08018adc   0x08018adc   0x00000030   Data   RO         4708    .constdata          STemWin540_CM7_Keil.lib(f24_ascii.o)
    0x08018b0c   0x08018b0c   0x00000018   Data   RO         4709    .constdata          STemWin540_CM7_Keil.lib(f24_ascii.o)
    0x08018b24   0x08018b24   0x00000030   Data   RO         4710    .constdata          STemWin540_CM7_Keil.lib(f24_ascii.o)
    0x08018b54   0x08018b54   0x00000030   Data   RO         4711    .constdata          STemWin540_CM7_Keil.lib(f24_ascii.o)
    0x08018b84   0x08018b84   0x00000030   Data   RO         4712    .constdata          STemWin540_CM7_Keil.lib(f24_ascii.o)
    0x08018bb4   0x08018bb4   0x00000030   Data   RO         4713    .constdata          STemWin540_CM7_Keil.lib(f24_ascii.o)
    0x08018be4   0x08018be4   0x00000030   Data   RO         4714    .constdata          STemWin540_CM7_Keil.lib(f24_ascii.o)
    0x08018c14   0x08018c14   0x00000018   Data   RO         4715    .constdata          STemWin540_CM7_Keil.lib(f24_ascii.o)
    0x08018c2c   0x08018c2c   0x00000030   Data   RO         4716    .constdata          STemWin540_CM7_Keil.lib(f24_ascii.o)
    0x08018c5c   0x08018c5c   0x00000018   Data   RO         4717    .constdata          STemWin540_CM7_Keil.lib(f24_ascii.o)
    0x08018c74   0x08018c74   0x00000030   Data   RO         4718    .constdata          STemWin540_CM7_Keil.lib(f24_ascii.o)
    0x08018ca4   0x08018ca4   0x00000030   Data   RO         4719    .constdata          STemWin540_CM7_Keil.lib(f24_ascii.o)
    0x08018cd4   0x08018cd4   0x00000030   Data   RO         4720    .constdata          STemWin540_CM7_Keil.lib(f24_ascii.o)
    0x08018d04   0x08018d04   0x00000030   Data   RO         4721    .constdata          STemWin540_CM7_Keil.lib(f24_ascii.o)
    0x08018d34   0x08018d34   0x00000030   Data   RO         4722    .constdata          STemWin540_CM7_Keil.lib(f24_ascii.o)
    0x08018d64   0x08018d64   0x00000030   Data   RO         4723    .constdata          STemWin540_CM7_Keil.lib(f24_ascii.o)
    0x08018d94   0x08018d94   0x00000018   Data   RO         4724    .constdata          STemWin540_CM7_Keil.lib(f24_ascii.o)
    0x08018dac   0x08018dac   0x00000018   Data   RO         4725    .constdata          STemWin540_CM7_Keil.lib(f24_ascii.o)
    0x08018dc4   0x08018dc4   0x00000018   Data   RO         4726    .constdata          STemWin540_CM7_Keil.lib(f24_ascii.o)
    0x08018ddc   0x08018ddc   0x00000030   Data   RO         4727    .constdata          STemWin540_CM7_Keil.lib(f24_ascii.o)
    0x08018e0c   0x08018e0c   0x000002f8   Data   RO         4728    .constdata          STemWin540_CM7_Keil.lib(f24_ascii.o)
    0x08019104   0x08019104   0x0000000c   Data   RO         4729    .constdata          STemWin540_CM7_Keil.lib(f24_ascii.o)
    0x08019110   0x08019110   0x00000074   Data   RO         4768    .constdata          STemWin540_CM7_Keil.lib(guidev_16.o)
    0x08019184   0x08019184   0x00000074   Data   RO         4804    .constdata          STemWin540_CM7_Keil.lib(guidev_32.o)
    0x080191f8   0x080191f8   0x00000010   Data   RO         4866    .constdata          STemWin540_CM7_Keil.lib(button_skinflex.o)
    0x08019208   0x08019208   0x0000000c   Data   RO         4878    .constdata          STemWin540_CM7_Keil.lib(gui_draw_bitmap.o)
    0x08019214   0x08019214   0x00000018   Data   RO         5413    .constdata          STemWin540_CM7_Keil.lib(guicc_8888.o)
    0x0801922c   0x0801922c   0x0000000d   Data   RO         5418    .constdata          STemWin540_CM7_Keil.lib(f13_ascii.o)
    0x08019239   0x08019239   0x0000000d   Data   RO         5419    .constdata          STemWin540_CM7_Keil.lib(f13_ascii.o)
    0x08019246   0x08019246   0x0000000d   Data   RO         5420    .constdata          STemWin540_CM7_Keil.lib(f13_ascii.o)
    0x08019253   0x08019253   0x0000000d   Data   RO         5421    .constdata          STemWin540_CM7_Keil.lib(f13_ascii.o)
    0x08019260   0x08019260   0x0000000d   Data   RO         5422    .constdata          STemWin540_CM7_Keil.lib(f13_ascii.o)
    0x0801926d   0x0801926d   0x0000001a   Data   RO         5423    .constdata          STemWin540_CM7_Keil.lib(f13_ascii.o)
    0x08019287   0x08019287   0x0000000d   Data   RO         5424    .constdata          STemWin540_CM7_Keil.lib(f13_ascii.o)
    0x08019294   0x08019294   0x0000000d   Data   RO         5425    .constdata          STemWin540_CM7_Keil.lib(f13_ascii.o)
    0x080192a1   0x080192a1   0x0000000d   Data   RO         5426    .constdata          STemWin540_CM7_Keil.lib(f13_ascii.o)
    0x080192ae   0x080192ae   0x0000000d   Data   RO         5427    .constdata          STemWin540_CM7_Keil.lib(f13_ascii.o)
    0x080192bb   0x080192bb   0x0000000d   Data   RO         5428    .constdata          STemWin540_CM7_Keil.lib(f13_ascii.o)
    0x080192c8   0x080192c8   0x0000000d   Data   RO         5429    .constdata          STemWin540_CM7_Keil.lib(f13_ascii.o)
    0x080192d5   0x080192d5   0x0000000d   Data   RO         5430    .constdata          STemWin540_CM7_Keil.lib(f13_ascii.o)
    0x080192e2   0x080192e2   0x0000000d   Data   RO         5431    .constdata          STemWin540_CM7_Keil.lib(f13_ascii.o)
    0x080192ef   0x080192ef   0x0000000d   Data   RO         5432    .constdata          STemWin540_CM7_Keil.lib(f13_ascii.o)
    0x080192fc   0x080192fc   0x0000000d   Data   RO         5433    .constdata          STemWin540_CM7_Keil.lib(f13_ascii.o)
    0x08019309   0x08019309   0x0000000d   Data   RO         5434    .constdata          STemWin540_CM7_Keil.lib(f13_ascii.o)
    0x08019316   0x08019316   0x0000000d   Data   RO         5435    .constdata          STemWin540_CM7_Keil.lib(f13_ascii.o)
    0x08019323   0x08019323   0x0000000d   Data   RO         5436    .constdata          STemWin540_CM7_Keil.lib(f13_ascii.o)
    0x08019330   0x08019330   0x0000000d   Data   RO         5437    .constdata          STemWin540_CM7_Keil.lib(f13_ascii.o)
    0x0801933d   0x0801933d   0x0000000d   Data   RO         5438    .constdata          STemWin540_CM7_Keil.lib(f13_ascii.o)
    0x0801934a   0x0801934a   0x0000000d   Data   RO         5439    .constdata          STemWin540_CM7_Keil.lib(f13_ascii.o)
    0x08019357   0x08019357   0x0000000d   Data   RO         5440    .constdata          STemWin540_CM7_Keil.lib(f13_ascii.o)
    0x08019364   0x08019364   0x0000000d   Data   RO         5441    .constdata          STemWin540_CM7_Keil.lib(f13_ascii.o)
    0x08019371   0x08019371   0x0000000d   Data   RO         5442    .constdata          STemWin540_CM7_Keil.lib(f13_ascii.o)
    0x0801937e   0x0801937e   0x0000000d   Data   RO         5443    .constdata          STemWin540_CM7_Keil.lib(f13_ascii.o)
    0x0801938b   0x0801938b   0x0000000d   Data   RO         5444    .constdata          STemWin540_CM7_Keil.lib(f13_ascii.o)
    0x08019398   0x08019398   0x0000000d   Data   RO         5445    .constdata          STemWin540_CM7_Keil.lib(f13_ascii.o)
    0x080193a5   0x080193a5   0x0000000d   Data   RO         5446    .constdata          STemWin540_CM7_Keil.lib(f13_ascii.o)
    0x080193b2   0x080193b2   0x0000000d   Data   RO         5447    .constdata          STemWin540_CM7_Keil.lib(f13_ascii.o)
    0x080193bf   0x080193bf   0x0000000d   Data   RO         5448    .constdata          STemWin540_CM7_Keil.lib(f13_ascii.o)
    0x080193cc   0x080193cc   0x0000000d   Data   RO         5449    .constdata          STemWin540_CM7_Keil.lib(f13_ascii.o)
    0x080193d9   0x080193d9   0x0000001a   Data   RO         5450    .constdata          STemWin540_CM7_Keil.lib(f13_ascii.o)
    0x080193f3   0x080193f3   0x0000000d   Data   RO         5451    .constdata          STemWin540_CM7_Keil.lib(f13_ascii.o)
    0x08019400   0x08019400   0x0000000d   Data   RO         5452    .constdata          STemWin540_CM7_Keil.lib(f13_ascii.o)
    0x0801940d   0x0801940d   0x0000000d   Data   RO         5453    .constdata          STemWin540_CM7_Keil.lib(f13_ascii.o)
    0x0801941a   0x0801941a   0x0000000d   Data   RO         5454    .constdata          STemWin540_CM7_Keil.lib(f13_ascii.o)
    0x08019427   0x08019427   0x0000000d   Data   RO         5455    .constdata          STemWin540_CM7_Keil.lib(f13_ascii.o)
    0x08019434   0x08019434   0x0000000d   Data   RO         5456    .constdata          STemWin540_CM7_Keil.lib(f13_ascii.o)
    0x08019441   0x08019441   0x0000000d   Data   RO         5457    .constdata          STemWin540_CM7_Keil.lib(f13_ascii.o)
    0x0801944e   0x0801944e   0x0000000d   Data   RO         5458    .constdata          STemWin540_CM7_Keil.lib(f13_ascii.o)
    0x0801945b   0x0801945b   0x0000000d   Data   RO         5459    .constdata          STemWin540_CM7_Keil.lib(f13_ascii.o)
    0x08019468   0x08019468   0x0000000d   Data   RO         5460    .constdata          STemWin540_CM7_Keil.lib(f13_ascii.o)
    0x08019475   0x08019475   0x0000000d   Data   RO         5461    .constdata          STemWin540_CM7_Keil.lib(f13_ascii.o)
    0x08019482   0x08019482   0x0000000d   Data   RO         5462    .constdata          STemWin540_CM7_Keil.lib(f13_ascii.o)
    0x0801948f   0x0801948f   0x0000000d   Data   RO         5463    .constdata          STemWin540_CM7_Keil.lib(f13_ascii.o)
    0x0801949c   0x0801949c   0x0000000d   Data   RO         5464    .constdata          STemWin540_CM7_Keil.lib(f13_ascii.o)
    0x080194a9   0x080194a9   0x0000000d   Data   RO         5465    .constdata          STemWin540_CM7_Keil.lib(f13_ascii.o)
    0x080194b6   0x080194b6   0x0000000d   Data   RO         5466    .constdata          STemWin540_CM7_Keil.lib(f13_ascii.o)
    0x080194c3   0x080194c3   0x0000000d   Data   RO         5467    .constdata          STemWin540_CM7_Keil.lib(f13_ascii.o)
    0x080194d0   0x080194d0   0x0000000d   Data   RO         5468    .constdata          STemWin540_CM7_Keil.lib(f13_ascii.o)
    0x080194dd   0x080194dd   0x0000000d   Data   RO         5469    .constdata          STemWin540_CM7_Keil.lib(f13_ascii.o)
    0x080194ea   0x080194ea   0x0000000d   Data   RO         5470    .constdata          STemWin540_CM7_Keil.lib(f13_ascii.o)
    0x080194f7   0x080194f7   0x0000000d   Data   RO         5471    .constdata          STemWin540_CM7_Keil.lib(f13_ascii.o)
    0x08019504   0x08019504   0x0000000d   Data   RO         5472    .constdata          STemWin540_CM7_Keil.lib(f13_ascii.o)
    0x08019511   0x08019511   0x0000001a   Data   RO         5473    .constdata          STemWin540_CM7_Keil.lib(f13_ascii.o)
    0x0801952b   0x0801952b   0x0000000d   Data   RO         5474    .constdata          STemWin540_CM7_Keil.lib(f13_ascii.o)
    0x08019538   0x08019538   0x0000000d   Data   RO         5475    .constdata          STemWin540_CM7_Keil.lib(f13_ascii.o)
    0x08019545   0x08019545   0x0000000d   Data   RO         5476    .constdata          STemWin540_CM7_Keil.lib(f13_ascii.o)
    0x08019552   0x08019552   0x0000000d   Data   RO         5477    .constdata          STemWin540_CM7_Keil.lib(f13_ascii.o)
    0x0801955f   0x0801955f   0x0000000d   Data   RO         5478    .constdata          STemWin540_CM7_Keil.lib(f13_ascii.o)
    0x0801956c   0x0801956c   0x0000000d   Data   RO         5479    .constdata          STemWin540_CM7_Keil.lib(f13_ascii.o)
    0x08019579   0x08019579   0x0000000d   Data   RO         5480    .constdata          STemWin540_CM7_Keil.lib(f13_ascii.o)
    0x08019586   0x08019586   0x0000000d   Data   RO         5481    .constdata          STemWin540_CM7_Keil.lib(f13_ascii.o)
    0x08019593   0x08019593   0x0000000d   Data   RO         5482    .constdata          STemWin540_CM7_Keil.lib(f13_ascii.o)
    0x080195a0   0x080195a0   0x0000000d   Data   RO         5483    .constdata          STemWin540_CM7_Keil.lib(f13_ascii.o)
    0x080195ad   0x080195ad   0x0000000d   Data   RO         5484    .constdata          STemWin540_CM7_Keil.lib(f13_ascii.o)
    0x080195ba   0x080195ba   0x0000000d   Data   RO         5485    .constdata          STemWin540_CM7_Keil.lib(f13_ascii.o)
    0x080195c7   0x080195c7   0x0000000d   Data   RO         5486    .constdata          STemWin540_CM7_Keil.lib(f13_ascii.o)
    0x080195d4   0x080195d4   0x0000000d   Data   RO         5487    .constdata          STemWin540_CM7_Keil.lib(f13_ascii.o)
    0x080195e1   0x080195e1   0x0000000d   Data   RO         5488    .constdata          STemWin540_CM7_Keil.lib(f13_ascii.o)
    0x080195ee   0x080195ee   0x0000000d   Data   RO         5489    .constdata          STemWin540_CM7_Keil.lib(f13_ascii.o)
    0x080195fb   0x080195fb   0x0000000d   Data   RO         5490    .constdata          STemWin540_CM7_Keil.lib(f13_ascii.o)
    0x08019608   0x08019608   0x0000000d   Data   RO         5491    .constdata          STemWin540_CM7_Keil.lib(f13_ascii.o)
    0x08019615   0x08019615   0x0000000d   Data   RO         5492    .constdata          STemWin540_CM7_Keil.lib(f13_ascii.o)
    0x08019622   0x08019622   0x0000000d   Data   RO         5493    .constdata          STemWin540_CM7_Keil.lib(f13_ascii.o)
    0x0801962f   0x0801962f   0x0000000d   Data   RO         5494    .constdata          STemWin540_CM7_Keil.lib(f13_ascii.o)
    0x0801963c   0x0801963c   0x0000000d   Data   RO         5495    .constdata          STemWin540_CM7_Keil.lib(f13_ascii.o)
    0x08019649   0x08019649   0x0000000d   Data   RO         5496    .constdata          STemWin540_CM7_Keil.lib(f13_ascii.o)
    0x08019656   0x08019656   0x0000000d   Data   RO         5497    .constdata          STemWin540_CM7_Keil.lib(f13_ascii.o)
    0x08019663   0x08019663   0x0000000d   Data   RO         5498    .constdata          STemWin540_CM7_Keil.lib(f13_ascii.o)
    0x08019670   0x08019670   0x0000000d   Data   RO         5499    .constdata          STemWin540_CM7_Keil.lib(f13_ascii.o)
    0x0801967d   0x0801967d   0x0000000d   Data   RO         5500    .constdata          STemWin540_CM7_Keil.lib(f13_ascii.o)
    0x0801968a   0x0801968a   0x0000000d   Data   RO         5501    .constdata          STemWin540_CM7_Keil.lib(f13_ascii.o)
    0x08019697   0x08019697   0x0000000d   Data   RO         5502    .constdata          STemWin540_CM7_Keil.lib(f13_ascii.o)
    0x080196a4   0x080196a4   0x0000000d   Data   RO         5503    .constdata          STemWin540_CM7_Keil.lib(f13_ascii.o)
    0x080196b1   0x080196b1   0x0000000d   Data   RO         5504    .constdata          STemWin540_CM7_Keil.lib(f13_ascii.o)
    0x080196be   0x080196be   0x0000000d   Data   RO         5505    .constdata          STemWin540_CM7_Keil.lib(f13_ascii.o)
    0x080196cb   0x080196cb   0x0000000d   Data   RO         5506    .constdata          STemWin540_CM7_Keil.lib(f13_ascii.o)
    0x080196d8   0x080196d8   0x0000000d   Data   RO         5507    .constdata          STemWin540_CM7_Keil.lib(f13_ascii.o)
    0x080196e5   0x080196e5   0x0000000d   Data   RO         5508    .constdata          STemWin540_CM7_Keil.lib(f13_ascii.o)
    0x080196f2   0x080196f2   0x0000000d   Data   RO         5509    .constdata          STemWin540_CM7_Keil.lib(f13_ascii.o)
    0x080196ff   0x080196ff   0x0000000d   Data   RO         5510    .constdata          STemWin540_CM7_Keil.lib(f13_ascii.o)
    0x0801970c   0x0801970c   0x0000000d   Data   RO         5511    .constdata          STemWin540_CM7_Keil.lib(f13_ascii.o)
    0x08019719   0x08019719   0x0000000d   Data   RO         5512    .constdata          STemWin540_CM7_Keil.lib(f13_ascii.o)
    0x08019726   0x08019726   0x00000002   PAD
    0x08019728   0x08019728   0x000002f8   Data   RO         5513    .constdata          STemWin540_CM7_Keil.lib(f13_ascii.o)
    0x08019a20   0x08019a20   0x0000000c   Data   RO         5514    .constdata          STemWin540_CM7_Keil.lib(f13_ascii.o)
    0x08019a2c   0x08019a2c   0x00000018   Data   RO         5548    .constdata          STemWin540_CM7_Keil.lib(guidev_usagebm.o)
    0x08019a44   0x08019a44   0x00000008   Data   RO         5572    .constdata          STemWin540_CM7_Keil.lib(guidev_writetoactiveopaque.o)
    0x08019a4c   0x08019a4c   0x0000001c   Data   RO         5608    .constdata          STemWin540_CM7_Keil.lib(widget_effect_simple.o)
    0x08019a68   0x08019a68   0x00000038   Data   RO         5927    .constdata          m_wm.l(log.o)
    0x08019aa0   0x08019aa0   0x00000008   Data   RO         5993    .constdata          m_wm.l(qnan.o)
    0x08019aa8   0x08019aa8   0x00000010   Data   RO            7    .rodata.AHBPrescTable  system_stm32f7xx.o
    0x08019ab8   0x08019ab8   0x00000008   Data   RO            8    .rodata.APBPrescTable  system_stm32f7xx.o
    0x08019ac0   0x08019ac0   0x0000c120   Data   RO         2582    .rodata._acbtn_decrease  btn_decrease.o
    0x08025be0   0x08025be0   0x00005dc0   Data   RO         2593    .rodata._acbtn_dnd_0  btn_dnd_0.o
    0x0802b9a0   0x0802b9a0   0x00005dc0   Data   RO         2604    .rodata._acbtn_dnd_1  btn_dnd_1.o
    0x08031760   0x08031760   0x0000d068   Data   RO         2615    .rodata._acbtn_increase  btn_increase.o
    0x0803e7c8   0x0803e7c8   0x00005dc0   Data   RO         2626    .rodata._acbtn_maid_0  btn_maid_0.o
    0x08044588   0x08044588   0x00005dc0   Data   RO         2637    .rodata._acbtn_maid_1  btn_maid_1.o
    0x0804a348   0x0804a348   0x0000724c   Data   RO         2648    .rodata._acbtn_ok   btn_ok.o
    0x08051594   0x08051594   0x00007918   Data   RO         2659    .rodata._acbtn_open_door  btn_open_door.o
    0x08058eac   0x08058eac   0x00005dc0   Data   RO         2670    .rodata._acbtn_rst_sos_0  btn_rst_sos_0.o
    0x0805ec6c   0x0805ec6c   0x00005dc0   Data   RO         2681    .rodata._acbtn_rst_sos_1  btn_rst_sos_1.o
    0x08064a2c   0x08064a2c   0x00000014   Data   RO         2550    .rodata.bmbackground_0  background_0.o
    0x08064a40   0x08064a40   0x00000014   Data   RO         2583    .rodata.bmbtn_decrease  btn_decrease.o
    0x08064a54   0x08064a54   0x00000014   Data   RO         2594    .rodata.bmbtn_dnd_0  btn_dnd_0.o
    0x08064a68   0x08064a68   0x00000014   Data   RO         2605    .rodata.bmbtn_dnd_1  btn_dnd_1.o
    0x08064a7c   0x08064a7c   0x00000014   Data   RO         2616    .rodata.bmbtn_increase  btn_increase.o
    0x08064a90   0x08064a90   0x00000014   Data   RO         2627    .rodata.bmbtn_maid_0  btn_maid_0.o
    0x08064aa4   0x08064aa4   0x00000014   Data   RO         2638    .rodata.bmbtn_maid_1  btn_maid_1.o
    0x08064ab8   0x08064ab8   0x00000014   Data   RO         2649    .rodata.bmbtn_ok    btn_ok.o
    0x08064acc   0x08064acc   0x00000014   Data   RO         2660    .rodata.bmbtn_open_door  btn_open_door.o
    0x08064ae0   0x08064ae0   0x00000014   Data   RO         2671    .rodata.bmbtn_rst_sos_0  btn_rst_sos_0.o
    0x08064af4   0x08064af4   0x00000014   Data   RO         2682    .rodata.bmbtn_rst_sos_1  btn_rst_sos_1.o
    0x08064b08   0x08064b08   0x00000014   Data   RO         2561    .rodata.bmmessage_1  message_1.o
    0x08064b1c   0x08064b1c   0x00000014   Data   RO         2572    .rodata.bmmessage_2  message_2.o
    0x08064b30   0x08064b30   0x00000014   Data   RO         2440    .rodata.bmnumber_0  number_0.o
    0x08064b44   0x08064b44   0x00000014   Data   RO         2451    .rodata.bmnumber_1  number_1.o
    0x08064b58   0x08064b58   0x00000014   Data   RO         2462    .rodata.bmnumber_2  number_2.o
    0x08064b6c   0x08064b6c   0x00000014   Data   RO         2473    .rodata.bmnumber_3  number_3.o
    0x08064b80   0x08064b80   0x00000014   Data   RO         2484    .rodata.bmnumber_4  number_4.o
    0x08064b94   0x08064b94   0x00000014   Data   RO         2495    .rodata.bmnumber_5  number_5.o
    0x08064ba8   0x08064ba8   0x00000014   Data   RO         2506    .rodata.bmnumber_6  number_6.o
    0x08064bbc   0x08064bbc   0x00000014   Data   RO         2517    .rodata.bmnumber_7  number_7.o
    0x08064bd0   0x08064bd0   0x00000014   Data   RO         2528    .rodata.bmnumber_8  number_8.o
    0x08064be4   0x08064be4   0x00000014   Data   RO         2539    .rodata.bmnumber_9  number_9.o
    0x08064bf8   0x08064bf8   0x00000008   Data   RO         2395    .rodata.cst8        lcdconf.o
    0x08064c00   0x08064c00   0x00000030   Data   RO         6038    Region$$Table       anon$$obj.o


    Execution Region RW_IRAM1 (Exec base: 0x20000000, Load base: 0x08064c30, Size: 0x00026ad0, Max: 0x00050000, ABSOLUTE, COMPRESSED[0x00000128])

    Exec Addr    Load Addr    Size         Type   Attr      Idx    E Section Name        Object

    0x20000000   COMPRESSED   0x00000008   Data   RW         3035    .data               STemWin540_CM7_Keil.lib(guicc_m1555i.o)
    0x20000008   COMPRESSED   0x00000008   Data   RW         3049    .data               STemWin540_CM7_Keil.lib(guicc_m4444i.o)
    0x20000010   COMPRESSED   0x00000008   Data   RW         3062    .data               STemWin540_CM7_Keil.lib(guicc_m8888i.o)
    0x20000018   COMPRESSED   0x00000030   Data   RW         3079    .data               STemWin540_CM7_Keil.lib(gui__alpha.o)
    0x20000048   COMPRESSED   0x00000048   Data   RW         3365    .data               STemWin540_CM7_Keil.lib(gui_core.o)
    0x20000090   COMPRESSED   0x00000004   Data   RW         3366    .data               STemWin540_CM7_Keil.lib(gui_core.o)
    0x20000094   COMPRESSED   0x00000004   Data   RW         3367    .data               STemWin540_CM7_Keil.lib(gui_core.o)
    0x20000098   COMPRESSED   0x00000004   Data   RW         3369    .data               STemWin540_CM7_Keil.lib(gui_core.o)
    0x2000009c   COMPRESSED   0x00000004   Data   RW         3370    .data               STemWin540_CM7_Keil.lib(gui_core.o)
    0x200000a0   COMPRESSED   0x00000004   Data   RW         3371    .data               STemWin540_CM7_Keil.lib(gui_core.o)
    0x200000a4   COMPRESSED   0x00000004   Data   RW         3372    .data               STemWin540_CM7_Keil.lib(gui_core.o)
    0x200000a8   COMPRESSED   0x00000004   Data   RW         3373    .data               STemWin540_CM7_Keil.lib(gui_core.o)
    0x200000ac   COMPRESSED   0x00000002   Data   RW         3374    .data               STemWin540_CM7_Keil.lib(gui_core.o)
    0x200000ae   COMPRESSED   0x00000001   Data   RW         3375    .data               STemWin540_CM7_Keil.lib(gui_core.o)
    0x200000af   COMPRESSED   0x00000001   PAD
    0x200000b0   COMPRESSED   0x00000004   Data   RW         3376    .data               STemWin540_CM7_Keil.lib(gui_core.o)
    0x200000b4   COMPRESSED   0x00000004   Data   RW         3377    .data               STemWin540_CM7_Keil.lib(gui_core.o)
    0x200000b8   COMPRESSED   0x00000002   Data   RW         3378    .data               STemWin540_CM7_Keil.lib(gui_core.o)
    0x200000ba   COMPRESSED   0x00000002   Data   RW         3379    .data               STemWin540_CM7_Keil.lib(gui_core.o)
    0x200000bc   COMPRESSED   0x0000000c   Data   RW         3470    .data               STemWin540_CM7_Keil.lib(gui_drawbitmap_8888.o)
    0x200000c8   COMPRESSED   0x0000002c   Data   RW         3498    .data               STemWin540_CM7_Keil.lib(gui_multibuf.o)
    0x200000f4   COMPRESSED   0x00000018   Data   RW         3526    .data               STemWin540_CM7_Keil.lib(gui_pid.o)
    0x2000010c   COMPRESSED   0x00000008   Data   RW         3547    .data               STemWin540_CM7_Keil.lib(gui_selectlayer.o)
    0x20000114   COMPRESSED   0x00000004   Data   RW         3561    .data               STemWin540_CM7_Keil.lib(gui_touch.o)
    0x20000118   COMPRESSED   0x00000008   Data   RW         3572    .data               STemWin540_CM7_Keil.lib(guicc_m565.o)
    0x20000120   COMPRESSED   0x00000008   Data   RW         3585    .data               STemWin540_CM7_Keil.lib(guicc_m888.o)
    0x20000128   COMPRESSED   0x00000004   Data   RW         3611    .data               STemWin540_CM7_Keil.lib(lcd.o)
    0x2000012c   COMPRESSED   0x00000014   Data   RW         3640    .data               STemWin540_CM7_Keil.lib(lcd_color.o)
    0x20000140   COMPRESSED   0x00000008   Data   RW         3692    .data               STemWin540_CM7_Keil.lib(lcd_getex.o)
    0x20000148   COMPRESSED   0x0000003c   Data   RW         4069    .data               STemWin540_CM7_Keil.lib(button.o)
    0x20000184   COMPRESSED   0x00000068   Data   RW         4166    .data               STemWin540_CM7_Keil.lib(wm.o)
    0x200001ec   COMPRESSED   0x00000001   Data   RW         4167    .data               STemWin540_CM7_Keil.lib(wm.o)
    0x200001ed   COMPRESSED   0x00000003   PAD
    0x200001f0   COMPRESSED   0x00000018   Data   RW         4252    .data               STemWin540_CM7_Keil.lib(gui__managecache.o)
    0x20000208   COMPRESSED   0x00000004   Data   RW         4278    .data               STemWin540_CM7_Keil.lib(gui__private.o)
    0x2000020c   COMPRESSED   0x00000004   Data   RW         4279    .data               STemWin540_CM7_Keil.lib(gui__private.o)
    0x20000210   COMPRESSED   0x00000004   Data   RW         4343    .data               STemWin540_CM7_Keil.lib(gui_charline.o)
    0x20000214   COMPRESSED   0x00000010   Data   RW         4379    .data               STemWin540_CM7_Keil.lib(gui_onkey.o)
    0x20000224   COMPRESSED   0x0000000c   Data   RW         4423    .data               STemWin540_CM7_Keil.lib(gui_waitevent.o)
    0x20000230   COMPRESSED   0x00000018   Data   RW         4472    .data               STemWin540_CM7_Keil.lib(lcd_aa.o)
    0x20000248   COMPRESSED   0x00000010   Data   RW         4505    .data               STemWin540_CM7_Keil.lib(lcd_nextpixelapi.o)
    0x20000258   COMPRESSED   0x00000004   Data   RW         4769    .data               STemWin540_CM7_Keil.lib(guidev_16.o)
    0x2000025c   COMPRESSED   0x00000004   Data   RW         4825    .data               STemWin540_CM7_Keil.lib(guidev_banding.o)
    0x20000260   COMPRESSED   0x00000001   Data   RW         4840    .data               STemWin540_CM7_Keil.lib(guidev_staticdevices.o)
    0x20000261   COMPRESSED   0x00000003   PAD
    0x20000264   COMPRESSED   0x0000000c   Data   RW         4858    .data               STemWin540_CM7_Keil.lib(button_skin.o)
    0x20000270   COMPRESSED   0x00000020   Data   RW         4867    .data               STemWin540_CM7_Keil.lib(button_skinflex.o)
    0x20000290   COMPRESSED   0x00000020   Data   RW         4868    .data               STemWin540_CM7_Keil.lib(button_skinflex.o)
    0x200002b0   COMPRESSED   0x00000020   Data   RW         4869    .data               STemWin540_CM7_Keil.lib(button_skinflex.o)
    0x200002d0   COMPRESSED   0x00000020   Data   RW         4870    .data               STemWin540_CM7_Keil.lib(button_skinflex.o)
    0x200002f0   COMPRESSED   0x00000004   Data   RW         4912    .data               STemWin540_CM7_Keil.lib(widget.o)
    0x200002f4   COMPRESSED   0x00000004   Data   RW         4963    .data               STemWin540_CM7_Keil.lib(wm__private.o)
    0x200002f8   COMPRESSED   0x00000014   Data   RW         5165    .data               STemWin540_CM7_Keil.lib(wm_touch.o)
    0x2000030c   COMPRESSED   0x00000014   Data   RW         5390    .data               STemWin540_CM7_Keil.lib(gui_timer.o)
    0x20000320   COMPRESSED   0x00000004   Data   RW         5609    .data               STemWin540_CM7_Keil.lib(widget_effect_simple.o)
    0x20000324   COMPRESSED   0x00000004   Data   RW         6017    .data               mc_w.l(errno.o)
    0x20000328   COMPRESSED   0x00000004   Data   RW            6    .data.SystemCoreClock  system_stm32f7xx.o
    0x2000032c   COMPRESSED   0x00000008   Data   RW         2394    .data._aPendingBuffer  lcdconf.o
    0x20000334   COMPRESSED   0x00000028   Data   RW           48    .data.ft5336_ts_drv  ft5336.o
    0x2000035c   COMPRESSED   0x00000014   Data   RW         2988    .data.ntc_sample_value  main.o
    0x20000370        -       0x000000cc   Zero   RW         3130    .bss                STemWin540_CM7_Keil.lib(gui_alloc.o)
    0x2000043c        -       0x00000070   Zero   RW         3363    .bss                STemWin540_CM7_Keil.lib(gui_core.o)
    0x200004ac        -       0x00000048   Zero   RW         3525    .bss                STemWin540_CM7_Keil.lib(gui_pid.o)
    0x200004f4        -       0x0000000c   Zero   RW         3560    .bss                STemWin540_CM7_Keil.lib(gui_touch.o)
    0x20000500        -       0x00000018   Zero   RW         4164    .bss                STemWin540_CM7_Keil.lib(wm.o)
    0x20000518        -       0x00000058   Zero   RW         4378    .bss                STemWin540_CM7_Keil.lib(gui_onkey.o)
    0x20000570        -       0x00000030   Zero   RW         4504    .bss                STemWin540_CM7_Keil.lib(lcd_nextpixelapi.o)
    0x200005a0        -       0x00000048   Zero   RW         5164    .bss                STemWin540_CM7_Keil.lib(wm_touch.o)
    0x200005e8        -       0x00000040   Zero   RW         5237    .bss                STemWin540_CM7_Keil.lib(gui_cursor.o)
    0x20000628        -       0x00000018   Zero   RW         5645    .bss                STemWin540_CM7_Keil.lib(wm_pid__getprevstate.o)
    0x20000640        -       0x00000001   Zero   RW         2888    .bss.ActivDisplay   display.o
    0x20000641   COMPRESSED   0x00000003   PAD
    0x20000644        -       0x00000060   Zero   RW          296    .bss.BSP_SDRAM_MspInit.dma_handle  stm32746g_sdram.o
    0x200006a4        -       0x00000014   Zero   RW          327    .bss.BSP_TS_GetState._x  stm32746g_ts.o
    0x200006b8        -       0x00000014   Zero   RW          328    .bss.BSP_TS_GetState._y  stm32746g_ts.o
    0x200006cc        -       0x00000010   Zero   RW          295    .bss.Command        stm32746g_sdram.o
    0x200006dc        -       0x00000001   Zero   RW         2889    .bss.DISPLAY_Service.au_cnt  display.o
    0x200006dd        -       0x00000001   Zero   RW         2999    .bss.GUI_Initialized  main.o
    0x200006de   COMPRESSED   0x00000002   PAD
    0x200006e0        -       0x00000060   Zero   RW          259    .bss.HAL_QSPI_MspDeInit.hdma  stm32746g_qspi.o
    0x20000740        -       0x00000004   Zero   RW         2990    .bss.HAL_SYSTICK_Callback.i  main.o
    0x20000744        -       0x00000001   Zero   RW          325    .bss.I2cAddress     stm32746g_ts.o
    0x20000745        -       0x00000001   Zero   RW         2855    .bss.ONEWIRE_Search.init_cnt  one_wire.o
    0x20000746        -       0x00000001   Zero   RW         2849    .bss.ONEWIRE_Service.ds18b20_cnt  one_wire.o
    0x20000747        -       0x00000001   Zero   RW         2848    .bss.ONEWIRE_Service.ow_pcnt  one_wire.o
    0x20000748        -       0x00000004   Zero   RW         2427    .bss.OS_TimeMS      gui_x.o
    0x2000074c        -       0x00000001   Zero   RW         2847    .bss.OnewireState   one_wire.o
    0x2000074d   COMPRESSED   0x00000003   PAD
    0x20000750        -       0x0000004c   Zero   RW          255    .bss.QSPIHandle     stm32746g_qspi.o
    0x2000079c        -       0x00000001   Zero   RW          291    .bss.SDRAM_Init.sdramstatus  stm32746g_sdram.o
    0x2000079d        -       0x00000001   Zero   RW         2987    .bss.SelLayer       main.o
    0x2000079e   COMPRESSED   0x00000002   PAD
    0x200007a0        -       0x00000004   Zero   RW         3013    .bss.SystickCnt     main.o
    0x200007a4        -       0x00000001   Zero   RW         2745    .bss.THERMOSTAT_Service.fan_pcnt  thermostat.o
    0x200007a5        -       0x00000001   Zero   RW         2744    .bss.THERMOSTAT_Service.old_fan_speed  thermostat.o
    0x200007a6        -       0x00000001   Zero   RW         3006    .bss.TRIAC_ControlState  main.o
    0x200007a7   COMPRESSED   0x00000001   PAD
    0x200007a8        -       0x0000000c   Zero   RW         2743    .bss.Thermostat_1   thermostat.o
    0x200007b4        -       0x0000001c   Zero   RW          293    .bss.Timing         stm32746g_sdram.o
    0x200007d0        -       0x0000000c   Zero   RW         3008    .bss.TouchUpdate.TS_State  main.o
    0x200007dc        -       0x00000400   Zero   RW         2399    .bss._CLUT          lcdconf.o
    0x20000bdc        -       0x00005a00   Zero   RW         2401    .bss._aBuffer       lcdconf.o
    0x200065dc        -       0x00000008   Zero   RW         2400    .bss._aBufferIndex  lcdconf.o
    0x200065e4        -       0x00000008   Zero   RW         2398    .bss._aBytesPerPixels  lcdconf.o
    0x200065ec        -       0x00000008   Zero   RW         2396    .bss._axSize        lcdconf.o
    0x200065f4        -       0x00000008   Zero   RW         2397    .bss._aySize        lcdconf.o
    0x200065fc        -       0x00000002   Zero   RW         2995    .bss.anin_timer     main.o
    0x200065fe        -       0x00000001   Zero   RW         2902    .bss.btn_decrease_old_state  display.o
    0x200065ff        -       0x00000001   Zero   RW         2895    .bss.btn_dnd_old_state  display.o
    0x20006600        -       0x00000001   Zero   RW         2896    .bss.btn_dnd_state  display.o
    0x20006601        -       0x00000001   Zero   RW         2901    .bss.btn_increase_old_state  display.o
    0x20006602        -       0x00000001   Zero   RW         2899    .bss.btn_maid_old_state  display.o
    0x20006603        -       0x00000001   Zero   RW         2900    .bss.btn_maid_state  display.o
    0x20006604        -       0x00000001   Zero   RW         2897    .bss.btn_sos_old_state  display.o
    0x20006605        -       0x00000001   Zero   RW         2898    .bss.btn_sos_state  display.o
    0x20006606        -       0x00000002   Zero   RW         2787    .bss.calc           common_1.o
    0x20006608        -       0x00000001   Zero   RW          258    .bss.configureMemoryMappedMode  stm32746g_qspi.o
    0x20006609        -       0x00000004   Zero   RW         2993    .bss.date           main.o
    0x2000660d        -       0x00000020   Zero   RW         2903    .bss.display_buffer  display.o
    0x2000662d   COMPRESSED   0x00000003   PAD
    0x20006630        -       0x00000004   Zero   RW         2891    .bss.display_date_time_timer  display.o
    0x20006634        -       0x00000004   Zero   RW         2894    .bss.display_doorbell_timer  display.o
    0x20006638        -       0x00000004   Zero   RW         2887    .bss.display_flags  display.o
    0x2000663c        -       0x00000004   Zero   RW         2890    .bss.display_timer  display.o
    0x20006640        -       0x00000010   Zero   RW         2836    .bss.ds18b20_1      one_wire.o
    0x20006650        -       0x00000010   Zero   RW         2839    .bss.ds18b20_2      one_wire.o
    0x20006660        -       0x00000010   Zero   RW         2840    .bss.ds18b20_3      one_wire.o
    0x20006670        -       0x00000010   Zero   RW         2841    .bss.ds18b20_4      one_wire.o
    0x20006680        -       0x00000010   Zero   RW         2842    .bss.ds18b20_5      one_wire.o
    0x20006690        -       0x00000010   Zero   RW         2843    .bss.ds18b20_6      one_wire.o
    0x200066a0        -       0x00000010   Zero   RW         2844    .bss.ds18b20_7      one_wire.o
    0x200066b0        -       0x00000010   Zero   RW         2845    .bss.ds18b20_8      one_wire.o
    0x200066c0        -       0x00000002   Zero   RW           49    .bss.ft5336_TS_GetXY.coord  ft5336.o
    0x200066c2        -       0x00000001   Zero   RW           50    .bss.ft5336_handle.0  ft5336.o
    0x200066c3        -       0x00000001   Zero   RW           51    .bss.ft5336_handle.1  ft5336.o
    0x200066c4        -       0x00000001   Zero   RW           52    .bss.ft5336_handle.2  ft5336.o
    0x200066c5   COMPRESSED   0x00000003   PAD
    0x200066c8        -       0x00000004   Zero   RW         2885    .bss.hBUTTON_Decrease  display.o
    0x200066cc        -       0x00000004   Zero   RW         2882    .bss.hBUTTON_Dnd    display.o
    0x200066d0        -       0x00000004   Zero   RW         2892    .bss.hBUTTON_DoorOpen  display.o
    0x200066d4        -       0x00000004   Zero   RW         2886    .bss.hBUTTON_Increase  display.o
    0x200066d8        -       0x00000004   Zero   RW         2883    .bss.hBUTTON_Maid   display.o
    0x200066dc        -       0x00000004   Zero   RW         2893    .bss.hBUTTON_Ok     display.o
    0x200066e0        -       0x00000004   Zero   RW         2884    .bss.hBUTTON_SosReset  display.o
    0x200066e4        -       0x0000004c   Zero   RW          184    .bss.hI2cAudioHandler  stm32746g.o
    0x20006730        -       0x00000048   Zero   RW         2994    .bss.hadc3          main.o
    0x20006778        -       0x00000024   Zero   RW         3009    .bss.hcrc           main.o
    0x2000679c        -       0x00000040   Zero   RW         3012    .bss.hdma2d         main.o
    0x200067dc        -       0x000000a8   Zero   RW         3011    .bss.hltdc          main.o
    0x20006884        -       0x00000020   Zero   RW         2992    .bss.hrtc           main.o
    0x200068a4        -       0x00000040   Zero   RW         3002    .bss.htim3          main.o
    0x200068e4        -       0x00000040   Zero   RW         3010    .bss.htim9          main.o
    0x20006924        -       0x00000070   Zero   RW         3007    .bss.huart2         main.o
    0x20006994        -       0x00000004   Zero   RW         2998    .bss.ntc_calc       main.o
    0x20006998        -       0x00000001   Zero   RW         2996    .bss.ntc_sample_cnt  main.o
    0x20006999   COMPRESSED   0x00000001   PAD
    0x2000699a        -       0x00000002   Zero   RW         2997    .bss.ntc_temperature  main.o
    0x2000699c        -       0x00000060   Zero   RW         2846    .bss.onewire_buffer  one_wire.o
    0x200069fc        -       0x00000001   Zero   RW         2851    .bss.onewire_crc    one_wire.o
    0x200069fd   COMPRESSED   0x00000003   PAD
    0x20006a00        -       0x00000004   Zero   RW         2838    .bss.onewire_flags  one_wire.o
    0x20006a04        -       0x00000001   Zero   RW         2854    .bss.onewire_last_device_flag  one_wire.o
    0x20006a05        -       0x00000001   Zero   RW         2852    .bss.onewire_last_discrepancy  one_wire.o
    0x20006a06        -       0x00000001   Zero   RW         2853    .bss.onewire_last_family_discrepancy  one_wire.o
    0x20006a07        -       0x00000001   Zero   RW         2837    .bss.onewire_sensor_number  one_wire.o
    0x20006a08        -       0x00000004   Zero   RW         2850    .bss.onewire_timer  one_wire.o
    0x20006a0c        -       0x00000001   Zero   RW         2788    .bss.rest           common_1.o
    0x20006a0d   COMPRESSED   0x00000001   PAD
    0x20006a0e        -       0x00000002   Zero   RW         2991    .bss.rtc_bckp_tmr   main.o
    0x20006a10        -       0x00000038   Zero   RW          256    .bss.sCommand       stm32746g_qspi.o
    0x20006a48        -       0x00000018   Zero   RW          257    .bss.sConfig        stm32746g_qspi.o
    0x20006a60        -       0x00000034   Zero   RW          292    .bss.sdramHandle    stm32746g_sdram.o
    0x20006a94        -       0x00000004   Zero   RW         2746    .bss.thermostat_fan_timer  thermostat.o
    0x20006a98        -       0x00000004   Zero   RW         2748    .bss.thermostat_timer  thermostat.o
    0x20006a9c        -       0x00000004   Zero   RW         2747    .bss.thermostat_valve_timer  thermostat.o
    0x20006aa0        -       0x00000018   Zero   RW         3001    .bss.time           main.o
    0x20006ab8        -       0x00000004   Zero   RW         3003    .bss.triac_on_time  main.o
    0x20006abc        -       0x00000004   Zero   RW         3005    .bss.triac_on_timer  main.o
    0x20006ac0        -       0x00000004   Zero   RW         3004    .bss.triac_timer    main.o
    0x20006ac4        -       0x00000001   Zero   RW          326    .bss.tsOrientation  stm32746g_ts.o
    0x20006ac5   COMPRESSED   0x00000001   PAD
    0x20006ac6        -       0x00000002   Zero   RW          323    .bss.tsXBoundary    stm32746g_ts.o
    0x20006ac8        -       0x00000002   Zero   RW          324    .bss.tsYBoundary    stm32746g_ts.o
    0x20006aca        -       0x00000002   Zero   RW         3000    .bss.ts_update_timer  main.o
    0x20006acc        -       0x00000004   Zero   RW          392    .bss.uwTick         stm32f7xx_hal.o
    0x20006ad0        -       0x00020000   Zero   RW         2691    STACK               startup_stm32f746xx.o


    Execution Region RW_ERAM1 (Exec base: 0xc0400000, Load base: 0x08064d58, Size: 0x00200000, Max: 0x00200000, ABSOLUTE, COMPRESSED[0x00004044])

    Exec Addr    Load Addr    Size         Type   Attr      Idx    E Section Name        Object

    0xc0400000   COMPRESSED   0x00200000   Data   RW         2285    .gui_ram            guiconf.o



  Load Region LR_QSPI (Base: 0x90000000, Size: 0x000cf4b8, Max: 0x01000000, ABSOLUTE)

    Execution Region ER_QSPI (Exec base: 0x90000000, Load base: 0x90000000, Size: 0x000cf4b8, Max: 0x01000000, ABSOLUTE)

    Exec Addr    Load Addr    Size         Type   Attr      Idx    E Section Name        Object

    0x90000000   0x90000000   0x000019ac   Data   RO         2439    .ExtQSPIFlashSection  number_0.o
    0x900019ac   0x900019ac   0x000019ac   Data   RO         2450    .ExtQSPIFlashSection  number_1.o
    0x90003358   0x90003358   0x000019ac   Data   RO         2461    .ExtQSPIFlashSection  number_2.o
    0x90004d04   0x90004d04   0x000019ac   Data   RO         2472    .ExtQSPIFlashSection  number_3.o
    0x900066b0   0x900066b0   0x000019ac   Data   RO         2483    .ExtQSPIFlashSection  number_4.o
    0x9000805c   0x9000805c   0x000019ac   Data   RO         2494    .ExtQSPIFlashSection  number_5.o
    0x90009a08   0x90009a08   0x000019ac   Data   RO         2505    .ExtQSPIFlashSection  number_6.o
    0x9000b3b4   0x9000b3b4   0x000019ac   Data   RO         2516    .ExtQSPIFlashSection  number_7.o
    0x9000cd60   0x9000cd60   0x000019ac   Data   RO         2527    .ExtQSPIFlashSection  number_8.o
    0x9000e70c   0x9000e70c   0x000019ac   Data   RO         2538    .ExtQSPIFlashSection  number_9.o
    0x900100b8   0x900100b8   0x0003fc00   Data   RO         2549    .ExtQSPIFlashSection  background_0.o
    0x9004fcb8   0x9004fcb8   0x0003fc00   Data   RO         2560    .ExtQSPIFlashSection  message_1.o
    0x9008f8b8   0x9008f8b8   0x0003fc00   Data   RO         2571    .ExtQSPIFlashSection  message_2.o


==============================================================================

Image component sizes


      Code (inc. data)   RO Data    RW Data    ZI Data      Debug   Object Name

         0          0     261140          0          0       2108   background_0.o
         0          0      49460          0          0       2101   btn_decrease.o
         0          0      24020          0          0       2088   btn_dnd_0.o
         0          0      24020          0          0       2088   btn_dnd_1.o
         0          0      53372          0          0       2101   btn_increase.o
         0          0      24020          0          0       2094   btn_maid_0.o
         0          0      24020          0          0       2094   btn_maid_1.o
         0          0      29280          0          0       2070   btn_ok.o
         0          0      31020          0          0       2112   btn_open_door.o
         0          0      24020          0          0       2112   btn_rst_sos_0.o
         0          0      24020          0          0       2112   btn_rst_sos_1.o
       106          0          0          0          3       4593   common_1.o
      3128         18          0          0         86       5804   display.o
       834         20          0         40          5       6072   ft5336.o
         4          0          0          0          4       1382   gui_x.o
        16          0          0    2097152          0        563   guiconf.o
      3722         14          8          8      24096      25893   lcdconf.o
      3548         52          0         20        688      30213   main.o
         0          0     261140          0          0       2090   message_1.o
         0          0     261140          0          0       2090   message_2.o
         0          0       6592          0          0       2081   number_0.o
         0          0       6592          0          0       2081   number_1.o
         0          0       6592          0          0       2081   number_2.o
         0          0       6592          0          0       2081   number_3.o
         0          0       6592          0          0       2081   number_4.o
         0          0       6592          0          0       2081   number_5.o
         0          0       6592          0          0       2081   number_6.o
         0          0       6592          0          0       2081   number_7.o
         0          0       6592          0          0       2081   number_8.o
         0          0       6592          0          0       2081   number_9.o
      2434         32          0          0        241       8524   one_wire.o
        36          8        456          0     131072        824   startup_stm32f746xx.o
       478          0          0          0         76      17679   stm32746g.o
      1268          0          0          0        253      12511   stm32746g_qspi.o
       724          0          0          0        193      10445   stm32746g_sdram.o
       592         58          0          0         46       4383   stm32746g_ts.o
       144          0          0          0          4       7945   stm32f7xx_hal.o
      1094          0          0          0          0      10522   stm32f7xx_hal_adc.o
       486          0          0          0          0      11670   stm32f7xx_hal_cortex.o
       124          0          0          0          0       4586   stm32f7xx_hal_crc.o
       116          0          0          0          0       2836   stm32f7xx_hal_crc_ex.o
       634         12          0          0          0       8526   stm32f7xx_hal_dma.o
       318          0          0          0          0      12202   stm32f7xx_hal_dma2d.o
       714          0          0          0          0       5452   stm32f7xx_hal_gpio.o
      1794          0          0          0          0      30328   stm32f7xx_hal_i2c.o
      1624         32          0          0          0      13927   stm32f7xx_hal_ltdc.o
       136          0          0          0          0       6273   stm32f7xx_hal_pwr_ex.o
      2398          0          0          0          0      15904   stm32f7xx_hal_qspi.o
      1480          0          0          0          0       7484   stm32f7xx_hal_rcc.o
      1466          0          0          0          0       5891   stm32f7xx_hal_rcc_ex.o
       840          0          0          0          0       9906   stm32f7xx_hal_rtc.o
        20          0          0          0          0      14017   stm32f7xx_hal_rtc_ex.o
       152          0          0          0          0      10067   stm32f7xx_hal_sdram.o
      1380          0          0          0          0      34515   stm32f7xx_hal_tim.o
       366          6          0          0          0      17238   stm32f7xx_hal_tim_ex.o
      2556         20          0          0          0      17014   stm32f7xx_hal_uart.o
       152          0          0          0          0       2774   stm32f7xx_it.o
       448          0          0          0          0       9634   stm32f7xx_ll_fmc.o
        86          0         24          4          0       3495   system_stm32f7xx.o
       754          0          0          0         26       3809   thermostat.o

    ----------------------------------------------------------------------
     37324        288    1157128    2097224     156816     442971   Object Totals
         0          0         48          0          0          0   (incl. Generated)
      1152         16          0          0         23          0   (incl. Padding)

    ----------------------------------------------------------------------

      Code (inc. data)   RO Data    RW Data    ZI Data      Debug   Library Member Name

       564         14          0         60          0       1072   button.o
        52          0          0          0          0        132   button__setdrawobj.o
        44          0          0          0          0        260   button_bitmap.o
       178          0          0         12          0        272   button_skin.o
       568          6         16        128          0        140   button_skinflex.o
         0          0       2155          0          0          0   f13_1.o
         0          0       2046          0          0          0   f13_ascii.o
         0          0       5016          0          0          0   f24_1.o
         0          0       4756          0          0          0   f24_ascii.o
         0          0       1816          0          0          0   f6x8.o
       124          4          0          0          0        132   gui_2dlib.o
       928         60          0         48          0       1152   gui__alpha.o
       676          0          0          0          0        384   gui__compactpixelindices.o
         0          0        608          0          0          0   gui__divtbl.o
       568          6          0          0          0        148   gui__drawbitmap16bpp.o
       548          4          0          0          0        424   gui__drawtwinarc.o
       326          0          0          0          0        156   gui__expandpixelindices.o
       232         10          0         24          0        252   gui__managecache.o
       372          0          0          8          0        856   gui__private.o
      1542        100          0          0        204       2888   gui_alloc.o
        96         22          0          0          0        464   gui_char.o
       486         36          0          4          0        760   gui_charline.o
       402         12          0          0          0        492   gui_charm.o
       312          8          0          0          0        624   gui_charp.o
       878        102          0          0          0       3488   gui_common.o
       652         96          8        115        112       1128   gui_core.o
       112          6          0          0         64        140   gui_cursor.o
       368         28          0          0          0        744   gui_device.o
       664         10          0          0          0        532   gui_dispstring.o
        44          0          0          0          0        136   gui_draw.o
       142          6         12          0          0        524   gui_draw_bitmap.o
       232         14          0          0          0        280   gui_drawbitmap.o
       392          6         16          0          0        168   gui_drawbitmap_24.o
        44          8         16          0          0        136   gui_drawbitmap_565.o
      1570         50         16         12          0        836   gui_drawbitmap_8888.o
       450         10          0          0          0        308   gui_drawgradient.o
       212         14          0          0          0        392   gui_drawlib.o
       276         22          0         44          0        388   gui_multibuf.o
        94         14          0         16         88        476   gui_onkey.o
       340         60          0         24         72        964   gui_pid.o
        98         16          0          8          0        488   gui_selectlayer.o
        36          4          0          0          0        124   gui_setalpha.o
      1824         24          0          0          0       1240   gui_sprite.o
       332         14          0         20          0        772   gui_timer.o
        84         10          0          4         12        128   gui_touch.o
        84         10          0          0          0        264   gui_uc.o
        18          0         16          0          0        464   gui_uc_encodenone.o
        16          4          0         12          0        116   gui_waitevent.o
       198          0         24          0          0        388   guicc_0.o
       222         40         24          0          0        628   guicc_565.o
        36          0         24          0          0        480   guicc_8888.o
         2          0          0          0          0        116   guicc_8888_index2color.o
         2          0          0          0          0        116   guicc_888_index2color.o
        12          4          0          8          0        116   guicc_m1555i.o
        12          4          0          8          0        116   guicc_m4444i.o
       266         48         24          8          0        768   guicc_m565.o
        12          4          0          8          0        116   guicc_m888.o
       184         12         24          8          0        644   guicc_m8888i.o
        30          0          0          0          0        124   guicc_m8888i_index2color.o
       754         36          0          0          0       1060   guidev.o
      2370         70        116          4          0       2104   guidev_16.o
      2408         72        116          0          0       2256   guidev_32.o
       340         12          0          4          0        264   guidev_banding.o
        60          6          0          0          0        124   guidev_clear.o
        26          0          0          0          0        128   guidev_getdataptr.o
        40          4          0          0          0        128   guidev_getysize.o
        44          4          0          0          0        128   guidev_reduceysize.o
        92          6          0          0          0        128   guidev_setorg.o
       366         26          0          1          0        284   guidev_staticdevices.o
        76          0          0          0          0        260   guidev_usage.o
       414          6         24          0          0        756   guidev_usagebm.o
       106          4          0          0          0        248   guidev_write.o
       420         22          0          0          0        272   guidev_writetoactivealpha.o
      1862         20          8          0          0        732   guidev_writetoactiveopaque.o
      3248        192         52          0          0       4496   guidrv_lin_16.o
      2908        176         52          0          0       4492   guidrv_lin_32.o
      1764        124         12          4          0       2300   lcd.o
        96         14          0         24          0        244   lcd_aa.o
       300         34          0         20          0        748   lcd_color.o
        32         12          0          0          0        232   lcd_getcolorindex.o
       472         52          0          8          0       3296   lcd_getex.o
        26          0          0          0          0        128   lcd_getnumdisplays.o
        96         10          0          0          0        132   lcd_getp.o
        14          0          0          0          0        128   lcd_getpixelcolor.o
         0          0        256          0          0          0   lcd_mirror.o
       596         52          0         16         48        796   lcd_nextpixelapi.o
       528         20          0          0          0        280   lcd_readrect.o
        64          8          0          0          0        128   lcd_selectlcd.o
       344          0          0          0          0       1048   lcd_set.o
        48         10          0          0          0        128   lcd_setcliprectex.o
        36          4          0          0          0        128   lcd_updatecolorindices.o
       460          4          0          4          0        768   widget.o
       144         12         28          4          0        512   widget_effect_simple.o
      4726        260          0        105         24       6688   wm.o
       586         18          0          4          0       1540   wm__private.o
       120          6          0          0          0        360   wm_bringtotop.o
        78          0          0          0          0        372   wm_getwindowsize.o
       892         52          0          0          0       2372   wm_lib.o
       268          0          0          0          0        396   wm_move.o
       156         30          8          0          0        380   wm_multibuf.o
        24          4          0          0         24        124   wm_pid__getprevstate.o
       184          6          0          0          0        504   wm_screen2win.o
        48          8          0          0          0        244   wm_setcapture.o
        64          6          0          0          0        128   wm_settrans.o
       106          0          0          0          0        260   wm_timer.o
      1128         48          0         20         72        536   wm_touch.o
       100         28          0          0          0        372   dunder.o
       964         92         56          0          0        316   log.o
       248          0          0          0          0        152   poly.o
         0          0          8          0          0          0   qnan.o
        86          0          0          0          0          0   __dczerorl2.o
         0          0          0          0          0          0   entry.o
         0          0          0          0          0          0   entry10a.o
         0          0          0          0          0          0   entry11a.o
         8          4          0          0          0          0   entry2.o
         4          0          0          0          0          0   entry5.o
         0          0          0          0          0          0   entry7b.o
         0          0          0          0          0          0   entry8b.o
         8          4          0          0          0          0   entry9a.o
        12          6          0          4          0         68   errno.o
        30          0          0          0          0          0   handlers.o
        36          8          0          0          0         68   init.o
         0          0          0          0          0          0   iusefp.o
        30          0          0          0          0         68   llshl.o
        36          0          0          0          0         68   llsshr.o
        32          0          0          0          0         68   llushr.o
        26          0          0          0          0         80   memcmp.o
        66          0          0          0          0         76   memmove.o
        36          0          0          0          0        108   memseta.o
        48          0          0          0          0         68   cdcmple.o
        56          0          0          0          0         88   d2f.o
       334          0          0          0          0        148   dadd.o
       222          0          0          0          0        100   ddiv.o
       186          0          0          0          0        176   depilogue.o
        34          0          0          0          0         76   dflti.o
       228          0          0          0          0         96   dmul.o
        38          0          0          0          0         68   f2d.o
       110          0          0          0          0        168   fepilogue.o

    ----------------------------------------------------------------------
     49992       2514      17356        808        720      73648   Library Totals
       124          0          3          7          0          0   (incl. Padding)

    ----------------------------------------------------------------------

      Code (inc. data)   RO Data    RW Data    ZI Data      Debug   Library Name

     46890       2372      17289        797        720      71216   STemWin540_CM7_Keil.lib
      1312        120         64          0          0        840   m_wm.l
       410         22          0          4          0        604   mc_w.l
      1256          0          0          0          0        988   mf_w.l

    ----------------------------------------------------------------------
     49992       2514      17356        808        720      73648   Library Totals

    ----------------------------------------------------------------------

==============================================================================


      Code (inc. data)   RO Data    RW Data    ZI Data      Debug   

     87316       2802    1174484    2098032     157536     460015   Grand Totals
     87316       2802    1174484      16748     157536     460015   ELF Image Totals (compressed)
     87316       2802    1174484      16748          0          0   ROM Totals

==============================================================================

    Total RO  Size (Code + RO Data)              1261800 (1232.23kB)
    Total RW  Size (RW Data + ZI Data)           2255568 (2202.70kB)
    Total ROM Size (Code + RO Data + RW Data)    1278548 (1248.58kB)

==============================================================================

