	.text
	.syntax unified
	.eabi_attribute	67, "2.09"	@ Tag_conformance
	.cpu	cortex-m7
	.eabi_attribute	6, 13	@ Tag_CPU_arch
	.eabi_attribute	7, 77	@ Tag_CPU_arch_profile
	.eabi_attribute	8, 0	@ Tag_ARM_ISA_use
	.eabi_attribute	9, 2	@ Tag_THUMB_ISA_use
	.fpu	fpv5-sp-d16
	.eabi_attribute	27, 1	@ Tag_ABI_HardFP_use
	.eabi_attribute	36, 1	@ Tag_FP_HP_extension
	.eabi_attribute	34, 1	@ Tag_CPU_unaligned_access
	.eabi_attribute	17, 1	@ Tag_ABI_PCS_GOT_use
	.eabi_attribute	20, 2	@ Tag_ABI_FP_denormal
	.eabi_attribute	21, 0	@ Tag_ABI_FP_exceptions
	.eabi_attribute	23, 1	@ Tag_ABI_FP_number_model
	.eabi_attribute	24, 1	@ Tag_ABI_align_needed
	.eabi_attribute	25, 1	@ Tag_ABI_align_preserved
	.eabi_attribute	28, 1	@ Tag_ABI_VFP_args
	.eabi_attribute	38, 1	@ Tag_ABI_FP_16bit_format
	.eabi_attribute	18, 2	@ Tag_ABI_PCS_wchar_t
	.eabi_attribute	26, 1	@ Tag_ABI_enum_size
	.eabi_attribute	14, 0	@ Tag_ABI_PCS_R9_use
	.file	"GUI_X.c"
	.file	1 "../Middlewares/ST/STemWin/OS" "GUI_X.c"
	.section	.text.GUI_X_GetTime,"ax",%progbits
	.hidden	GUI_X_GetTime           @ -- Begin function GUI_X_GetTime
	.globl	GUI_X_GetTime
	.p2align	2
	.type	GUI_X_GetTime,%function
	.code	16                      @ @GUI_X_GetTime
	.thumb_func
GUI_X_GetTime:
.Lfunc_begin0:
	.loc	1 73 0                  @ ../Middlewares/ST/STemWin/OS/GUI_X.c:73:0
	.fnstart
	.cfi_sections .debug_frame
	.cfi_startproc
@ %bb.0:
	.loc	1 74 9 prologue_end     @ ../Middlewares/ST/STemWin/OS/GUI_X.c:74:9
	ldr	r0, __arm_cp.0_0
	ldr	r0, [r0]
	.loc	1 74 2 is_stmt 0        @ ../Middlewares/ST/STemWin/OS/GUI_X.c:74:2
	bx	lr
.Ltmp0:
	.p2align	2
@ %bb.1:
	.loc	1 0 2                   @ ../Middlewares/ST/STemWin/OS/GUI_X.c:0:2
__arm_cp.0_0:
	.long	OS_TimeMS
.Lcpi_end0:
	.size	__arm_cp.0_0, .Lcpi_end0-__arm_cp.0_0
.Lfunc_end0:
	.size	GUI_X_GetTime, .Lfunc_end0-GUI_X_GetTime
	.cfi_endproc
	.cantunwind
	.fnend
                                        @ -- End function
	.section	.text.GUI_X_Delay,"ax",%progbits
	.hidden	GUI_X_Delay             @ -- Begin function GUI_X_Delay
	.globl	GUI_X_Delay
	.p2align	2
	.type	GUI_X_Delay,%function
	.code	16                      @ @GUI_X_Delay
	.thumb_func
GUI_X_Delay:
.Lfunc_begin1:
	.loc	1 79 0 is_stmt 1        @ ../Middlewares/ST/STemWin/OS/GUI_X.c:79:0
	.fnstart
	.cfi_startproc
@ %bb.0:
	@DEBUG_VALUE: GUI_X_Delay:ms <- $r0
	@DEBUG_VALUE: GUI_X_Delay:ms <- $r0
	.loc	1 80 13 prologue_end    @ ../Middlewares/ST/STemWin/OS/GUI_X.c:80:13
	ldr	r1, __arm_cp.1_0
	ldr	r2, [r1]
	.loc	1 80 23 is_stmt 0       @ ../Middlewares/ST/STemWin/OS/GUI_X.c:80:23
	add	r0, r2
.Ltmp1:
	@DEBUG_VALUE: GUI_X_Delay:tEnd <- $r0
.LBB1_1:                                @ =>This Inner Loop Header: Depth=1
	@DEBUG_VALUE: GUI_X_Delay:tEnd <- $r0
	.loc	1 81 17 is_stmt 1       @ ../Middlewares/ST/STemWin/OS/GUI_X.c:81:17
	ldr	r2, [r1]
	.loc	1 81 2 is_stmt 0        @ ../Middlewares/ST/STemWin/OS/GUI_X.c:81:2
	cmp	r0, r2
	bgt	.LBB1_1
.Ltmp2:
@ %bb.2:
	@DEBUG_VALUE: GUI_X_Delay:tEnd <- $r0
	.loc	1 82 1 is_stmt 1        @ ../Middlewares/ST/STemWin/OS/GUI_X.c:82:1
	bx	lr
.Ltmp3:
	.p2align	2
@ %bb.3:
	.loc	1 0 1 is_stmt 0         @ ../Middlewares/ST/STemWin/OS/GUI_X.c:0:1
__arm_cp.1_0:
	.long	OS_TimeMS
.Lcpi_end1:
	.size	__arm_cp.1_0, .Lcpi_end1-__arm_cp.1_0
.Lfunc_end1:
	.size	GUI_X_Delay, .Lfunc_end1-GUI_X_Delay
	.cfi_endproc
	.cantunwind
	.fnend
                                        @ -- End function
	.section	.text.GUI_X_Init,"ax",%progbits
	.hidden	GUI_X_Init              @ -- Begin function GUI_X_Init
	.globl	GUI_X_Init
	.p2align	1
	.type	GUI_X_Init,%function
	.code	16                      @ @GUI_X_Init
	.thumb_func
GUI_X_Init:
.Lfunc_begin2:
	.loc	1 94 0 is_stmt 1        @ ../Middlewares/ST/STemWin/OS/GUI_X.c:94:0
	.fnstart
	.cfi_startproc
@ %bb.0:
	.loc	1 94 24 prologue_end    @ ../Middlewares/ST/STemWin/OS/GUI_X.c:94:24
	bx	lr
.Ltmp4:
.Lfunc_end2:
	.size	GUI_X_Init, .Lfunc_end2-GUI_X_Init
	.cfi_endproc
	.cantunwind
	.fnend
                                        @ -- End function
	.section	.text.GUI_X_ExecIdle,"ax",%progbits
	.hidden	GUI_X_ExecIdle          @ -- Begin function GUI_X_ExecIdle
	.globl	GUI_X_ExecIdle
	.p2align	1
	.type	GUI_X_ExecIdle,%function
	.code	16                      @ @GUI_X_ExecIdle
	.thumb_func
GUI_X_ExecIdle:
.Lfunc_begin3:
	.loc	1 105 0                 @ ../Middlewares/ST/STemWin/OS/GUI_X.c:105:0
	.fnstart
	.cfi_startproc
@ %bb.0:
	.loc	1 105 28 prologue_end   @ ../Middlewares/ST/STemWin/OS/GUI_X.c:105:28
	bx	lr
.Ltmp5:
.Lfunc_end3:
	.size	GUI_X_ExecIdle, .Lfunc_end3-GUI_X_ExecIdle
	.cfi_endproc
	.cantunwind
	.fnend
                                        @ -- End function
	.section	.text.GUI_X_Log,"ax",%progbits
	.hidden	GUI_X_Log               @ -- Begin function GUI_X_Log
	.globl	GUI_X_Log
	.p2align	1
	.type	GUI_X_Log,%function
	.code	16                      @ @GUI_X_Log
	.thumb_func
GUI_X_Log:
.Lfunc_begin4:
	.loc	1 121 0                 @ ../Middlewares/ST/STemWin/OS/GUI_X.c:121:0
	.fnstart
	.cfi_startproc
@ %bb.0:
	@DEBUG_VALUE: GUI_X_Log:s <- $r0
	.loc	1 121 55 prologue_end   @ ../Middlewares/ST/STemWin/OS/GUI_X.c:121:55
	bx	lr
.Ltmp6:
.Lfunc_end4:
	.size	GUI_X_Log, .Lfunc_end4-GUI_X_Log
	.cfi_endproc
	.cantunwind
	.fnend
                                        @ -- End function
	.section	.text.GUI_X_Warn,"ax",%progbits
	.hidden	GUI_X_Warn              @ -- Begin function GUI_X_Warn
	.globl	GUI_X_Warn
	.p2align	1
	.type	GUI_X_Warn,%function
	.code	16                      @ @GUI_X_Warn
	.thumb_func
GUI_X_Warn:
.Lfunc_begin5:
	.loc	1 122 0                 @ ../Middlewares/ST/STemWin/OS/GUI_X.c:122:0
	.fnstart
	.cfi_startproc
@ %bb.0:
	@DEBUG_VALUE: GUI_X_Warn:s <- $r0
	.loc	1 122 55 prologue_end   @ ../Middlewares/ST/STemWin/OS/GUI_X.c:122:55
	bx	lr
.Ltmp7:
.Lfunc_end5:
	.size	GUI_X_Warn, .Lfunc_end5-GUI_X_Warn
	.cfi_endproc
	.cantunwind
	.fnend
                                        @ -- End function
	.section	.text.GUI_X_ErrorOut,"ax",%progbits
	.hidden	GUI_X_ErrorOut          @ -- Begin function GUI_X_ErrorOut
	.globl	GUI_X_ErrorOut
	.p2align	1
	.type	GUI_X_ErrorOut,%function
	.code	16                      @ @GUI_X_ErrorOut
	.thumb_func
GUI_X_ErrorOut:
.Lfunc_begin6:
	.loc	1 123 0                 @ ../Middlewares/ST/STemWin/OS/GUI_X.c:123:0
	.fnstart
	.cfi_startproc
@ %bb.0:
	@DEBUG_VALUE: GUI_X_ErrorOut:s <- $r0
	.loc	1 123 55 prologue_end   @ ../Middlewares/ST/STemWin/OS/GUI_X.c:123:55
	bx	lr
.Ltmp8:
.Lfunc_end6:
	.size	GUI_X_ErrorOut, .Lfunc_end6-GUI_X_ErrorOut
	.cfi_endproc
	.cantunwind
	.fnend
                                        @ -- End function
	.hidden	OS_TimeMS               @ @OS_TimeMS
	.type	OS_TimeMS,%object
	.section	.bss.OS_TimeMS,"aw",%nobits
	.globl	OS_TimeMS
	.p2align	2
OS_TimeMS:
	.long	0                       @ 0x0
	.size	OS_TimeMS, 4

	.section	.debug_str,"MS",%progbits,1
.Linfo_string0:
	.asciz	"Component: ARM Compiler 6.10.1 Tool: armclang [5d143200]" @ string offset=0
.Linfo_string1:
	.asciz	"../Middlewares/ST/STemWin/OS\\GUI_X.c" @ string offset=57
.Linfo_string2:
	.asciz	"F:\\SkyDrive\\OtvoreniProjekti\\HotelSaplast\\fw\\RoomThermostat\\DE-170518\\MDK-ARM" @ string offset=94
.Linfo_string3:
	.asciz	"OS_TimeMS"             @ string offset=172
.Linfo_string4:
	.asciz	"int"                   @ string offset=182
.Linfo_string5:
	.asciz	"GUI_X_GetTime"         @ string offset=186
.Linfo_string6:
	.asciz	"GUI_X_Delay"           @ string offset=200
.Linfo_string7:
	.asciz	"GUI_X_Init"            @ string offset=212
.Linfo_string8:
	.asciz	"GUI_X_ExecIdle"        @ string offset=223
.Linfo_string9:
	.asciz	"GUI_X_Log"             @ string offset=238
.Linfo_string10:
	.asciz	"GUI_X_Warn"            @ string offset=248
.Linfo_string11:
	.asciz	"GUI_X_ErrorOut"        @ string offset=259
.Linfo_string12:
	.asciz	"ms"                    @ string offset=274
.Linfo_string13:
	.asciz	"tEnd"                  @ string offset=277
.Linfo_string14:
	.asciz	"s"                     @ string offset=282
.Linfo_string15:
	.asciz	"char"                  @ string offset=284
	.section	.debug_loc,"",%progbits
.Ldebug_loc0:
	.long	.Lfunc_begin1
	.long	.Ltmp1
	.short	1                       @ Loc expr size
	.byte	80                      @ DW_OP_reg0
	.long	0
	.long	0
.Ldebug_loc1:
	.long	.Ltmp1
	.long	.Ltmp3
	.short	1                       @ Loc expr size
	.byte	80                      @ DW_OP_reg0
	.long	0
	.long	0
	.section	.debug_abbrev,"",%progbits
	.byte	1                       @ Abbreviation Code
	.byte	17                      @ DW_TAG_compile_unit
	.byte	1                       @ DW_CHILDREN_yes
	.byte	37                      @ DW_AT_producer
	.byte	14                      @ DW_FORM_strp
	.byte	19                      @ DW_AT_language
	.byte	5                       @ DW_FORM_data2
	.byte	3                       @ DW_AT_name
	.byte	14                      @ DW_FORM_strp
	.byte	16                      @ DW_AT_stmt_list
	.byte	6                       @ DW_FORM_data4
	.byte	27                      @ DW_AT_comp_dir
	.byte	14                      @ DW_FORM_strp
	.ascii	"\264B"                 @ DW_AT_GNU_pubnames
	.byte	12                      @ DW_FORM_flag
	.byte	17                      @ DW_AT_low_pc
	.byte	1                       @ DW_FORM_addr
	.byte	85                      @ DW_AT_ranges
	.byte	6                       @ DW_FORM_data4
	.byte	0                       @ EOM(1)
	.byte	0                       @ EOM(2)
	.byte	2                       @ Abbreviation Code
	.byte	52                      @ DW_TAG_variable
	.byte	0                       @ DW_CHILDREN_no
	.byte	3                       @ DW_AT_name
	.byte	14                      @ DW_FORM_strp
	.byte	73                      @ DW_AT_type
	.byte	19                      @ DW_FORM_ref4
	.byte	63                      @ DW_AT_external
	.byte	12                      @ DW_FORM_flag
	.byte	58                      @ DW_AT_decl_file
	.byte	11                      @ DW_FORM_data1
	.byte	59                      @ DW_AT_decl_line
	.byte	11                      @ DW_FORM_data1
	.byte	2                       @ DW_AT_location
	.byte	10                      @ DW_FORM_block1
	.byte	0                       @ EOM(1)
	.byte	0                       @ EOM(2)
	.byte	3                       @ Abbreviation Code
	.byte	53                      @ DW_TAG_volatile_type
	.byte	0                       @ DW_CHILDREN_no
	.byte	73                      @ DW_AT_type
	.byte	19                      @ DW_FORM_ref4
	.byte	0                       @ EOM(1)
	.byte	0                       @ EOM(2)
	.byte	4                       @ Abbreviation Code
	.byte	36                      @ DW_TAG_base_type
	.byte	0                       @ DW_CHILDREN_no
	.byte	3                       @ DW_AT_name
	.byte	14                      @ DW_FORM_strp
	.byte	62                      @ DW_AT_encoding
	.byte	11                      @ DW_FORM_data1
	.byte	11                      @ DW_AT_byte_size
	.byte	11                      @ DW_FORM_data1
	.byte	0                       @ EOM(1)
	.byte	0                       @ EOM(2)
	.byte	5                       @ Abbreviation Code
	.byte	46                      @ DW_TAG_subprogram
	.byte	0                       @ DW_CHILDREN_no
	.byte	17                      @ DW_AT_low_pc
	.byte	1                       @ DW_FORM_addr
	.byte	18                      @ DW_AT_high_pc
	.byte	1                       @ DW_FORM_addr
	.byte	64                      @ DW_AT_frame_base
	.byte	10                      @ DW_FORM_block1
	.byte	3                       @ DW_AT_name
	.byte	14                      @ DW_FORM_strp
	.byte	58                      @ DW_AT_decl_file
	.byte	11                      @ DW_FORM_data1
	.byte	59                      @ DW_AT_decl_line
	.byte	11                      @ DW_FORM_data1
	.byte	39                      @ DW_AT_prototyped
	.byte	12                      @ DW_FORM_flag
	.byte	73                      @ DW_AT_type
	.byte	19                      @ DW_FORM_ref4
	.byte	63                      @ DW_AT_external
	.byte	12                      @ DW_FORM_flag
	.byte	0                       @ EOM(1)
	.byte	0                       @ EOM(2)
	.byte	6                       @ Abbreviation Code
	.byte	46                      @ DW_TAG_subprogram
	.byte	1                       @ DW_CHILDREN_yes
	.byte	17                      @ DW_AT_low_pc
	.byte	1                       @ DW_FORM_addr
	.byte	18                      @ DW_AT_high_pc
	.byte	1                       @ DW_FORM_addr
	.byte	64                      @ DW_AT_frame_base
	.byte	10                      @ DW_FORM_block1
	.byte	3                       @ DW_AT_name
	.byte	14                      @ DW_FORM_strp
	.byte	58                      @ DW_AT_decl_file
	.byte	11                      @ DW_FORM_data1
	.byte	59                      @ DW_AT_decl_line
	.byte	11                      @ DW_FORM_data1
	.byte	39                      @ DW_AT_prototyped
	.byte	12                      @ DW_FORM_flag
	.byte	63                      @ DW_AT_external
	.byte	12                      @ DW_FORM_flag
	.byte	0                       @ EOM(1)
	.byte	0                       @ EOM(2)
	.byte	7                       @ Abbreviation Code
	.byte	5                       @ DW_TAG_formal_parameter
	.byte	0                       @ DW_CHILDREN_no
	.byte	2                       @ DW_AT_location
	.byte	6                       @ DW_FORM_data4
	.byte	3                       @ DW_AT_name
	.byte	14                      @ DW_FORM_strp
	.byte	58                      @ DW_AT_decl_file
	.byte	11                      @ DW_FORM_data1
	.byte	59                      @ DW_AT_decl_line
	.byte	11                      @ DW_FORM_data1
	.byte	73                      @ DW_AT_type
	.byte	19                      @ DW_FORM_ref4
	.byte	0                       @ EOM(1)
	.byte	0                       @ EOM(2)
	.byte	8                       @ Abbreviation Code
	.byte	52                      @ DW_TAG_variable
	.byte	0                       @ DW_CHILDREN_no
	.byte	2                       @ DW_AT_location
	.byte	6                       @ DW_FORM_data4
	.byte	3                       @ DW_AT_name
	.byte	14                      @ DW_FORM_strp
	.byte	58                      @ DW_AT_decl_file
	.byte	11                      @ DW_FORM_data1
	.byte	59                      @ DW_AT_decl_line
	.byte	11                      @ DW_FORM_data1
	.byte	73                      @ DW_AT_type
	.byte	19                      @ DW_FORM_ref4
	.byte	0                       @ EOM(1)
	.byte	0                       @ EOM(2)
	.byte	9                       @ Abbreviation Code
	.byte	46                      @ DW_TAG_subprogram
	.byte	0                       @ DW_CHILDREN_no
	.byte	17                      @ DW_AT_low_pc
	.byte	1                       @ DW_FORM_addr
	.byte	18                      @ DW_AT_high_pc
	.byte	1                       @ DW_FORM_addr
	.byte	64                      @ DW_AT_frame_base
	.byte	10                      @ DW_FORM_block1
	.byte	3                       @ DW_AT_name
	.byte	14                      @ DW_FORM_strp
	.byte	58                      @ DW_AT_decl_file
	.byte	11                      @ DW_FORM_data1
	.byte	59                      @ DW_AT_decl_line
	.byte	11                      @ DW_FORM_data1
	.byte	39                      @ DW_AT_prototyped
	.byte	12                      @ DW_FORM_flag
	.byte	63                      @ DW_AT_external
	.byte	12                      @ DW_FORM_flag
	.byte	0                       @ EOM(1)
	.byte	0                       @ EOM(2)
	.byte	10                      @ Abbreviation Code
	.byte	5                       @ DW_TAG_formal_parameter
	.byte	0                       @ DW_CHILDREN_no
	.byte	2                       @ DW_AT_location
	.byte	10                      @ DW_FORM_block1
	.byte	3                       @ DW_AT_name
	.byte	14                      @ DW_FORM_strp
	.byte	58                      @ DW_AT_decl_file
	.byte	11                      @ DW_FORM_data1
	.byte	59                      @ DW_AT_decl_line
	.byte	11                      @ DW_FORM_data1
	.byte	73                      @ DW_AT_type
	.byte	19                      @ DW_FORM_ref4
	.byte	0                       @ EOM(1)
	.byte	0                       @ EOM(2)
	.byte	11                      @ Abbreviation Code
	.byte	15                      @ DW_TAG_pointer_type
	.byte	0                       @ DW_CHILDREN_no
	.byte	73                      @ DW_AT_type
	.byte	19                      @ DW_FORM_ref4
	.byte	0                       @ EOM(1)
	.byte	0                       @ EOM(2)
	.byte	12                      @ Abbreviation Code
	.byte	38                      @ DW_TAG_const_type
	.byte	0                       @ DW_CHILDREN_no
	.byte	73                      @ DW_AT_type
	.byte	19                      @ DW_FORM_ref4
	.byte	0                       @ EOM(1)
	.byte	0                       @ EOM(2)
	.byte	0                       @ EOM(3)
	.section	.debug_info,"",%progbits
.Lcu_begin0:
	.long	293                     @ Length of Unit
	.short	3                       @ DWARF version number
	.long	.debug_abbrev           @ Offset Into Abbrev. Section
	.byte	4                       @ Address Size (in bytes)
	.byte	1                       @ Abbrev [1] 0xb:0x11e DW_TAG_compile_unit
	.long	.Linfo_string0          @ DW_AT_producer
	.short	12                      @ DW_AT_language
	.long	.Linfo_string1          @ DW_AT_name
	.long	.Lline_table_start0     @ DW_AT_stmt_list
	.long	.Linfo_string2          @ DW_AT_comp_dir
	.byte	1                       @ DW_AT_GNU_pubnames
	.long	0                       @ DW_AT_low_pc
	.long	.Ldebug_ranges0         @ DW_AT_ranges
	.byte	2                       @ Abbrev [2] 0x27:0x12 DW_TAG_variable
	.long	.Linfo_string3          @ DW_AT_name
	.long	57                      @ DW_AT_type
	.byte	1                       @ DW_AT_external
	.byte	1                       @ DW_AT_decl_file
	.byte	59                      @ DW_AT_decl_line
	.byte	5                       @ DW_AT_location
	.byte	3
	.long	OS_TimeMS
	.byte	3                       @ Abbrev [3] 0x39:0x5 DW_TAG_volatile_type
	.long	62                      @ DW_AT_type
	.byte	4                       @ Abbrev [4] 0x3e:0x7 DW_TAG_base_type
	.long	.Linfo_string4          @ DW_AT_name
	.byte	5                       @ DW_AT_encoding
	.byte	4                       @ DW_AT_byte_size
	.byte	5                       @ Abbrev [5] 0x45:0x17 DW_TAG_subprogram
	.long	.Lfunc_begin0           @ DW_AT_low_pc
	.long	.Lfunc_end0             @ DW_AT_high_pc
	.byte	1                       @ DW_AT_frame_base
	.byte	93
	.long	.Linfo_string5          @ DW_AT_name
	.byte	1                       @ DW_AT_decl_file
	.byte	72                      @ DW_AT_decl_line
	.byte	1                       @ DW_AT_prototyped
	.long	62                      @ DW_AT_type
	.byte	1                       @ DW_AT_external
	.byte	6                       @ Abbrev [6] 0x5c:0x32 DW_TAG_subprogram
	.long	.Lfunc_begin1           @ DW_AT_low_pc
	.long	.Lfunc_end1             @ DW_AT_high_pc
	.byte	1                       @ DW_AT_frame_base
	.byte	93
	.long	.Linfo_string6          @ DW_AT_name
	.byte	1                       @ DW_AT_decl_file
	.byte	78                      @ DW_AT_decl_line
	.byte	1                       @ DW_AT_prototyped
	.byte	1                       @ DW_AT_external
	.byte	7                       @ Abbrev [7] 0x6f:0xf DW_TAG_formal_parameter
	.long	.Ldebug_loc0            @ DW_AT_location
	.long	.Linfo_string12         @ DW_AT_name
	.byte	1                       @ DW_AT_decl_file
	.byte	78                      @ DW_AT_decl_line
	.long	62                      @ DW_AT_type
	.byte	8                       @ Abbrev [8] 0x7e:0xf DW_TAG_variable
	.long	.Ldebug_loc1            @ DW_AT_location
	.long	.Linfo_string13         @ DW_AT_name
	.byte	1                       @ DW_AT_decl_file
	.byte	80                      @ DW_AT_decl_line
	.long	62                      @ DW_AT_type
	.byte	0                       @ End Of Children Mark
	.byte	9                       @ Abbrev [9] 0x8e:0x13 DW_TAG_subprogram
	.long	.Lfunc_begin2           @ DW_AT_low_pc
	.long	.Lfunc_end2             @ DW_AT_high_pc
	.byte	1                       @ DW_AT_frame_base
	.byte	93
	.long	.Linfo_string7          @ DW_AT_name
	.byte	1                       @ DW_AT_decl_file
	.byte	94                      @ DW_AT_decl_line
	.byte	1                       @ DW_AT_prototyped
	.byte	1                       @ DW_AT_external
	.byte	9                       @ Abbrev [9] 0xa1:0x13 DW_TAG_subprogram
	.long	.Lfunc_begin3           @ DW_AT_low_pc
	.long	.Lfunc_end3             @ DW_AT_high_pc
	.byte	1                       @ DW_AT_frame_base
	.byte	93
	.long	.Linfo_string8          @ DW_AT_name
	.byte	1                       @ DW_AT_decl_file
	.byte	105                     @ DW_AT_decl_line
	.byte	1                       @ DW_AT_prototyped
	.byte	1                       @ DW_AT_external
	.byte	6                       @ Abbrev [6] 0xb4:0x21 DW_TAG_subprogram
	.long	.Lfunc_begin4           @ DW_AT_low_pc
	.long	.Lfunc_end4             @ DW_AT_high_pc
	.byte	1                       @ DW_AT_frame_base
	.byte	93
	.long	.Linfo_string9          @ DW_AT_name
	.byte	1                       @ DW_AT_decl_file
	.byte	121                     @ DW_AT_decl_line
	.byte	1                       @ DW_AT_prototyped
	.byte	1                       @ DW_AT_external
	.byte	10                      @ Abbrev [10] 0xc7:0xd DW_TAG_formal_parameter
	.byte	1                       @ DW_AT_location
	.byte	80
	.long	.Linfo_string14         @ DW_AT_name
	.byte	1                       @ DW_AT_decl_file
	.byte	121                     @ DW_AT_decl_line
	.long	279                     @ DW_AT_type
	.byte	0                       @ End Of Children Mark
	.byte	6                       @ Abbrev [6] 0xd5:0x21 DW_TAG_subprogram
	.long	.Lfunc_begin5           @ DW_AT_low_pc
	.long	.Lfunc_end5             @ DW_AT_high_pc
	.byte	1                       @ DW_AT_frame_base
	.byte	93
	.long	.Linfo_string10         @ DW_AT_name
	.byte	1                       @ DW_AT_decl_file
	.byte	122                     @ DW_AT_decl_line
	.byte	1                       @ DW_AT_prototyped
	.byte	1                       @ DW_AT_external
	.byte	10                      @ Abbrev [10] 0xe8:0xd DW_TAG_formal_parameter
	.byte	1                       @ DW_AT_location
	.byte	80
	.long	.Linfo_string14         @ DW_AT_name
	.byte	1                       @ DW_AT_decl_file
	.byte	122                     @ DW_AT_decl_line
	.long	279                     @ DW_AT_type
	.byte	0                       @ End Of Children Mark
	.byte	6                       @ Abbrev [6] 0xf6:0x21 DW_TAG_subprogram
	.long	.Lfunc_begin6           @ DW_AT_low_pc
	.long	.Lfunc_end6             @ DW_AT_high_pc
	.byte	1                       @ DW_AT_frame_base
	.byte	93
	.long	.Linfo_string11         @ DW_AT_name
	.byte	1                       @ DW_AT_decl_file
	.byte	123                     @ DW_AT_decl_line
	.byte	1                       @ DW_AT_prototyped
	.byte	1                       @ DW_AT_external
	.byte	10                      @ Abbrev [10] 0x109:0xd DW_TAG_formal_parameter
	.byte	1                       @ DW_AT_location
	.byte	80
	.long	.Linfo_string14         @ DW_AT_name
	.byte	1                       @ DW_AT_decl_file
	.byte	123                     @ DW_AT_decl_line
	.long	279                     @ DW_AT_type
	.byte	0                       @ End Of Children Mark
	.byte	11                      @ Abbrev [11] 0x117:0x5 DW_TAG_pointer_type
	.long	284                     @ DW_AT_type
	.byte	12                      @ Abbrev [12] 0x11c:0x5 DW_TAG_const_type
	.long	289                     @ DW_AT_type
	.byte	4                       @ Abbrev [4] 0x121:0x7 DW_TAG_base_type
	.long	.Linfo_string15         @ DW_AT_name
	.byte	8                       @ DW_AT_encoding
	.byte	1                       @ DW_AT_byte_size
	.byte	0                       @ End Of Children Mark
	.section	.debug_ranges,"",%progbits
.Ldebug_ranges0:
	.long	.Lfunc_begin0
	.long	.Lfunc_end0
	.long	.Lfunc_begin1
	.long	.Lfunc_end1
	.long	.Lfunc_begin2
	.long	.Lfunc_end2
	.long	.Lfunc_begin3
	.long	.Lfunc_end3
	.long	.Lfunc_begin4
	.long	.Lfunc_end4
	.long	.Lfunc_begin5
	.long	.Lfunc_end5
	.long	.Lfunc_begin6
	.long	.Lfunc_end6
	.long	0
	.long	0
	.section	.debug_macinfo,"",%progbits
.Lcu_macro_begin0:
	.byte	0                       @ End Of Macro List Mark
	.section	.debug_pubnames,"",%progbits
	.long	.LpubNames_end0-.LpubNames_begin0 @ Length of Public Names Info
.LpubNames_begin0:
	.short	2                       @ DWARF Version
	.long	.Lcu_begin0             @ Offset of Compilation Unit Info
	.long	297                     @ Compilation Unit Length
	.long	39                      @ DIE offset
	.asciz	"OS_TimeMS"             @ External Name
	.long	213                     @ DIE offset
	.asciz	"GUI_X_Warn"            @ External Name
	.long	246                     @ DIE offset
	.asciz	"GUI_X_ErrorOut"        @ External Name
	.long	69                      @ DIE offset
	.asciz	"GUI_X_GetTime"         @ External Name
	.long	92                      @ DIE offset
	.asciz	"GUI_X_Delay"           @ External Name
	.long	180                     @ DIE offset
	.asciz	"GUI_X_Log"             @ External Name
	.long	161                     @ DIE offset
	.asciz	"GUI_X_ExecIdle"        @ External Name
	.long	142                     @ DIE offset
	.asciz	"GUI_X_Init"            @ External Name
	.long	0                       @ End Mark
.LpubNames_end0:
	.section	.debug_pubtypes,"",%progbits
	.long	.LpubTypes_end0-.LpubTypes_begin0 @ Length of Public Types Info
.LpubTypes_begin0:
	.short	2                       @ DWARF Version
	.long	.Lcu_begin0             @ Offset of Compilation Unit Info
	.long	297                     @ Compilation Unit Length
	.long	62                      @ DIE offset
	.asciz	"int"                   @ External Name
	.long	289                     @ DIE offset
	.asciz	"char"                  @ External Name
	.long	0                       @ End Mark
.LpubTypes_end0:

	.ident	"Component: ARM Compiler 6.10.1 Tool: armclang [5d143200]"
	.section	".note.GNU-stack","",%progbits
	.eabi_attribute	30, 4	@ Tag_ABI_optimization_goals
	.ARM_attribute	16, 1	@ Tag_AV_eba
	.section	.debug_line,"",%progbits
.Lline_table_start0:
