	.text
	.syntax unified
	.eabi_attribute	67, "2.09"	@ Tag_conformance
	.cpu	cortex-m7
	.eabi_attribute	6, 13	@ Tag_CPU_arch
	.eabi_attribute	7, 77	@ Tag_CPU_arch_profile
	.eabi_attribute	8, 0	@ Tag_ARM_ISA_use
	.eabi_attribute	9, 2	@ Tag_THUMB_ISA_use
	.fpu	fpv5-sp-d16
	.eabi_attribute	27, 1	@ Tag_ABI_HardFP_use
	.eabi_attribute	36, 1	@ Tag_FP_HP_extension
	.eabi_attribute	34, 1	@ Tag_CPU_unaligned_access
	.eabi_attribute	17, 1	@ Tag_ABI_PCS_GOT_use
	.eabi_attribute	20, 2	@ Tag_ABI_FP_denormal
	.eabi_attribute	21, 0	@ Tag_ABI_FP_exceptions
	.eabi_attribute	23, 1	@ Tag_ABI_FP_number_model
	.eabi_attribute	24, 1	@ Tag_ABI_align_needed
	.eabi_attribute	25, 1	@ Tag_ABI_align_preserved
	.eabi_attribute	28, 1	@ Tag_ABI_VFP_args
	.eabi_attribute	38, 1	@ Tag_ABI_FP_16bit_format
	.eabi_attribute	18, 2	@ Tag_ABI_PCS_wchar_t
	.eabi_attribute	26, 1	@ Tag_ABI_enum_size
	.eabi_attribute	14, 0	@ Tag_ABI_PCS_R9_use
	.file	"stm32f7xx_it.c"
	.file	1 "C:\\Keil\\ARM\\ARMCLANG\\Bin\\..\\include" "stdint.h"
	.file	2 "../Drivers/CMSIS/Device/ST/STM32F7xx/Include" "stm32f746xx.h"
	.section	.text.NMI_Handler,"ax",%progbits
	.hidden	NMI_Handler             @ -- Begin function NMI_Handler
	.globl	NMI_Handler
	.p2align	1
	.type	NMI_Handler,%function
	.code	16                      @ @NMI_Handler
	.thumb_func
NMI_Handler:
.Lfunc_begin0:
	.file	3 "../Src" "stm32f7xx_it.c"
	.loc	3 61 0                  @ ../Src/stm32f7xx_it.c:61:0
	.fnstart
	.cfi_sections .debug_frame
	.cfi_startproc
@ %bb.0:
	.loc	3 63 1 prologue_end     @ ../Src/stm32f7xx_it.c:63:1
	bx	lr
.Ltmp0:
.Lfunc_end0:
	.size	NMI_Handler, .Lfunc_end0-NMI_Handler
	.cfi_endproc
	.cantunwind
	.fnend
                                        @ -- End function
	.section	.text.HardFault_Handler,"ax",%progbits
	.hidden	HardFault_Handler       @ -- Begin function HardFault_Handler
	.globl	HardFault_Handler
	.p2align	1
	.type	HardFault_Handler,%function
	.code	16                      @ @HardFault_Handler
	.thumb_func
HardFault_Handler:
.Lfunc_begin1:
	.loc	3 67 0                  @ ../Src/stm32f7xx_it.c:67:0
	.fnstart
	.cfi_startproc
@ %bb.0:
	.loc	3 68 2 prologue_end     @ ../Src/stm32f7xx_it.c:68:2
	b	Error_Handler
.Ltmp1:
.Lfunc_end1:
	.size	HardFault_Handler, .Lfunc_end1-HardFault_Handler
	.cfi_endproc
	.cantunwind
	.fnend
                                        @ -- End function
	.section	.text.MemManage_Handler,"ax",%progbits
	.hidden	MemManage_Handler       @ -- Begin function MemManage_Handler
	.globl	MemManage_Handler
	.p2align	1
	.type	MemManage_Handler,%function
	.code	16                      @ @MemManage_Handler
	.thumb_func
MemManage_Handler:
.Lfunc_begin2:
	.loc	3 73 0                  @ ../Src/stm32f7xx_it.c:73:0
	.fnstart
	.cfi_startproc
@ %bb.0:
	.loc	3 74 2 prologue_end     @ ../Src/stm32f7xx_it.c:74:2
	b	Error_Handler
.Ltmp2:
.Lfunc_end2:
	.size	MemManage_Handler, .Lfunc_end2-MemManage_Handler
	.cfi_endproc
	.cantunwind
	.fnend
                                        @ -- End function
	.section	.text.BusFault_Handler,"ax",%progbits
	.hidden	BusFault_Handler        @ -- Begin function BusFault_Handler
	.globl	BusFault_Handler
	.p2align	1
	.type	BusFault_Handler,%function
	.code	16                      @ @BusFault_Handler
	.thumb_func
BusFault_Handler:
.Lfunc_begin3:
	.loc	3 79 0                  @ ../Src/stm32f7xx_it.c:79:0
	.fnstart
	.cfi_startproc
@ %bb.0:
	.loc	3 80 2 prologue_end     @ ../Src/stm32f7xx_it.c:80:2
	b	Error_Handler
.Ltmp3:
.Lfunc_end3:
	.size	BusFault_Handler, .Lfunc_end3-BusFault_Handler
	.cfi_endproc
	.cantunwind
	.fnend
                                        @ -- End function
	.section	.text.UsageFault_Handler,"ax",%progbits
	.hidden	UsageFault_Handler      @ -- Begin function UsageFault_Handler
	.globl	UsageFault_Handler
	.p2align	1
	.type	UsageFault_Handler,%function
	.code	16                      @ @UsageFault_Handler
	.thumb_func
UsageFault_Handler:
.Lfunc_begin4:
	.loc	3 85 0                  @ ../Src/stm32f7xx_it.c:85:0
	.fnstart
	.cfi_startproc
@ %bb.0:
	.loc	3 86 2 prologue_end     @ ../Src/stm32f7xx_it.c:86:2
	b	Error_Handler
.Ltmp4:
.Lfunc_end4:
	.size	UsageFault_Handler, .Lfunc_end4-UsageFault_Handler
	.cfi_endproc
	.cantunwind
	.fnend
                                        @ -- End function
	.section	.text.DebugMon_Handler,"ax",%progbits
	.hidden	DebugMon_Handler        @ -- Begin function DebugMon_Handler
	.globl	DebugMon_Handler
	.p2align	1
	.type	DebugMon_Handler,%function
	.code	16                      @ @DebugMon_Handler
	.thumb_func
DebugMon_Handler:
.Lfunc_begin5:
	.loc	3 91 0                  @ ../Src/stm32f7xx_it.c:91:0
	.fnstart
	.cfi_startproc
@ %bb.0:
	.loc	3 93 1 prologue_end     @ ../Src/stm32f7xx_it.c:93:1
	bx	lr
.Ltmp5:
.Lfunc_end5:
	.size	DebugMon_Handler, .Lfunc_end5-DebugMon_Handler
	.cfi_endproc
	.cantunwind
	.fnend
                                        @ -- End function
	.section	.text.SysTick_Handler,"ax",%progbits
	.hidden	SysTick_Handler         @ -- Begin function SysTick_Handler
	.globl	SysTick_Handler
	.p2align	2
	.type	SysTick_Handler,%function
	.code	16                      @ @SysTick_Handler
	.thumb_func
SysTick_Handler:
.Lfunc_begin6:
	.loc	3 97 0                  @ ../Src/stm32f7xx_it.c:97:0
	.fnstart
	.cfi_startproc
@ %bb.0:
	.save	{r7, lr}
	push	{r7, lr}
	.cfi_def_cfa_offset 8
	.cfi_offset lr, -4
	.cfi_offset r7, -8
.Ltmp6:
	.loc	3 98 2 prologue_end     @ ../Src/stm32f7xx_it.c:98:2
	bl	HAL_IncTick
	.loc	3 99 11                 @ ../Src/stm32f7xx_it.c:99:11
	ldr	r0, __arm_cp.6_0
	ldr	r1, [r0]
	adds	r1, #1
	str	r1, [r0]
	.loc	3 100 12                @ ../Src/stm32f7xx_it.c:100:12
	ldr	r0, __arm_cp.6_1
	ldr	r1, [r0]
	adds	r1, #1
	str	r1, [r0]
	.loc	3 101 2                 @ ../Src/stm32f7xx_it.c:101:2
	pop.w	{r7, lr}
	b	HAL_SYSTICK_IRQHandler
.Ltmp7:
	.p2align	2
@ %bb.1:
	.loc	3 0 2 is_stmt 0         @ ../Src/stm32f7xx_it.c:0:2
__arm_cp.6_0:
	.long	OS_TimeMS
.Lcpi_end0:
	.size	__arm_cp.6_0, .Lcpi_end0-__arm_cp.6_0
__arm_cp.6_1:
	.long	SystickCnt
.Lcpi_end1:
	.size	__arm_cp.6_1, .Lcpi_end1-__arm_cp.6_1
.Lfunc_end6:
	.size	SysTick_Handler, .Lfunc_end6-SysTick_Handler
	.cfi_endproc
	.cantunwind
	.fnend
                                        @ -- End function
	.section	.text.DMA2D_IRQHandler,"ax",%progbits
	.hidden	DMA2D_IRQHandler        @ -- Begin function DMA2D_IRQHandler
	.globl	DMA2D_IRQHandler
	.p2align	2
	.type	DMA2D_IRQHandler,%function
	.code	16                      @ @DMA2D_IRQHandler
	.thumb_func
DMA2D_IRQHandler:
.Lfunc_begin7:
	.loc	3 106 0 is_stmt 1       @ ../Src/stm32f7xx_it.c:106:0
	.fnstart
	.cfi_startproc
@ %bb.0:
	.save	{r7, lr}
	push	{r7, lr}
	.cfi_def_cfa_offset 8
	.cfi_offset lr, -4
	.cfi_offset r7, -8
.Ltmp8:
	.loc	3 107 2 prologue_end    @ ../Src/stm32f7xx_it.c:107:2
	ldr	r0, __arm_cp.7_0
	bl	HAL_DMA2D_IRQHandler
	.loc	3 108 14                @ ../Src/stm32f7xx_it.c:108:14
	ldr	r0, __arm_cp.7_1
	movs	r1, #2
	str	r1, [r0]
	.loc	3 109 1                 @ ../Src/stm32f7xx_it.c:109:1
	pop	{r7, pc}
.Ltmp9:
	.p2align	2
@ %bb.1:
	.loc	3 0 1 is_stmt 0         @ ../Src/stm32f7xx_it.c:0:1
__arm_cp.7_0:
	.long	hdma2d
.Lcpi_end2:
	.size	__arm_cp.7_0, .Lcpi_end2-__arm_cp.7_0
__arm_cp.7_1:
	.long	1073917960              @ 0x4002b008
.Lcpi_end3:
	.size	__arm_cp.7_1, .Lcpi_end3-__arm_cp.7_1
.Lfunc_end7:
	.size	DMA2D_IRQHandler, .Lfunc_end7-DMA2D_IRQHandler
	.cfi_endproc
	.cantunwind
	.fnend
                                        @ -- End function
	.section	.text.USART2_IRQHandler,"ax",%progbits
	.hidden	USART2_IRQHandler       @ -- Begin function USART2_IRQHandler
	.globl	USART2_IRQHandler
	.p2align	2
	.type	USART2_IRQHandler,%function
	.code	16                      @ @USART2_IRQHandler
	.thumb_func
USART2_IRQHandler:
.Lfunc_begin8:
	.loc	3 125 0 is_stmt 1       @ ../Src/stm32f7xx_it.c:125:0
	.fnstart
	.cfi_startproc
@ %bb.0:
	.loc	3 126 2 prologue_end    @ ../Src/stm32f7xx_it.c:126:2
	ldr	r0, __arm_cp.8_0
	b	HAL_UART_IRQHandler
.Ltmp10:
	.p2align	2
@ %bb.1:
	.loc	3 0 2 is_stmt 0         @ ../Src/stm32f7xx_it.c:0:2
__arm_cp.8_0:
	.long	huart2
.Lcpi_end4:
	.size	__arm_cp.8_0, .Lcpi_end4-__arm_cp.8_0
.Lfunc_end8:
	.size	USART2_IRQHandler, .Lfunc_end8-USART2_IRQHandler
	.cfi_endproc
	.cantunwind
	.fnend
                                        @ -- End function
	.section	.text.TIM3_IRQHandler,"ax",%progbits
	.hidden	TIM3_IRQHandler         @ -- Begin function TIM3_IRQHandler
	.globl	TIM3_IRQHandler
	.p2align	2
	.type	TIM3_IRQHandler,%function
	.code	16                      @ @TIM3_IRQHandler
	.thumb_func
TIM3_IRQHandler:
.Lfunc_begin9:
	.loc	3 131 0 is_stmt 1       @ ../Src/stm32f7xx_it.c:131:0
	.fnstart
	.cfi_startproc
@ %bb.0:
	.loc	3 132 2 prologue_end    @ ../Src/stm32f7xx_it.c:132:2
	ldr	r0, __arm_cp.9_0
	b	HAL_TIM_IRQHandler
.Ltmp11:
	.p2align	2
@ %bb.1:
	.loc	3 0 2 is_stmt 0         @ ../Src/stm32f7xx_it.c:0:2
__arm_cp.9_0:
	.long	htim3
.Lcpi_end5:
	.size	__arm_cp.9_0, .Lcpi_end5-__arm_cp.9_0
.Lfunc_end9:
	.size	TIM3_IRQHandler, .Lfunc_end9-TIM3_IRQHandler
	.cfi_endproc
	.cantunwind
	.fnend
                                        @ -- End function
	.section	.text.LTDC_IRQHandler,"ax",%progbits
	.hidden	LTDC_IRQHandler         @ -- Begin function LTDC_IRQHandler
	.globl	LTDC_IRQHandler
	.p2align	2
	.type	LTDC_IRQHandler,%function
	.code	16                      @ @LTDC_IRQHandler
	.thumb_func
LTDC_IRQHandler:
.Lfunc_begin10:
	.loc	3 137 0 is_stmt 1       @ ../Src/stm32f7xx_it.c:137:0
	.fnstart
	.cfi_startproc
@ %bb.0:
	.loc	3 138 2 prologue_end    @ ../Src/stm32f7xx_it.c:138:2
	ldr	r0, __arm_cp.10_0
	b	HAL_LTDC_IRQHandler
.Ltmp12:
	.p2align	2
@ %bb.1:
	.loc	3 0 2 is_stmt 0         @ ../Src/stm32f7xx_it.c:0:2
__arm_cp.10_0:
	.long	hltdc
.Lcpi_end6:
	.size	__arm_cp.10_0, .Lcpi_end6-__arm_cp.10_0
.Lfunc_end10:
	.size	LTDC_IRQHandler, .Lfunc_end10-LTDC_IRQHandler
	.cfi_endproc
	.cantunwind
	.fnend
                                        @ -- End function
	.section	.text.QUADSPI_IRQHandler,"ax",%progbits
	.hidden	QUADSPI_IRQHandler      @ -- Begin function QUADSPI_IRQHandler
	.globl	QUADSPI_IRQHandler
	.p2align	2
	.type	QUADSPI_IRQHandler,%function
	.code	16                      @ @QUADSPI_IRQHandler
	.thumb_func
QUADSPI_IRQHandler:
.Lfunc_begin11:
	.loc	3 143 0 is_stmt 1       @ ../Src/stm32f7xx_it.c:143:0
	.fnstart
	.cfi_startproc
@ %bb.0:
	.loc	3 144 2 prologue_end    @ ../Src/stm32f7xx_it.c:144:2
	ldr	r0, __arm_cp.11_0
	b	HAL_QSPI_IRQHandler
.Ltmp13:
	.p2align	2
@ %bb.1:
	.loc	3 0 2 is_stmt 0         @ ../Src/stm32f7xx_it.c:0:2
__arm_cp.11_0:
	.long	hqspi
.Lcpi_end7:
	.size	__arm_cp.11_0, .Lcpi_end7-__arm_cp.11_0
.Lfunc_end11:
	.size	QUADSPI_IRQHandler, .Lfunc_end11-QUADSPI_IRQHandler
	.cfi_endproc
	.cantunwind
	.fnend
                                        @ -- End function
	.section	.text.EXTI3_IRQHandler,"ax",%progbits
	.hidden	EXTI3_IRQHandler        @ -- Begin function EXTI3_IRQHandler
	.globl	EXTI3_IRQHandler
	.p2align	1
	.type	EXTI3_IRQHandler,%function
	.code	16                      @ @EXTI3_IRQHandler
	.thumb_func
EXTI3_IRQHandler:
.Lfunc_begin12:
	.loc	3 149 0 is_stmt 1       @ ../Src/stm32f7xx_it.c:149:0
	.fnstart
	.cfi_startproc
@ %bb.0:
	.loc	3 150 2 prologue_end    @ ../Src/stm32f7xx_it.c:150:2
	movs	r0, #8
	b	HAL_GPIO_EXTI_IRQHandler
.Ltmp14:
.Lfunc_end12:
	.size	EXTI3_IRQHandler, .Lfunc_end12-EXTI3_IRQHandler
	.cfi_endproc
	.cantunwind
	.fnend
                                        @ -- End function
	.section	.text.EXTI15_10_IRQHandler,"ax",%progbits
	.hidden	EXTI15_10_IRQHandler    @ -- Begin function EXTI15_10_IRQHandler
	.globl	EXTI15_10_IRQHandler
	.p2align	1
	.type	EXTI15_10_IRQHandler,%function
	.code	16                      @ @EXTI15_10_IRQHandler
	.thumb_func
EXTI15_10_IRQHandler:
.Lfunc_begin13:
	.loc	3 155 0                 @ ../Src/stm32f7xx_it.c:155:0
	.fnstart
	.cfi_startproc
@ %bb.0:
	.loc	3 156 2 prologue_end    @ ../Src/stm32f7xx_it.c:156:2
	mov.w	r0, #8192
	b	HAL_GPIO_EXTI_IRQHandler
.Ltmp15:
.Lfunc_end13:
	.size	EXTI15_10_IRQHandler, .Lfunc_end13-EXTI15_10_IRQHandler
	.cfi_endproc
	.cantunwind
	.fnend
                                        @ -- End function
	.section	.debug_str,"MS",%progbits,1
.Linfo_string0:
	.asciz	"Component: ARM Compiler 6.10.1 Tool: armclang [5d143200]" @ string offset=0
.Linfo_string1:
	.asciz	"../Src\\stm32f7xx_it.c" @ string offset=57
.Linfo_string2:
	.asciz	"F:\\SkyDrive\\OtvoreniProjekti\\HotelSaplast\\fw\\RoomThermostat\\DE-170518\\MDK-ARM" @ string offset=79
.Linfo_string3:
	.asciz	"long unsigned int"     @ string offset=157
.Linfo_string4:
	.asciz	"CR"                    @ string offset=175
.Linfo_string5:
	.asciz	"unsigned int"          @ string offset=178
.Linfo_string6:
	.asciz	"uint32_t"              @ string offset=191
.Linfo_string7:
	.asciz	"ISR"                   @ string offset=200
.Linfo_string8:
	.asciz	"IFCR"                  @ string offset=204
.Linfo_string9:
	.asciz	"FGMAR"                 @ string offset=209
.Linfo_string10:
	.asciz	"FGOR"                  @ string offset=215
.Linfo_string11:
	.asciz	"BGMAR"                 @ string offset=220
.Linfo_string12:
	.asciz	"BGOR"                  @ string offset=226
.Linfo_string13:
	.asciz	"FGPFCCR"               @ string offset=231
.Linfo_string14:
	.asciz	"FGCOLR"                @ string offset=239
.Linfo_string15:
	.asciz	"BGPFCCR"               @ string offset=246
.Linfo_string16:
	.asciz	"BGCOLR"                @ string offset=254
.Linfo_string17:
	.asciz	"FGCMAR"                @ string offset=261
.Linfo_string18:
	.asciz	"BGCMAR"                @ string offset=268
.Linfo_string19:
	.asciz	"OPFCCR"                @ string offset=275
.Linfo_string20:
	.asciz	"OCOLR"                 @ string offset=282
.Linfo_string21:
	.asciz	"OMAR"                  @ string offset=288
.Linfo_string22:
	.asciz	"OOR"                   @ string offset=293
.Linfo_string23:
	.asciz	"NLR"                   @ string offset=297
.Linfo_string24:
	.asciz	"LWR"                   @ string offset=301
.Linfo_string25:
	.asciz	"AMTCR"                 @ string offset=305
.Linfo_string26:
	.asciz	"RESERVED"              @ string offset=311
.Linfo_string27:
	.asciz	"sizetype"              @ string offset=320
.Linfo_string28:
	.asciz	"FGCLUT"                @ string offset=329
.Linfo_string29:
	.asciz	"BGCLUT"                @ string offset=336
.Linfo_string30:
	.asciz	"DMA2D_TypeDef"         @ string offset=343
.Linfo_string31:
	.asciz	"unsigned short"        @ string offset=357
.Linfo_string32:
	.asciz	"uint16_t"              @ string offset=372
.Linfo_string33:
	.asciz	"NMI_Handler"           @ string offset=381
.Linfo_string34:
	.asciz	"HardFault_Handler"     @ string offset=393
.Linfo_string35:
	.asciz	"MemManage_Handler"     @ string offset=411
.Linfo_string36:
	.asciz	"BusFault_Handler"      @ string offset=429
.Linfo_string37:
	.asciz	"UsageFault_Handler"    @ string offset=446
.Linfo_string38:
	.asciz	"DebugMon_Handler"      @ string offset=465
.Linfo_string39:
	.asciz	"SysTick_Handler"       @ string offset=482
.Linfo_string40:
	.asciz	"DMA2D_IRQHandler"      @ string offset=498
.Linfo_string41:
	.asciz	"USART2_IRQHandler"     @ string offset=515
.Linfo_string42:
	.asciz	"TIM3_IRQHandler"       @ string offset=533
.Linfo_string43:
	.asciz	"LTDC_IRQHandler"       @ string offset=549
.Linfo_string44:
	.asciz	"QUADSPI_IRQHandler"    @ string offset=565
.Linfo_string45:
	.asciz	"EXTI3_IRQHandler"      @ string offset=584
.Linfo_string46:
	.asciz	"EXTI15_10_IRQHandler"  @ string offset=601
	.section	.debug_abbrev,"",%progbits
	.byte	1                       @ Abbreviation Code
	.byte	17                      @ DW_TAG_compile_unit
	.byte	1                       @ DW_CHILDREN_yes
	.byte	37                      @ DW_AT_producer
	.byte	14                      @ DW_FORM_strp
	.byte	19                      @ DW_AT_language
	.byte	5                       @ DW_FORM_data2
	.byte	3                       @ DW_AT_name
	.byte	14                      @ DW_FORM_strp
	.byte	16                      @ DW_AT_stmt_list
	.byte	6                       @ DW_FORM_data4
	.byte	27                      @ DW_AT_comp_dir
	.byte	14                      @ DW_FORM_strp
	.ascii	"\264B"                 @ DW_AT_GNU_pubnames
	.byte	12                      @ DW_FORM_flag
	.byte	17                      @ DW_AT_low_pc
	.byte	1                       @ DW_FORM_addr
	.byte	85                      @ DW_AT_ranges
	.byte	6                       @ DW_FORM_data4
	.byte	0                       @ EOM(1)
	.byte	0                       @ EOM(2)
	.byte	2                       @ Abbreviation Code
	.byte	36                      @ DW_TAG_base_type
	.byte	0                       @ DW_CHILDREN_no
	.byte	3                       @ DW_AT_name
	.byte	14                      @ DW_FORM_strp
	.byte	62                      @ DW_AT_encoding
	.byte	11                      @ DW_FORM_data1
	.byte	11                      @ DW_AT_byte_size
	.byte	11                      @ DW_FORM_data1
	.byte	0                       @ EOM(1)
	.byte	0                       @ EOM(2)
	.byte	3                       @ Abbreviation Code
	.byte	15                      @ DW_TAG_pointer_type
	.byte	0                       @ DW_CHILDREN_no
	.byte	73                      @ DW_AT_type
	.byte	19                      @ DW_FORM_ref4
	.byte	0                       @ EOM(1)
	.byte	0                       @ EOM(2)
	.byte	4                       @ Abbreviation Code
	.byte	22                      @ DW_TAG_typedef
	.byte	0                       @ DW_CHILDREN_no
	.byte	73                      @ DW_AT_type
	.byte	19                      @ DW_FORM_ref4
	.byte	3                       @ DW_AT_name
	.byte	14                      @ DW_FORM_strp
	.byte	58                      @ DW_AT_decl_file
	.byte	11                      @ DW_FORM_data1
	.byte	59                      @ DW_AT_decl_line
	.byte	5                       @ DW_FORM_data2
	.byte	0                       @ EOM(1)
	.byte	0                       @ EOM(2)
	.byte	5                       @ Abbreviation Code
	.byte	19                      @ DW_TAG_structure_type
	.byte	1                       @ DW_CHILDREN_yes
	.byte	11                      @ DW_AT_byte_size
	.byte	5                       @ DW_FORM_data2
	.byte	58                      @ DW_AT_decl_file
	.byte	11                      @ DW_FORM_data1
	.byte	59                      @ DW_AT_decl_line
	.byte	5                       @ DW_FORM_data2
	.byte	0                       @ EOM(1)
	.byte	0                       @ EOM(2)
	.byte	6                       @ Abbreviation Code
	.byte	13                      @ DW_TAG_member
	.byte	0                       @ DW_CHILDREN_no
	.byte	3                       @ DW_AT_name
	.byte	14                      @ DW_FORM_strp
	.byte	73                      @ DW_AT_type
	.byte	19                      @ DW_FORM_ref4
	.byte	58                      @ DW_AT_decl_file
	.byte	11                      @ DW_FORM_data1
	.byte	59                      @ DW_AT_decl_line
	.byte	5                       @ DW_FORM_data2
	.byte	56                      @ DW_AT_data_member_location
	.byte	11                      @ DW_FORM_data1
	.byte	0                       @ EOM(1)
	.byte	0                       @ EOM(2)
	.byte	7                       @ Abbreviation Code
	.byte	13                      @ DW_TAG_member
	.byte	0                       @ DW_CHILDREN_no
	.byte	3                       @ DW_AT_name
	.byte	14                      @ DW_FORM_strp
	.byte	73                      @ DW_AT_type
	.byte	19                      @ DW_FORM_ref4
	.byte	58                      @ DW_AT_decl_file
	.byte	11                      @ DW_FORM_data1
	.byte	59                      @ DW_AT_decl_line
	.byte	5                       @ DW_FORM_data2
	.byte	56                      @ DW_AT_data_member_location
	.byte	5                       @ DW_FORM_data2
	.byte	0                       @ EOM(1)
	.byte	0                       @ EOM(2)
	.byte	8                       @ Abbreviation Code
	.byte	53                      @ DW_TAG_volatile_type
	.byte	0                       @ DW_CHILDREN_no
	.byte	73                      @ DW_AT_type
	.byte	19                      @ DW_FORM_ref4
	.byte	0                       @ EOM(1)
	.byte	0                       @ EOM(2)
	.byte	9                       @ Abbreviation Code
	.byte	22                      @ DW_TAG_typedef
	.byte	0                       @ DW_CHILDREN_no
	.byte	73                      @ DW_AT_type
	.byte	19                      @ DW_FORM_ref4
	.byte	3                       @ DW_AT_name
	.byte	14                      @ DW_FORM_strp
	.byte	58                      @ DW_AT_decl_file
	.byte	11                      @ DW_FORM_data1
	.byte	59                      @ DW_AT_decl_line
	.byte	11                      @ DW_FORM_data1
	.byte	0                       @ EOM(1)
	.byte	0                       @ EOM(2)
	.byte	10                      @ Abbreviation Code
	.byte	1                       @ DW_TAG_array_type
	.byte	1                       @ DW_CHILDREN_yes
	.byte	73                      @ DW_AT_type
	.byte	19                      @ DW_FORM_ref4
	.byte	0                       @ EOM(1)
	.byte	0                       @ EOM(2)
	.byte	11                      @ Abbreviation Code
	.byte	33                      @ DW_TAG_subrange_type
	.byte	0                       @ DW_CHILDREN_no
	.byte	73                      @ DW_AT_type
	.byte	19                      @ DW_FORM_ref4
	.byte	55                      @ DW_AT_count
	.byte	11                      @ DW_FORM_data1
	.byte	0                       @ EOM(1)
	.byte	0                       @ EOM(2)
	.byte	12                      @ Abbreviation Code
	.byte	36                      @ DW_TAG_base_type
	.byte	0                       @ DW_CHILDREN_no
	.byte	3                       @ DW_AT_name
	.byte	14                      @ DW_FORM_strp
	.byte	11                      @ DW_AT_byte_size
	.byte	11                      @ DW_FORM_data1
	.byte	62                      @ DW_AT_encoding
	.byte	11                      @ DW_FORM_data1
	.byte	0                       @ EOM(1)
	.byte	0                       @ EOM(2)
	.byte	13                      @ Abbreviation Code
	.byte	33                      @ DW_TAG_subrange_type
	.byte	0                       @ DW_CHILDREN_no
	.byte	73                      @ DW_AT_type
	.byte	19                      @ DW_FORM_ref4
	.byte	55                      @ DW_AT_count
	.byte	5                       @ DW_FORM_data2
	.byte	0                       @ EOM(1)
	.byte	0                       @ EOM(2)
	.byte	14                      @ Abbreviation Code
	.byte	46                      @ DW_TAG_subprogram
	.byte	0                       @ DW_CHILDREN_no
	.byte	17                      @ DW_AT_low_pc
	.byte	1                       @ DW_FORM_addr
	.byte	18                      @ DW_AT_high_pc
	.byte	1                       @ DW_FORM_addr
	.byte	64                      @ DW_AT_frame_base
	.byte	10                      @ DW_FORM_block1
	.byte	3                       @ DW_AT_name
	.byte	14                      @ DW_FORM_strp
	.byte	58                      @ DW_AT_decl_file
	.byte	11                      @ DW_FORM_data1
	.byte	59                      @ DW_AT_decl_line
	.byte	11                      @ DW_FORM_data1
	.byte	39                      @ DW_AT_prototyped
	.byte	12                      @ DW_FORM_flag
	.byte	63                      @ DW_AT_external
	.byte	12                      @ DW_FORM_flag
	.byte	0                       @ EOM(1)
	.byte	0                       @ EOM(2)
	.byte	0                       @ EOM(3)
	.section	.debug_info,"",%progbits
.Lcu_begin0:
	.long	707                     @ Length of Unit
	.short	3                       @ DWARF version number
	.long	.debug_abbrev           @ Offset Into Abbrev. Section
	.byte	4                       @ Address Size (in bytes)
	.byte	1                       @ Abbrev [1] 0xb:0x2bc DW_TAG_compile_unit
	.long	.Linfo_string0          @ DW_AT_producer
	.short	12                      @ DW_AT_language
	.long	.Linfo_string1          @ DW_AT_name
	.long	.Lline_table_start0     @ DW_AT_stmt_list
	.long	.Linfo_string2          @ DW_AT_comp_dir
	.byte	1                       @ DW_AT_GNU_pubnames
	.long	0                       @ DW_AT_low_pc
	.long	.Ldebug_ranges0         @ DW_AT_ranges
	.byte	2                       @ Abbrev [2] 0x27:0x7 DW_TAG_base_type
	.long	.Linfo_string3          @ DW_AT_name
	.byte	7                       @ DW_AT_encoding
	.byte	4                       @ DW_AT_byte_size
	.byte	3                       @ Abbrev [3] 0x2e:0x5 DW_TAG_pointer_type
	.long	51                      @ DW_AT_type
	.byte	4                       @ Abbrev [4] 0x33:0xc DW_TAG_typedef
	.long	63                      @ DW_AT_type
	.long	.Linfo_string30         @ DW_AT_name
	.byte	2                       @ DW_AT_decl_file
	.short	436                     @ DW_AT_decl_line
	.byte	5                       @ Abbrev [5] 0x3f:0x134 DW_TAG_structure_type
	.short	3072                    @ DW_AT_byte_size
	.byte	2                       @ DW_AT_decl_file
	.short	411                     @ DW_AT_decl_line
	.byte	6                       @ Abbrev [6] 0x45:0xd DW_TAG_member
	.long	.Linfo_string4          @ DW_AT_name
	.long	371                     @ DW_AT_type
	.byte	2                       @ DW_AT_decl_file
	.short	413                     @ DW_AT_decl_line
	.byte	0                       @ DW_AT_data_member_location
	.byte	6                       @ Abbrev [6] 0x52:0xd DW_TAG_member
	.long	.Linfo_string7          @ DW_AT_name
	.long	371                     @ DW_AT_type
	.byte	2                       @ DW_AT_decl_file
	.short	414                     @ DW_AT_decl_line
	.byte	4                       @ DW_AT_data_member_location
	.byte	6                       @ Abbrev [6] 0x5f:0xd DW_TAG_member
	.long	.Linfo_string8          @ DW_AT_name
	.long	371                     @ DW_AT_type
	.byte	2                       @ DW_AT_decl_file
	.short	415                     @ DW_AT_decl_line
	.byte	8                       @ DW_AT_data_member_location
	.byte	6                       @ Abbrev [6] 0x6c:0xd DW_TAG_member
	.long	.Linfo_string9          @ DW_AT_name
	.long	371                     @ DW_AT_type
	.byte	2                       @ DW_AT_decl_file
	.short	416                     @ DW_AT_decl_line
	.byte	12                      @ DW_AT_data_member_location
	.byte	6                       @ Abbrev [6] 0x79:0xd DW_TAG_member
	.long	.Linfo_string10         @ DW_AT_name
	.long	371                     @ DW_AT_type
	.byte	2                       @ DW_AT_decl_file
	.short	417                     @ DW_AT_decl_line
	.byte	16                      @ DW_AT_data_member_location
	.byte	6                       @ Abbrev [6] 0x86:0xd DW_TAG_member
	.long	.Linfo_string11         @ DW_AT_name
	.long	371                     @ DW_AT_type
	.byte	2                       @ DW_AT_decl_file
	.short	418                     @ DW_AT_decl_line
	.byte	20                      @ DW_AT_data_member_location
	.byte	6                       @ Abbrev [6] 0x93:0xd DW_TAG_member
	.long	.Linfo_string12         @ DW_AT_name
	.long	371                     @ DW_AT_type
	.byte	2                       @ DW_AT_decl_file
	.short	419                     @ DW_AT_decl_line
	.byte	24                      @ DW_AT_data_member_location
	.byte	6                       @ Abbrev [6] 0xa0:0xd DW_TAG_member
	.long	.Linfo_string13         @ DW_AT_name
	.long	371                     @ DW_AT_type
	.byte	2                       @ DW_AT_decl_file
	.short	420                     @ DW_AT_decl_line
	.byte	28                      @ DW_AT_data_member_location
	.byte	6                       @ Abbrev [6] 0xad:0xd DW_TAG_member
	.long	.Linfo_string14         @ DW_AT_name
	.long	371                     @ DW_AT_type
	.byte	2                       @ DW_AT_decl_file
	.short	421                     @ DW_AT_decl_line
	.byte	32                      @ DW_AT_data_member_location
	.byte	6                       @ Abbrev [6] 0xba:0xd DW_TAG_member
	.long	.Linfo_string15         @ DW_AT_name
	.long	371                     @ DW_AT_type
	.byte	2                       @ DW_AT_decl_file
	.short	422                     @ DW_AT_decl_line
	.byte	36                      @ DW_AT_data_member_location
	.byte	6                       @ Abbrev [6] 0xc7:0xd DW_TAG_member
	.long	.Linfo_string16         @ DW_AT_name
	.long	371                     @ DW_AT_type
	.byte	2                       @ DW_AT_decl_file
	.short	423                     @ DW_AT_decl_line
	.byte	40                      @ DW_AT_data_member_location
	.byte	6                       @ Abbrev [6] 0xd4:0xd DW_TAG_member
	.long	.Linfo_string17         @ DW_AT_name
	.long	371                     @ DW_AT_type
	.byte	2                       @ DW_AT_decl_file
	.short	424                     @ DW_AT_decl_line
	.byte	44                      @ DW_AT_data_member_location
	.byte	6                       @ Abbrev [6] 0xe1:0xd DW_TAG_member
	.long	.Linfo_string18         @ DW_AT_name
	.long	371                     @ DW_AT_type
	.byte	2                       @ DW_AT_decl_file
	.short	425                     @ DW_AT_decl_line
	.byte	48                      @ DW_AT_data_member_location
	.byte	6                       @ Abbrev [6] 0xee:0xd DW_TAG_member
	.long	.Linfo_string19         @ DW_AT_name
	.long	371                     @ DW_AT_type
	.byte	2                       @ DW_AT_decl_file
	.short	426                     @ DW_AT_decl_line
	.byte	52                      @ DW_AT_data_member_location
	.byte	6                       @ Abbrev [6] 0xfb:0xd DW_TAG_member
	.long	.Linfo_string20         @ DW_AT_name
	.long	371                     @ DW_AT_type
	.byte	2                       @ DW_AT_decl_file
	.short	427                     @ DW_AT_decl_line
	.byte	56                      @ DW_AT_data_member_location
	.byte	6                       @ Abbrev [6] 0x108:0xd DW_TAG_member
	.long	.Linfo_string21         @ DW_AT_name
	.long	371                     @ DW_AT_type
	.byte	2                       @ DW_AT_decl_file
	.short	428                     @ DW_AT_decl_line
	.byte	60                      @ DW_AT_data_member_location
	.byte	6                       @ Abbrev [6] 0x115:0xd DW_TAG_member
	.long	.Linfo_string22         @ DW_AT_name
	.long	371                     @ DW_AT_type
	.byte	2                       @ DW_AT_decl_file
	.short	429                     @ DW_AT_decl_line
	.byte	64                      @ DW_AT_data_member_location
	.byte	6                       @ Abbrev [6] 0x122:0xd DW_TAG_member
	.long	.Linfo_string23         @ DW_AT_name
	.long	371                     @ DW_AT_type
	.byte	2                       @ DW_AT_decl_file
	.short	430                     @ DW_AT_decl_line
	.byte	68                      @ DW_AT_data_member_location
	.byte	6                       @ Abbrev [6] 0x12f:0xd DW_TAG_member
	.long	.Linfo_string24         @ DW_AT_name
	.long	371                     @ DW_AT_type
	.byte	2                       @ DW_AT_decl_file
	.short	431                     @ DW_AT_decl_line
	.byte	72                      @ DW_AT_data_member_location
	.byte	6                       @ Abbrev [6] 0x13c:0xd DW_TAG_member
	.long	.Linfo_string25         @ DW_AT_name
	.long	371                     @ DW_AT_type
	.byte	2                       @ DW_AT_decl_file
	.short	432                     @ DW_AT_decl_line
	.byte	76                      @ DW_AT_data_member_location
	.byte	6                       @ Abbrev [6] 0x149:0xd DW_TAG_member
	.long	.Linfo_string26         @ DW_AT_name
	.long	394                     @ DW_AT_type
	.byte	2                       @ DW_AT_decl_file
	.short	433                     @ DW_AT_decl_line
	.byte	80                      @ DW_AT_data_member_location
	.byte	7                       @ Abbrev [7] 0x156:0xe DW_TAG_member
	.long	.Linfo_string28         @ DW_AT_name
	.long	413                     @ DW_AT_type
	.byte	2                       @ DW_AT_decl_file
	.short	434                     @ DW_AT_decl_line
	.short	1024                    @ DW_AT_data_member_location
	.byte	7                       @ Abbrev [7] 0x164:0xe DW_TAG_member
	.long	.Linfo_string29         @ DW_AT_name
	.long	413                     @ DW_AT_type
	.byte	2                       @ DW_AT_decl_file
	.short	435                     @ DW_AT_decl_line
	.short	2048                    @ DW_AT_data_member_location
	.byte	0                       @ End Of Children Mark
	.byte	8                       @ Abbrev [8] 0x173:0x5 DW_TAG_volatile_type
	.long	376                     @ DW_AT_type
	.byte	9                       @ Abbrev [9] 0x178:0xb DW_TAG_typedef
	.long	387                     @ DW_AT_type
	.long	.Linfo_string6          @ DW_AT_name
	.byte	1                       @ DW_AT_decl_file
	.byte	64                      @ DW_AT_decl_line
	.byte	2                       @ Abbrev [2] 0x183:0x7 DW_TAG_base_type
	.long	.Linfo_string5          @ DW_AT_name
	.byte	7                       @ DW_AT_encoding
	.byte	4                       @ DW_AT_byte_size
	.byte	10                      @ Abbrev [10] 0x18a:0xc DW_TAG_array_type
	.long	376                     @ DW_AT_type
	.byte	11                      @ Abbrev [11] 0x18f:0x6 DW_TAG_subrange_type
	.long	406                     @ DW_AT_type
	.byte	236                     @ DW_AT_count
	.byte	0                       @ End Of Children Mark
	.byte	12                      @ Abbrev [12] 0x196:0x7 DW_TAG_base_type
	.long	.Linfo_string27         @ DW_AT_name
	.byte	8                       @ DW_AT_byte_size
	.byte	7                       @ DW_AT_encoding
	.byte	10                      @ Abbrev [10] 0x19d:0xd DW_TAG_array_type
	.long	371                     @ DW_AT_type
	.byte	13                      @ Abbrev [13] 0x1a2:0x7 DW_TAG_subrange_type
	.long	406                     @ DW_AT_type
	.short	256                     @ DW_AT_count
	.byte	0                       @ End Of Children Mark
	.byte	9                       @ Abbrev [9] 0x1aa:0xb DW_TAG_typedef
	.long	437                     @ DW_AT_type
	.long	.Linfo_string32         @ DW_AT_name
	.byte	1                       @ DW_AT_decl_file
	.byte	63                      @ DW_AT_decl_line
	.byte	2                       @ Abbrev [2] 0x1b5:0x7 DW_TAG_base_type
	.long	.Linfo_string31         @ DW_AT_name
	.byte	7                       @ DW_AT_encoding
	.byte	2                       @ DW_AT_byte_size
	.byte	14                      @ Abbrev [14] 0x1bc:0x13 DW_TAG_subprogram
	.long	.Lfunc_begin0           @ DW_AT_low_pc
	.long	.Lfunc_end0             @ DW_AT_high_pc
	.byte	1                       @ DW_AT_frame_base
	.byte	93
	.long	.Linfo_string33         @ DW_AT_name
	.byte	3                       @ DW_AT_decl_file
	.byte	60                      @ DW_AT_decl_line
	.byte	1                       @ DW_AT_prototyped
	.byte	1                       @ DW_AT_external
	.byte	14                      @ Abbrev [14] 0x1cf:0x13 DW_TAG_subprogram
	.long	.Lfunc_begin1           @ DW_AT_low_pc
	.long	.Lfunc_end1             @ DW_AT_high_pc
	.byte	1                       @ DW_AT_frame_base
	.byte	93
	.long	.Linfo_string34         @ DW_AT_name
	.byte	3                       @ DW_AT_decl_file
	.byte	66                      @ DW_AT_decl_line
	.byte	1                       @ DW_AT_prototyped
	.byte	1                       @ DW_AT_external
	.byte	14                      @ Abbrev [14] 0x1e2:0x13 DW_TAG_subprogram
	.long	.Lfunc_begin2           @ DW_AT_low_pc
	.long	.Lfunc_end2             @ DW_AT_high_pc
	.byte	1                       @ DW_AT_frame_base
	.byte	93
	.long	.Linfo_string35         @ DW_AT_name
	.byte	3                       @ DW_AT_decl_file
	.byte	72                      @ DW_AT_decl_line
	.byte	1                       @ DW_AT_prototyped
	.byte	1                       @ DW_AT_external
	.byte	14                      @ Abbrev [14] 0x1f5:0x13 DW_TAG_subprogram
	.long	.Lfunc_begin3           @ DW_AT_low_pc
	.long	.Lfunc_end3             @ DW_AT_high_pc
	.byte	1                       @ DW_AT_frame_base
	.byte	93
	.long	.Linfo_string36         @ DW_AT_name
	.byte	3                       @ DW_AT_decl_file
	.byte	78                      @ DW_AT_decl_line
	.byte	1                       @ DW_AT_prototyped
	.byte	1                       @ DW_AT_external
	.byte	14                      @ Abbrev [14] 0x208:0x13 DW_TAG_subprogram
	.long	.Lfunc_begin4           @ DW_AT_low_pc
	.long	.Lfunc_end4             @ DW_AT_high_pc
	.byte	1                       @ DW_AT_frame_base
	.byte	93
	.long	.Linfo_string37         @ DW_AT_name
	.byte	3                       @ DW_AT_decl_file
	.byte	84                      @ DW_AT_decl_line
	.byte	1                       @ DW_AT_prototyped
	.byte	1                       @ DW_AT_external
	.byte	14                      @ Abbrev [14] 0x21b:0x13 DW_TAG_subprogram
	.long	.Lfunc_begin5           @ DW_AT_low_pc
	.long	.Lfunc_end5             @ DW_AT_high_pc
	.byte	1                       @ DW_AT_frame_base
	.byte	93
	.long	.Linfo_string38         @ DW_AT_name
	.byte	3                       @ DW_AT_decl_file
	.byte	90                      @ DW_AT_decl_line
	.byte	1                       @ DW_AT_prototyped
	.byte	1                       @ DW_AT_external
	.byte	14                      @ Abbrev [14] 0x22e:0x13 DW_TAG_subprogram
	.long	.Lfunc_begin6           @ DW_AT_low_pc
	.long	.Lfunc_end6             @ DW_AT_high_pc
	.byte	1                       @ DW_AT_frame_base
	.byte	93
	.long	.Linfo_string39         @ DW_AT_name
	.byte	3                       @ DW_AT_decl_file
	.byte	96                      @ DW_AT_decl_line
	.byte	1                       @ DW_AT_prototyped
	.byte	1                       @ DW_AT_external
	.byte	14                      @ Abbrev [14] 0x241:0x13 DW_TAG_subprogram
	.long	.Lfunc_begin7           @ DW_AT_low_pc
	.long	.Lfunc_end7             @ DW_AT_high_pc
	.byte	1                       @ DW_AT_frame_base
	.byte	93
	.long	.Linfo_string40         @ DW_AT_name
	.byte	3                       @ DW_AT_decl_file
	.byte	105                     @ DW_AT_decl_line
	.byte	1                       @ DW_AT_prototyped
	.byte	1                       @ DW_AT_external
	.byte	14                      @ Abbrev [14] 0x254:0x13 DW_TAG_subprogram
	.long	.Lfunc_begin8           @ DW_AT_low_pc
	.long	.Lfunc_end8             @ DW_AT_high_pc
	.byte	1                       @ DW_AT_frame_base
	.byte	93
	.long	.Linfo_string41         @ DW_AT_name
	.byte	3                       @ DW_AT_decl_file
	.byte	124                     @ DW_AT_decl_line
	.byte	1                       @ DW_AT_prototyped
	.byte	1                       @ DW_AT_external
	.byte	14                      @ Abbrev [14] 0x267:0x13 DW_TAG_subprogram
	.long	.Lfunc_begin9           @ DW_AT_low_pc
	.long	.Lfunc_end9             @ DW_AT_high_pc
	.byte	1                       @ DW_AT_frame_base
	.byte	93
	.long	.Linfo_string42         @ DW_AT_name
	.byte	3                       @ DW_AT_decl_file
	.byte	130                     @ DW_AT_decl_line
	.byte	1                       @ DW_AT_prototyped
	.byte	1                       @ DW_AT_external
	.byte	14                      @ Abbrev [14] 0x27a:0x13 DW_TAG_subprogram
	.long	.Lfunc_begin10          @ DW_AT_low_pc
	.long	.Lfunc_end10            @ DW_AT_high_pc
	.byte	1                       @ DW_AT_frame_base
	.byte	93
	.long	.Linfo_string43         @ DW_AT_name
	.byte	3                       @ DW_AT_decl_file
	.byte	136                     @ DW_AT_decl_line
	.byte	1                       @ DW_AT_prototyped
	.byte	1                       @ DW_AT_external
	.byte	14                      @ Abbrev [14] 0x28d:0x13 DW_TAG_subprogram
	.long	.Lfunc_begin11          @ DW_AT_low_pc
	.long	.Lfunc_end11            @ DW_AT_high_pc
	.byte	1                       @ DW_AT_frame_base
	.byte	93
	.long	.Linfo_string44         @ DW_AT_name
	.byte	3                       @ DW_AT_decl_file
	.byte	142                     @ DW_AT_decl_line
	.byte	1                       @ DW_AT_prototyped
	.byte	1                       @ DW_AT_external
	.byte	14                      @ Abbrev [14] 0x2a0:0x13 DW_TAG_subprogram
	.long	.Lfunc_begin12          @ DW_AT_low_pc
	.long	.Lfunc_end12            @ DW_AT_high_pc
	.byte	1                       @ DW_AT_frame_base
	.byte	93
	.long	.Linfo_string45         @ DW_AT_name
	.byte	3                       @ DW_AT_decl_file
	.byte	148                     @ DW_AT_decl_line
	.byte	1                       @ DW_AT_prototyped
	.byte	1                       @ DW_AT_external
	.byte	14                      @ Abbrev [14] 0x2b3:0x13 DW_TAG_subprogram
	.long	.Lfunc_begin13          @ DW_AT_low_pc
	.long	.Lfunc_end13            @ DW_AT_high_pc
	.byte	1                       @ DW_AT_frame_base
	.byte	93
	.long	.Linfo_string46         @ DW_AT_name
	.byte	3                       @ DW_AT_decl_file
	.byte	154                     @ DW_AT_decl_line
	.byte	1                       @ DW_AT_prototyped
	.byte	1                       @ DW_AT_external
	.byte	0                       @ End Of Children Mark
	.section	.debug_ranges,"",%progbits
.Ldebug_ranges0:
	.long	.Lfunc_begin0
	.long	.Lfunc_end0
	.long	.Lfunc_begin1
	.long	.Lfunc_end1
	.long	.Lfunc_begin2
	.long	.Lfunc_end2
	.long	.Lfunc_begin3
	.long	.Lfunc_end3
	.long	.Lfunc_begin4
	.long	.Lfunc_end4
	.long	.Lfunc_begin5
	.long	.Lfunc_end5
	.long	.Lfunc_begin6
	.long	.Lfunc_end6
	.long	.Lfunc_begin7
	.long	.Lfunc_end7
	.long	.Lfunc_begin8
	.long	.Lfunc_end8
	.long	.Lfunc_begin9
	.long	.Lfunc_end9
	.long	.Lfunc_begin10
	.long	.Lfunc_end10
	.long	.Lfunc_begin11
	.long	.Lfunc_end11
	.long	.Lfunc_begin12
	.long	.Lfunc_end12
	.long	.Lfunc_begin13
	.long	.Lfunc_end13
	.long	0
	.long	0
	.section	.debug_macinfo,"",%progbits
.Lcu_macro_begin0:
	.byte	0                       @ End Of Macro List Mark
	.section	.debug_pubnames,"",%progbits
	.long	.LpubNames_end0-.LpubNames_begin0 @ Length of Public Names Info
.LpubNames_begin0:
	.short	2                       @ DWARF Version
	.long	.Lcu_begin0             @ Offset of Compilation Unit Info
	.long	711                     @ Compilation Unit Length
	.long	653                     @ DIE offset
	.asciz	"QUADSPI_IRQHandler"    @ External Name
	.long	444                     @ DIE offset
	.asciz	"NMI_Handler"           @ External Name
	.long	501                     @ DIE offset
	.asciz	"BusFault_Handler"      @ External Name
	.long	482                     @ DIE offset
	.asciz	"MemManage_Handler"     @ External Name
	.long	615                     @ DIE offset
	.asciz	"TIM3_IRQHandler"       @ External Name
	.long	558                     @ DIE offset
	.asciz	"SysTick_Handler"       @ External Name
	.long	691                     @ DIE offset
	.asciz	"EXTI15_10_IRQHandler"  @ External Name
	.long	596                     @ DIE offset
	.asciz	"USART2_IRQHandler"     @ External Name
	.long	520                     @ DIE offset
	.asciz	"UsageFault_Handler"    @ External Name
	.long	539                     @ DIE offset
	.asciz	"DebugMon_Handler"      @ External Name
	.long	634                     @ DIE offset
	.asciz	"LTDC_IRQHandler"       @ External Name
	.long	577                     @ DIE offset
	.asciz	"DMA2D_IRQHandler"      @ External Name
	.long	672                     @ DIE offset
	.asciz	"EXTI3_IRQHandler"      @ External Name
	.long	463                     @ DIE offset
	.asciz	"HardFault_Handler"     @ External Name
	.long	0                       @ End Mark
.LpubNames_end0:
	.section	.debug_pubtypes,"",%progbits
	.long	.LpubTypes_end0-.LpubTypes_begin0 @ Length of Public Types Info
.LpubTypes_begin0:
	.short	2                       @ DWARF Version
	.long	.Lcu_begin0             @ Offset of Compilation Unit Info
	.long	711                     @ Compilation Unit Length
	.long	39                      @ DIE offset
	.asciz	"long unsigned int"     @ External Name
	.long	51                      @ DIE offset
	.asciz	"DMA2D_TypeDef"         @ External Name
	.long	426                     @ DIE offset
	.asciz	"uint16_t"              @ External Name
	.long	376                     @ DIE offset
	.asciz	"uint32_t"              @ External Name
	.long	437                     @ DIE offset
	.asciz	"unsigned short"        @ External Name
	.long	387                     @ DIE offset
	.asciz	"unsigned int"          @ External Name
	.long	0                       @ End Mark
.LpubTypes_end0:

	.ident	"Component: ARM Compiler 6.10.1 Tool: armclang [5d143200]"
	.section	".note.GNU-stack","",%progbits
	.eabi_attribute	30, 4	@ Tag_ABI_optimization_goals
	.ARM_attribute	16, 1	@ Tag_AV_eba
	.section	.debug_line,"",%progbits
.Lline_table_start0:
