<html>
<body>
<pre>
<h1>µVision Build Log</h1>
<h2>Tool Versions:</h2>
IDE-Version: µVision V5.26.0.0
Copyright (C) 2018 ARM Ltd and ARM Germany GmbH. All rights reserved.
License Information: no_first_name no_last_name, no_comp, LIC=0VRHL-0QCX2-KTC3H-WSK78-PN10B-YPAEH
 
Tool Versions:
Toolchain:       MDK-ARM Professional  Version: 5.26.0.0
Toolchain Path:  C:\Keil\ARM\ARMCC\Bin
C Compiler:      Armcc.exe V5.06 update 6 (build 750)
Assembler:       Armasm.exe V5.06 update 6 (build 750)
Linker/Locator:  ArmLink.exe V5.06 update 6 (build 750)
Library Manager: ArmAr.exe V5.06 update 6 (build 750)
Hex Converter:   FromElf.exe V5.06 update 6 (build 750)
CPU DLL:         SARMCM3.DLL V5.26.0.0
Dialog DLL:      DCM.DLL V1.17.1.0
Target DLL:      STLink\ST-LINKIII-KEIL_SWO.dll V3.0.1.0
Dialog DLL:      TCM.DLL V1.35.3.0
 
<h2>Project:</h2>
F:\SkyDrive\OtvoreniProjekti\HotelSaplast\fw\RoomThermostat\ST_LinkExternalLoader_N25Q128\MDK-ARM\Project.uvprojx
Project File Date:  07/07/2018

<h2>Output:</h2>
*** Using Compiler 'V5.06 update 6 (build 750)', folder: 'C:\Keil\ARM\ARMCC\Bin'
Rebuild target 'N25Q128A_LDR'
compiling Dev_Inf.c...
compiling stm32f7xx_hal_cortex.c...
compiling stm32f7xx_hal.c...
compiling stm32f7xx_hal_pwr_ex.c...
compiling Loader_Src.c...
compiling stm32f7xx_hal_pwr.c...
compiling stm32f7xx_hal_gpio.c...
compiling stm32f7xx_hal_qspi.c...
compiling stm32f7xx_hal_msp.c...
compiling stm32f7xx_hal_dma.c...
compiling stm32f7xx_hal_rcc.c...
compiling system_stm32f7xx.c...
compiling stm32f7xx_hal_rcc_ex.c...
linking...
.\N25Q128A_LDR.axf: Warning: L6305W: Image does not have an entry point. (Not specified or not set due to multiple choices.)
Program Size: Code=18136 RO-data=232 RW-data=20 ZI-data=156  
Finished: 0 information, 1 warning and 0 error messages.
FromELF: creating hex file...
After Build - User command #1: cmd.exe /C copy ".\N25Q128A_LDR.axf" "..\..\N25Q128A_LDR.stldr"
        1 file(s) copied.
".\N25Q128A_LDR.axf" - 0 Error(s), 1 Warning(s).

<h2>Software Packages used:</h2>

Package Vendor: Keil
                http://www.keil.com/pack/Keil.STM32F7xx_DFP.2.10.0.pack
                Keil.STM32F7xx_DFP.2.10.0
                STMicroelectronics STM32F7 Series Device Support, Drivers and Examples

<h2>Collection of Component include folders:</h2>
  .\RTE\_N25Q128A_LDR
  C:\Keil\ARM\PACK\Keil\STM32F7xx_DFP\2.10.0\Drivers\CMSIS\Device\ST\STM32F7xx\Include

<h2>Collection of Component Files used:</h2>
Build Time Elapsed:  00:00:42
</pre>
</body>
</html>
