<html>
<body>
<pre>
<h1>µVision Build Log</h1>
<h2>Tool Versions:</h2>
IDE-Version: µVision V5.25.0.0
Copyright (C) 2017 ARM Ltd and ARM Germany GmbH. All rights reserved.
License Information: no_first_name no_last_name, no_compny, LIC=TA3WF-61DXT-9XAUW-QQM5A-SQ46R-CN0X0
 
Tool Versions:
Toolchain:       MDK-ARM Professional  Version: 5.25.0.0
Toolchain Path:  C:\Keil\ARM\ARMCLANG\Bin
C Compiler:      ArmClang.exe V6.9
Assembler:       Armasm.exe V6.9
Linker/Locator:  ArmLink.exe V6.9
Library Manager: ArmAr.exe V6.9
Hex Converter:   FromElf.exe V6.9
CPU DLL:         SARMCM3.DLL V5.25.0.0
Dialog DLL:      DCM.DLL V1.17.0.0
Target DLL:      STLink\ST-LINKIII-KEIL_SWO.dll V3.0.1.0
Dialog DLL:      TCM.DLL V1.34.0.0
 
<h2>Project:</h2>
F:\SkyDrive\OtvoreniProjekti\HotelSaplast\fw\RoomThermostat\DE-020717\MDK-ARM\DE-020717.uvprojx
Project File Date:  04/21/2018

<h2>Output:</h2>
*** Using Compiler 'V6.9', folder: 'C:\Keil\ARM\ARMCLANG\Bin'
Rebuild target 'DE020717'
compiling ft5336.c...
compiling wm8994.c...
compiling system_stm32f7xx.c...
compiling stm32746g.c...
compiling stm32746g_audio.c...
compiling stm32746g_eeprom.c...
compiling stm32746g_qspi.c...
compiling stm32746g_sdram.c...
compiling stm32746g_ts.c...
compiling stm32f7xx_hal.c...
compiling stm32f7xx_hal_adc.c...
compiling stm32f7xx_hal_adc_ex.c...
compiling stm32f7xx_hal_dsi.c...
compiling stm32f7xx_hal_cortex.c...
compiling stm32f7xx_hal_flash.c...
compiling stm32f7xx_hal_dma.c...
compiling stm32f7xx_hal_flash_ex.c...
compiling stm32f7xx_hal_gpio.c...
compiling stm32f7xx_hal_i2c_ex.c...
compiling stm32f7xx_hal_ltdc_ex.c...
compiling stm32f7xx_hal_ltdc.c...
compiling stm32f7xx_hal_pwr.c...
compiling stm32f7xx_hal_i2c.c...
compiling stm32f7xx_hal_pwr_ex.c...
compiling stm32f7xx_hal_rcc.c...
compiling stm32f7xx_hal_rcc_ex.c...
compiling stm32f7xx_hal_rtc.c...
compiling stm32f7xx_hal_sdram.c...
compiling stm32f7xx_hal_rtc_ex.c...
compiling stm32f7xx_hal_tim_ex.c...
compiling stm32f7xx_hal_tim.c...
compiling stm32f7xx_hal_dma2d.c...
compiling stm32f7xx_hal_uart.c...
compiling stm32f7xx_ll_fmc.c...
compiling stm32f7xx_hal_crc_ex.c...
compiling stm32f7xx_hal_crc.c...
compiling stm32f7xx_hal_usart.c...
compiling GUIConf.c...
compiling stm32f7xx_hal_i2s.c...
compiling stm32f7xx_hal_sai.c...
compiling stm32f7xx_hal_qspi.c...
compiling GUI_X.c...
compiling LCDConf.c...
compiling alarm_clock_clasic.c...
compiling alarm_clock_cosmic.c...
compiling alarm_clock_samsung.c...
compiling alarm_clock_iphon.c...
compiling alarm_clock_melodic.c...
compiling fire_alarm_hard.c...
compiling fire_alarm_soft.c...
compiling Font23S_AA4.c...
compiling door_bell_dingdong.c...
compiling Font23SL_AA4.c...
compiling Font32S_AA4.c...
compiling Font32SL_AA4.c...
compiling home_icon.c...
compiling weather_icon.c...
compiling alarm_clock_icon.c...
compiling button_round.c...
compiling button_round_pessed.c...
compiling sos_alarm_entry.c...
compiling sun_with_cloud_image.c...
compiling bckgnd_forecast.c...
compiling knob_decorate_ring.c...
assembling startup_stm32f746xx.s...
compiling bckgnd_thermostat.c...
compiling door_bell_animation.c...
compiling stm32f7xx_it.c...
compiling waveplayer.c...
compiling thermostat.c...
compiling one_wire.c...
compiling common.c...
compiling main.c...
compiling display.c...
linking...
Program Size: Code=116276 RO-data=4778804 RW-data=2098972 ZI-data=166004  
".\DE-020717\Exe\DE-020717.axf" - 0 Error(s), 0 Warning(s).

<h2>Software Packages used:</h2>

Package Vendor: ARM
                http://www.keil.com/pack/ARM.CMSIS.5.3.0.pack
                ARM.CMSIS.5.3.0
                CMSIS (Cortex Microcontroller Software Interface Standard)
   * Component: CORE Version: 5.1.1

Package Vendor: Keil
                http://www.keil.com/pack/Keil.STM32F7xx_DFP.2.9.0.pack
                Keil.STM32F7xx_DFP.2.9.0
                STMicroelectronics STM32F7 Series Device Support, Drivers and Examples

<h2>Collection of Component include folders:</h2>
  .\RTE\_DE020717
  C:\Keil\ARM\PACK\ARM\CMSIS\5.3.0\CMSIS\Include
  C:\Keil\ARM\PACK\Keil\STM32F7xx_DFP\2.9.0\Drivers\CMSIS\Device\ST\STM32F7xx\Include

<h2>Collection of Component Files used:</h2>

   * Component: ARM::CMSIS:CORE:5.1.1
Build Time Elapsed:  00:00:13
</pre>
</body>
</html>
