<html>
<body>
<pre>
<h1>µVision Build Log</h1>
<h2>Tool Versions:</h2>
IDE-Version: µVision V5.26.0.0
Copyright (C) 2018 ARM Ltd and ARM Germany GmbH. All rights reserved.
License Information: no_first_name no_last_name, no_comp, LIC=0VRHL-0QCX2-KTC3H-WSK78-PN10B-YPAEH
 
Tool Versions:
Toolchain:       MDK-ARM Professional  Version: 5.26.0.0
Toolchain Path:  C:\Keil\ARM\ARMCLANG\Bin
C Compiler:      ArmClang.exe V6.10.1
Assembler:       Armasm.exe V6.10.1
Linker/Locator:  ArmLink.exe V6.10.1
Library Manager: ArmAr.exe V6.10.1
Hex Converter:   FromElf.exe V6.10.1
CPU DLL:         SARMCM3.DLL V5.26.0.0
Dialog DLL:      DCM.DLL V1.17.1.0
Target DLL:      STLink\ST-LINKIII-KEIL_SWO.dll V3.0.1.0
Dialog DLL:      TCM.DLL V1.35.3.0
 
<h2>Project:</h2>
C:\Users\eldar\Desktop\Termo\fw\DE-170518\MDK-ARM\DE-170518.uvprojx
Project File Date:  07/10/2018

<h2>Output:</h2>
*** Using Compiler 'V6.10.1', folder: 'C:\Keil\ARM\ARMCLANG\Bin'
Rebuild target 'DE-170518'
compiling ft5336.c...
compiling wm8994.c...
compiling stm32746g_ts.c...
compiling stm32746g_sdram.c...
compiling stm32746g_eeprom.c...
compiling system_stm32f7xx.c...
compiling stm32746g_qspi.c...
compiling stm32746g.c...
compiling stm32f7xx_hal.c...
compiling stm32f7xx_hal_dsi.c...
compiling stm32f7xx_hal_cortex.c...
compiling stm32f7xx_hal_adc_ex.c...
compiling stm32f7xx_hal_flash_ex.c...
compiling stm32f7xx_hal_dma.c...
compiling stm32f7xx_hal_flash.c...
compiling stm32f7xx_hal_adc.c...
compiling stm32f7xx_hal_gpio.c...
compiling stm32f7xx_hal_i2c_ex.c...
compiling stm32f7xx_hal_ltdc_ex.c...
compiling stm32f7xx_hal_pwr.c...
compiling stm32f7xx_hal_pwr_ex.c...
compiling stm32f7xx_hal_rcc.c...
compiling stm32f7xx_hal_ltdc.c...
compiling stm32f7xx_hal_rcc_ex.c...
compiling stm32f7xx_hal_rtc.c...
compiling stm32f7xx_hal_i2c.c...
compiling stm32f7xx_hal_sdram.c...
compiling stm32f7xx_hal_rtc_ex.c...
compiling stm32f7xx_hal_dma2d.c...
compiling stm32f7xx_hal_tim_ex.c...
compiling stm32f7xx_hal_uart.c...
compiling stm32f7xx_hal_crc.c...
compiling stm32f7xx_ll_fmc.c...
compiling stm32f7xx_hal_crc_ex.c...
compiling stm32f7xx_hal_tim.c...
compiling stm32f7xx_hal_usart.c...
compiling GUIConf.c...
compiling GUI_X.c...
compiling Font23S_AA4.c...
compiling stm32f7xx_hal_i2s.c...
compiling stm32f7xx_hal_qspi.c...
compiling Font23SL_AA4.c...
compiling stm32f7xx_hal_sai.c...
compiling Font32S_AA4.c...
compiling LCDConf.c...
compiling Font32SL_AA4.c...
compiling number_0.c...
compiling number_3.c...
compiling number_2.c...
compiling number_1.c...
compiling number_4.c...
compiling number_8.c...
compiling number_7.c...
compiling number_6.c...
compiling number_5.c...
compiling number_9.c...
assembling startup_stm32f746xx.s...
compiling maid_call_assert.c...
compiling reset_sos_assert.c...
compiling do_not_disturb_assert.c...
compiling stm32f7xx_it.c...
compiling thermostat.c...
compiling background_0.c...
compiling common.c...
compiling message_2.c...
compiling message_1.c...
compiling display.c...
compiling one_wire.c...
compiling main.c...
linking...
Program Size: Code=86116 RO-data=524992 RW-data=2098032 ZI-data=157528  
FromELF: creating hex file...
".\DE-170518\Exe\DE-170518.axf" - 0 Error(s), 0 Warning(s).

<h2>Software Packages used:</h2>

Package Vendor: ARM
                http://www.keil.com/pack/ARM.CMSIS.5.3.0.pack
                ARM.CMSIS.5.3.0
                CMSIS (Cortex Microcontroller Software Interface Standard)
   * Component: CORE Version: 5.1.1

Package Vendor: Keil
                http://www.keil.com/pack/Keil.STM32F7xx_DFP.2.10.0.pack
                Keil.STM32F7xx_DFP.2.10.0
                STMicroelectronics STM32F7 Series Device Support, Drivers and Examples

<h2>Collection of Component include folders:</h2>
  .\RTE\_DE-170518
  C:\Keil\ARM\PACK\ARM\CMSIS\5.3.0\CMSIS\Include
  C:\Keil\ARM\PACK\Keil\STM32F7xx_DFP\2.10.0\Drivers\CMSIS\Device\ST\STM32F7xx\Include

<h2>Collection of Component Files used:</h2>

   * Component: ARM::CMSIS:CORE:5.1.1
Build Time Elapsed:  00:00:14
</pre>
</body>
</html>
